Archive member included to satisfy reference by file (symbol)

/home/innok/piano_stm32/libopencm3/lib/libopencm3_stm32f4.a(gpio_common_all.o)
                              main.o (gpio_clear)
/home/innok/piano_stm32/libopencm3/lib/libopencm3_stm32f4.a(gpio_common_f0234.o)
                              main.o (gpio_mode_setup)
/home/innok/piano_stm32/libopencm3/lib/libopencm3_stm32f4.a(rcc_common_all.o)
                              main.o (rcc_periph_clock_enable)
/home/innok/piano_stm32/libopencm3/lib/libopencm3_stm32f4.a(rcc.o)
                              main.o (rcc_clock_setup_pll)
/home/innok/piano_stm32/libopencm3/lib/libopencm3_stm32f4.a(timer_common_all.o)
                              main.o (timer_enable_irq)
/home/innok/piano_stm32/libopencm3/lib/libopencm3_stm32f4.a(usart_common_all.o)
                              main.o (usart_set_baudrate)
/home/innok/piano_stm32/libopencm3/lib/libopencm3_stm32f4.a(usart_common_f124.o)
                              /home/innok/piano_stm32/libopencm3/lib/libopencm3_stm32f4.a(usart_common_all.o) (usart_send)
/home/innok/piano_stm32/libopencm3/lib/libopencm3_stm32f4.a(vector.o)
                              (reset_handler)
/home/innok/piano_stm32/libopencm3/lib/libopencm3_stm32f4.a(nvic.o)
                              main.o (nvic_enable_irq)
/home/innok/piano_stm32/libopencm3/lib/libopencm3_stm32f4.a(flash_common_all.o)
                              /home/innok/piano_stm32/libopencm3/lib/libopencm3_stm32f4.a(rcc.o) (flash_set_ws)
/home/innok/piano_stm32/libopencm3/lib/libopencm3_stm32f4.a(flash_common_idcache.o)
                              /home/innok/piano_stm32/libopencm3/lib/libopencm3_stm32f4.a(rcc.o) (flash_dcache_enable)
/home/innok/piano_stm32/libopencm3/lib/libopencm3_stm32f4.a(pwr.o)
                              /home/innok/piano_stm32/libopencm3/lib/libopencm3_stm32f4.a(rcc.o) (pwr_set_vos_scale)
/opt/gcc-arm-none-eabi/bin/../lib/gcc/arm-none-eabi/13.3.1/../../../../arm-none-eabi/lib/thumb/v7e-m+fp/hard/libc.a(libc_a-sprintf.o)
                              main.o (sprintf)
/opt/gcc-arm-none-eabi/bin/../lib/gcc/arm-none-eabi/13.3.1/../../../../arm-none-eabi/lib/thumb/v7e-m+fp/hard/libc.a(libc_a-memset.o)
                              main.o (memset)
/opt/gcc-arm-none-eabi/bin/../lib/gcc/arm-none-eabi/13.3.1/../../../../arm-none-eabi/lib/thumb/v7e-m+fp/hard/libc.a(libc_a-impure.o)
                              /opt/gcc-arm-none-eabi/bin/../lib/gcc/arm-none-eabi/13.3.1/../../../../arm-none-eabi/lib/thumb/v7e-m+fp/hard/libc.a(libc_a-sprintf.o) (_impure_ptr)
/opt/gcc-arm-none-eabi/bin/../lib/gcc/arm-none-eabi/13.3.1/../../../../arm-none-eabi/lib/thumb/v7e-m+fp/hard/libc.a(libc_a-findfp.o)
                              /opt/gcc-arm-none-eabi/bin/../lib/gcc/arm-none-eabi/13.3.1/../../../../arm-none-eabi/lib/thumb/v7e-m+fp/hard/libc.a(libc_a-impure.o) (__sf)
/opt/gcc-arm-none-eabi/bin/../lib/gcc/arm-none-eabi/13.3.1/../../../../arm-none-eabi/lib/thumb/v7e-m+fp/hard/libc.a(libc_a-svfprintf.o)
                              /opt/gcc-arm-none-eabi/bin/../lib/gcc/arm-none-eabi/13.3.1/../../../../arm-none-eabi/lib/thumb/v7e-m+fp/hard/libc.a(libc_a-sprintf.o) (_svfprintf_r)
/opt/gcc-arm-none-eabi/bin/../lib/gcc/arm-none-eabi/13.3.1/../../../../arm-none-eabi/lib/thumb/v7e-m+fp/hard/libc.a(libc_a-strlen.o)
                              /opt/gcc-arm-none-eabi/bin/../lib/gcc/arm-none-eabi/13.3.1/../../../../arm-none-eabi/lib/thumb/v7e-m+fp/hard/libc.a(libc_a-svfprintf.o) (strlen)
/opt/gcc-arm-none-eabi/bin/../lib/gcc/arm-none-eabi/13.3.1/../../../../arm-none-eabi/lib/thumb/v7e-m+fp/hard/libc.a(libc_a-stdio.o)
                              /opt/gcc-arm-none-eabi/bin/../lib/gcc/arm-none-eabi/13.3.1/../../../../arm-none-eabi/lib/thumb/v7e-m+fp/hard/libc.a(libc_a-findfp.o) (__sread)
/opt/gcc-arm-none-eabi/bin/../lib/gcc/arm-none-eabi/13.3.1/../../../../arm-none-eabi/lib/thumb/v7e-m+fp/hard/libc.a(libc_a-mallocr.o)
                              /opt/gcc-arm-none-eabi/bin/../lib/gcc/arm-none-eabi/13.3.1/../../../../arm-none-eabi/lib/thumb/v7e-m+fp/hard/libc.a(libc_a-findfp.o) (_malloc_r)
/opt/gcc-arm-none-eabi/bin/../lib/gcc/arm-none-eabi/13.3.1/../../../../arm-none-eabi/lib/thumb/v7e-m+fp/hard/libc.a(libc_a-wcrtomb.o)
                              /opt/gcc-arm-none-eabi/bin/../lib/gcc/arm-none-eabi/13.3.1/../../../../arm-none-eabi/lib/thumb/v7e-m+fp/hard/libc.a(libc_a-svfprintf.o) (_wcrtomb_r)
/opt/gcc-arm-none-eabi/bin/../lib/gcc/arm-none-eabi/13.3.1/../../../../arm-none-eabi/lib/thumb/v7e-m+fp/hard/libc.a(libc_a-sbrkr.o)
                              /opt/gcc-arm-none-eabi/bin/../lib/gcc/arm-none-eabi/13.3.1/../../../../arm-none-eabi/lib/thumb/v7e-m+fp/hard/libc.a(libc_a-mallocr.o) (_sbrk_r)
/opt/gcc-arm-none-eabi/bin/../lib/gcc/arm-none-eabi/13.3.1/../../../../arm-none-eabi/lib/thumb/v7e-m+fp/hard/libc.a(libc_a-writer.o)
[...]
Memory Configuration

Name             Origin             Length             Attributes
rom              0x08000000         0x00040000         xr
ram              0x20000000         0x00010000         xrw
*default*        0x00000000         0xffffffff

Linker script and memory map

LOAD main.o
LOAD /home/innok/piano_stm32/libopencm3/lib/libopencm3_stm32f4.a
START GROUP
LOAD /opt/gcc-arm-none-eabi/bin/../lib/gcc/arm-none-eabi/13.3.1/../../../../arm-none-eabi/lib/thumb/v7e-m+fp/hard/libc.a
LOAD /opt/gcc-arm-none-eabi/bin/../lib/gcc/arm-none-eabi/13.3.1/thumb/v7e-m+fp/hard/libgcc.a
LOAD /opt/gcc-arm-none-eabi/bin/../lib/gcc/arm-none-eabi/13.3.1/../../../../arm-none-eabi/lib/thumb/v7e-m+fp/hard/libnosys.a
END GROUP
START GROUP
LOAD /opt/gcc-arm-none-eabi/bin/../lib/gcc/arm-none-eabi/13.3.1/thumb/v7e-m+fp/hard/libgcc.a
LOAD /opt/gcc-arm-none-eabi/bin/../lib/gcc/arm-none-eabi/13.3.1/../../../../arm-none-eabi/lib/thumb/v7e-m+fp/hard/libg.a
LOAD /opt/gcc-arm-none-eabi/bin/../lib/gcc/arm-none-eabi/13.3.1/../../../../arm-none-eabi/lib/thumb/v7e-m+fp/hard/libc.a
END GROUP

.text           0x08000000      0xb78
 *(.vectors)
 .vectors       0x08000000      0x1ac /home/innok/piano_stm32/libopencm3/lib/libopencm3_stm32f4.a(vector.o)
                0x08000000                vector_table
 *(.text*)
 .text.tim2_isr
                0x080001ac      0x118 main.o
                0x080001ac                tim2_isr
 .text.gpio_setup
                0x080002c4       0x68 main.o
                0x080002c4                gpio_setup
 .text.timer_setup
                0x0800032c       0x44 main.o
                0x0800032c                timer_setup
 .text.usart_setup
                0x08000370       0x60 main.o
                0x08000370                usart_setup
 .text.piano_device_init
                0x080003d0       0x50 main.o
                0x080003d0                piano_device_init
 .text.startup.main
                0x08000420       0x5c main.o
                0x08000420                main
 .text.gpio_clear
                0x0800047c        0x6 /home/innok/piano_stm32/libopencm3/lib/libopencm3_stm32f4.a(gpio_common_all.o)
                0x0800047c                gpio_clear
 .text.gpio_mode_setup
                0x08000482       0x40 /home/innok/piano_stm32/libopencm3/lib/libopencm3_stm32f4.a(gpio_common_f0234.o)
                0x08000482                gpio_mode_setup
 .text.gpio_set_af
                0x080004c2       0x58 /home/innok/piano_stm32/libopencm3/lib/libopencm3_stm32f4.a(gpio_common_f0234.o)
                0x080004c2                gpio_set_af
 .text.rcc_periph_clock_enable
                0x0800051a       0x1a /home/innok/piano_stm32/libopencm3/lib/libopencm3_stm32f4.a(rcc_common_all.o)
                0x0800051a                rcc_periph_clock_enable
 .text.rcc_is_osc_ready
                0x08000534       0x64 /home/innok/piano_stm32/libopencm3/lib/libopencm3_stm32f4.a(rcc.o)
                0x08000534                rcc_is_osc_ready
 .text.rcc_wait_for_osc_ready
                0x08000598       0x10 /home/innok/piano_stm32/libopencm3/lib/libopencm3_stm32f4.a(rcc.o)
                0x08000598                rcc_wait_for_osc_ready
 .text.rcc_osc_on
                0x080005a8       0x74 /home/innok/piano_stm32/libopencm3/lib/libopencm3_stm32f4.a(rcc.o)
                0x080005a8                rcc_osc_on
 .text.rcc_osc_off
                0x0800061c       0x74 /home/innok/piano_stm32/libopencm3/lib/libopencm3_stm32f4.a(rcc.o)
                0x0800061c                rcc_osc_off
 .text.rcc_set_sysclk_source
                0x08000690       0x18 /home/innok/piano_stm32/libopencm3/lib/libopencm3_stm32f4.a(rcc.o)
                0x08000690                rcc_set_sysclk_source
 .text.rcc_set_ppre2
                0x080006a8       0x18 /home/innok/piano_stm32/libopencm3/lib/libopencm3_stm32f4.a(rcc.o)
                0x080006a8                rcc_set_ppre2
 .text.rcc_set_ppre1
                0x080006c0       0x18 /home/innok/piano_stm32/libopencm3/lib/libopencm3_stm32f4.a(rcc.o)
                0x080006c0                rcc_set_ppre1
 .text.rcc_set_hpre
                0x080006d8       0x18 /home/innok/piano_stm32/libopencm3/lib/libopencm3_stm32f4.a(rcc.o)
                0x080006d8                rcc_set_hpre
 .text.rcc_set_main_pll_hsi
                0x080006f0       0x44 /home/innok/piano_stm32/libopencm3/lib/libopencm3_stm32f4.a(rcc.o)
                0x080006f0                rcc_set_main_pll_hsi
 .text.rcc_set_main_pll_hse
                0x08000734       0x44 /home/innok/piano_stm32/libopencm3/lib/libopencm3_stm32f4.a(rcc.o)
                0x08000734                rcc_set_main_pll_hse
 .text.rcc_clock_setup_pll
                0x08000778       0xe4 /home/innok/piano_stm32/libopencm3/lib/libopencm3_stm32f4.a(rcc.o)
                0x08000778                rcc_clock_setup_pll
 .text.rcc_get_usart_clk_freq
                0x0800085c       0x20 /home/innok/piano_stm32/libopencm3/lib/libopencm3_stm32f4.a(rcc.o)
                0x0800085c                rcc_get_usart_clk_freq
 .text.timer_enable_irq
                0x0800087c        0x8 /home/innok/piano_stm32/libopencm3/lib/libopencm3_stm32f4.a(timer_common_all.o)
                0x0800087c                timer_enable_irq
 .text.timer_disable_irq
                0x08000884        0xa /home/innok/piano_stm32/libopencm3/lib/libopencm3_stm32f4.a(timer_common_all.o)
                0x08000884                timer_disable_irq
 .text.timer_clear_flag
                0x0800088e        0x6 /home/innok/piano_stm32/libopencm3/lib/libopencm3_stm32f4.a(timer_common_all.o)
                0x0800088e                timer_clear_flag
 .text.timer_enable_counter
                0x08000894        0xa /home/innok/piano_stm32/libopencm3/lib/libopencm3_stm32f4.a(timer_common_all.o)
                0x08000894                timer_enable_counter
 .text.timer_set_prescaler
                0x0800089e        0x4 /home/innok/piano_stm32/libopencm3/lib/libopencm3_stm32f4.a(timer_common_all.o)
                0x0800089e                timer_set_prescaler
 .text.timer_set_period
                0x080008a2        0x4 /home/innok/piano_stm32/libopencm3/lib/libopencm3_stm32f4.a(timer_common_all.o)
                0x080008a2                timer_set_period
 .text.usart_set_baudrate
                0x080008a6       0x16 /home/innok/piano_stm32/libopencm3/lib/libopencm3_stm32f4.a(usart_common_all.o)
                0x080008a6                usart_set_baudrate
 .text.usart_set_databits
                0x080008bc       0x12 /home/innok/piano_stm32/libopencm3/lib/libopencm3_stm32f4.a(usart_common_all.o)
                0x080008bc                usart_set_databits
 .text.usart_set_stopbits
                0x080008ce        0xc /home/innok/piano_stm32/libopencm3/lib/libopencm3_stm32f4.a(usart_common_all.o)
                0x080008ce                usart_set_stopbits
 .text.usart_set_parity
                0x080008da        0xc /home/innok/piano_stm32/libopencm3/lib/libopencm3_stm32f4.a(usart_common_all.o)
                0x080008da                usart_set_parity
 .text.usart_set_mode
                0x080008e6        0xc /home/innok/piano_stm32/libopencm3/lib/libopencm3_stm32f4.a(usart_common_all.o)
                0x080008e6                usart_set_mode
 .text.usart_set_flow_control
                0x080008f2        0xc /home/innok/piano_stm32/libopencm3/lib/libopencm3_stm32f4.a(usart_common_all.o)
                0x080008f2                usart_set_flow_control
 .text.usart_enable
                0x080008fe        0xa /home/innok/piano_stm32/libopencm3/lib/libopencm3_stm32f4.a(usart_common_all.o)
                0x080008fe                usart_enable
 .text.usart_send_blocking
                0x08000908       0x16 /home/innok/piano_stm32/libopencm3/lib/libopencm3_stm32f4.a(usart_common_all.o)
                0x08000908                usart_send_blocking
 .text.usart_send
                0x0800091e        0x8 /home/innok/piano_stm32/libopencm3/lib/libopencm3_stm32f4.a(usart_common_f124.o)
                0x0800091e                usart_send
 .text.usart_wait_send_ready
                0x08000926        0x8 /home/innok/piano_stm32/libopencm3/lib/libopencm3_stm32f4.a(usart_common_f124.o)
                0x08000926                usart_wait_send_ready
 .text.blocking_handler
                0x0800092e        0x2 /home/innok/piano_stm32/libopencm3/lib/libopencm3_stm32f4.a(vector.o)
                0x0800092e                dma2_stream1_isr
                0x0800092e                tim8_brk_tim12_isr
                0x0800092e                dma1_stream7_isr
                0x0800092e                usart3_isr
                0x0800092e                tim7_isr
                0x0800092e                dma2d_isr
                0x0800092e                uart8_isr
                0x0800092e                dma1_stream2_isr
                0x0800092e                otg_hs_isr
                0x0800092e                blocking_handler
                0x0800092e                tim5_isr
                0x0800092e                rtc_wkup_isr
                0x0800092e                otg_fs_isr
                0x0800092e                spi1_isr
                0x0800092e                i2c3_er_isr
                0x0800092e                exti2_isr
                0x0800092e                spi5_isr
                0x0800092e                usb_fs_wkup_isr
                0x0800092e                tamp_stamp_isr
                0x0800092e                can1_rx1_isr
                0x0800092e                dma2_stream0_isr
                0x0800092e                usart1_isr
                0x0800092e                i2c3_ev_isr
                0x0800092e                usage_fault_handler
                0x0800092e                can2_rx0_isr
                0x0800092e                dma1_stream6_isr
                0x0800092e                can2_rx1_isr
                0x0800092e                can1_sce_isr
                0x0800092e                tim1_cc_isr
                0x0800092e                can1_tx_isr
                0x0800092e                tim1_up_tim10_isr
                0x0800092e                sdio_isr
                0x0800092e                eth_isr
                0x0800092e                spi6_isr
                0x0800092e                dma2_stream5_isr
                0x0800092e                pvd_isr
                0x0800092e                can1_rx0_isr
                0x0800092e                rcc_isr
                0x0800092e                dma2_stream3_isr
                0x0800092e                flash_isr
                0x0800092e                uart4_isr
                0x0800092e                lcd_tft_isr
                0x0800092e                rtc_alarm_isr
                0x0800092e                exti15_10_isr
                0x0800092e                hash_rng_isr
                0x0800092e                tim1_trg_com_tim11_isr
                0x0800092e                hard_fault_handler
                0x0800092e                exti1_isr
                0x0800092e                i2c1_ev_isr
                0x0800092e                usart6_isr
                0x0800092e                spi2_isr
                0x0800092e                cryp_isr
                0x0800092e                nvic_wwdg_isr
                0x0800092e                dma1_stream1_isr
                0x0800092e                dma2_stream4_isr
                0x0800092e                exti3_isr
                0x0800092e                tim3_isr
                0x0800092e                usart2_isr
                0x0800092e                sai1_isr
                0x0800092e                fpu_isr
                0x0800092e                dma1_stream4_isr
                0x0800092e                i2c2_er_isr
                0x0800092e                i2c2_ev_isr
                0x0800092e                uart5_isr
                0x0800092e                dma2_stream6_isr
                0x0800092e                spi4_isr
                0x0800092e                adc_isr
                0x0800092e                dma2_stream7_isr
                0x0800092e                tim8_up_tim13_isr
                0x0800092e                fsmc_isr
                0x0800092e                exti4_isr
                0x0800092e                tim6_dac_isr
                0x0800092e                dma1_stream3_isr
                0x0800092e                tim8_trg_com_tim14_isr
                0x0800092e                mem_manage_handler
                0x0800092e                lcd_tft_err_isr
                0x0800092e                can2_tx_isr
                0x0800092e                exti9_5_isr
                0x0800092e                tim1_brk_tim9_isr
                0x0800092e                uart7_isr
                0x0800092e                can2_sce_isr
                0x0800092e                tim4_isr
                0x0800092e                otg_hs_wkup_isr
                0x0800092e                i2c1_er_isr
                0x0800092e                dma1_stream0_isr
                0x0800092e                tim8_cc_isr
                0x0800092e                dcmi_isr
                0x0800092e                dma2_stream2_isr
                0x0800092e                eth_wkup_isr
                0x0800092e                bus_fault_handler
                0x0800092e                otg_hs_ep1_out_isr
                0x0800092e                spi3_isr
                0x0800092e                dma1_stream5_isr
                0x0800092e                otg_hs_ep1_in_isr
                0x0800092e                exti0_isr
 .text.null_handler
                0x08000930        0x2 /home/innok/piano_stm32/libopencm3/lib/libopencm3_stm32f4.a(vector.o)
                0x08000930                null_handler
                0x08000930                sv_call_handler
                0x08000930                pend_sv_handler
                0x08000930                debug_monitor_handler
                0x08000930                sys_tick_handler
                0x08000930                nmi_handler
 *fill*         0x08000932        0x2 
 .text.reset_handler
                0x08000934       0xa0 /home/innok/piano_stm32/libopencm3/lib/libopencm3_stm32f4.a(vector.o)
                0x08000934                reset_handler
 .text.nvic_enable_irq
                0x080009d4       0x18 /home/innok/piano_stm32/libopencm3/lib/libopencm3_stm32f4.a(nvic.o)
                0x080009d4                nvic_enable_irq
 .text.flash_set_ws
                0x080009ec       0x18 /home/innok/piano_stm32/libopencm3/lib/libopencm3_stm32f4.a(flash_common_all.o)
                0x080009ec                flash_set_ws
 .text.flash_dcache_enable
                0x08000a04       0x14 /home/innok/piano_stm32/libopencm3/lib/libopencm3_stm32f4.a(flash_common_idcache.o)
                0x08000a04                flash_dcache_enable
 .text.flash_dcache_disable
                0x08000a18       0x14 /home/innok/piano_stm32/libopencm3/lib/libopencm3_stm32f4.a(flash_common_idcache.o)
                0x08000a18                flash_dcache_disable
 .text.flash_icache_enable
                0x08000a2c       0x14 /home/innok/piano_stm32/libopencm3/lib/libopencm3_stm32f4.a(flash_common_idcache.o)
                0x08000a2c                flash_icache_enable
 .text.flash_icache_disable
                0x08000a40       0x14 /home/innok/piano_stm32/libopencm3/lib/libopencm3_stm32f4.a(flash_common_idcache.o)
                0x08000a40                flash_icache_disable
 .text.pwr_set_vos_scale
                0x08000a54       0x10 /home/innok/piano_stm32/libopencm3/lib/libopencm3_stm32f4.a(pwr.o)
                0x08000a54                pwr_set_vos_scale
 .text.memset   0x08000a64       0xa4 /opt/gcc-arm-none-eabi/bin/../lib/gcc/arm-none-eabi/13.3.1/../../../../arm-none-eabi/lib/thumb/v7e-m+fp/hard/libc.a(libc_a-memset.o)
                0x08000a64                memset
                0x08000b08                        . = ALIGN (0x4)
 *(.rodata*)
 .rodata.rcc_hse_25mhz_3v3
                0x08000b08       0x70 /home/innok/piano_stm32/libopencm3/lib/libopencm3_stm32f4.a(rcc.o)
                0x08000b08                rcc_hse_25mhz_3v3
                0x08000b78                        . = ALIGN (0x4)

.glue_7         0x08000b78        0x0
 .glue_7        0x08000b78        0x0 linker stubs

.glue_7t        0x08000b78        0x0
 .glue_7t       0x08000b78        0x0 linker stubs

.vfp11_veneer   0x08000b78        0x0
 .vfp11_veneer  0x08000b78        0x0 linker stubs

.v4_bx          0x08000b78        0x0
 .v4_bx         0x08000b78        0x0 linker stubs

.iplt           0x08000b78        0x0
 .iplt          0x08000b78        0x0 main.o

.rel.dyn        0x08000b78        0x0
 .rel.iplt      0x08000b78        0x0 main.o

.preinit_array  0x08000b78        0x0
                0x08000b78                        . = ALIGN (0x4)
                0x08000b78                        __preinit_array_start = .
 *(.preinit_array)
                0x08000b78                        __preinit_array_end = .

.init_array     0x08000b78        0x0
                0x08000b78                        . = ALIGN (0x4)
                0x08000b78                        __init_array_start = .
 *(SORT_BY_NAME(.init_array.*))
 *(.init_array)
                0x08000b78                        __init_array_end = .

.fini_array     0x08000b78        0x0
                0x08000b78                        . = ALIGN (0x4)
                0x08000b78                        __fini_array_start = .
 *(.fini_array)
 *(SORT_BY_NAME(.fini_array.*))
                0x08000b78                        __fini_array_end = .

.ARM.extab
 *(.ARM.extab*)

.ARM.exidx      0x08000b78        0x0
                0x08000b78                        __exidx_start = .
 *(.ARM.exidx*)
                0x08000b78                        __exidx_end = .
                0x08000b78                        . = ALIGN (0x4)
                0x08000b78                        _etext = .

.noinit
 *(.noinit*)
                0x08000b78                        . = ALIGN (0x4)

.data           0x20000000        0xc load address 0x08000b78
                0x20000000                        _data = .
 *(.data*)
 .data.rcc_apb2_frequency
                0x20000000        0x4 /home/innok/piano_stm32/libopencm3/lib/libopencm3_stm32f4.a(rcc.o)
                0x20000000                rcc_apb2_frequency
 .data.rcc_apb1_frequency
                0x20000004        0x4 /home/innok/piano_stm32/libopencm3/lib/libopencm3_stm32f4.a(rcc.o)
                0x20000004                rcc_apb1_frequency
 .data.rcc_ahb_frequency
                0x20000008        0x4 /home/innok/piano_stm32/libopencm3/lib/libopencm3_stm32f4.a(rcc.o)
                0x20000008                rcc_ahb_frequency
 *(.ramtext*)
                0x2000000c                        . = ALIGN (0x4)
                0x2000000c                        _edata = .
                0x08000b78                        _data_loadaddr = LOADADDR (.data)

.igot.plt       0x2000000c        0x0 load address 0x08000b84
 .igot.plt      0x2000000c        0x0 main.o

.bss            0x2000000c     0x1bac load address 0x08000b84
 *(.bss*)
 .bss.key_event_arr.0
                0x2000000c     0x15e0 main.o
 .bss.piano_dev
                0x200015ec      0x5c8 main.o
 .bss.irq_timer_cnt
                0x20001bb4        0x4 main.o
                0x20001bb4                irq_timer_cnt
 *(COMMON)
                0x20001bb8                        . = ALIGN (0x4)
                0x20001bb8                        _ebss = .

/DISCARD/
 *(.eh_frame)
                0x20001bb8                        . = ALIGN (0x4)
                0x20001bb8                        end = .
                0x20010000                        PROVIDE (_stack = (ORIGIN (ram) + LENGTH (ram)))
OUTPUT(main.elf elf32-littlearm)
LOAD linker stubs

.debug_info     0x00000000     0x4dda
 .debug_info    0x00000000     0x10cc main.o
 .debug_info    0x000010cc      0x256 /home/innok/piano_stm32/libopencm3/lib/libopencm3_stm32f4.a(gpio_common_all.o)
 .debug_info    0x00001322      0x21b /home/innok/piano_stm32/libopencm3/lib/libopencm3_stm32f4.a(gpio_common_f0234.o)
 .debug_info    0x0000153d      0x932 /home/innok/piano_stm32/libopencm3/lib/libopencm3_stm32f4.a(rcc_common_all.o)
 .debug_info    0x00001e6f      0xfa1 /home/innok/piano_stm32/libopencm3/lib/libopencm3_stm32f4.a(rcc.o)
 .debug_info    0x00002e10     0x1004 /home/innok/piano_stm32/libopencm3/lib/libopencm3_stm32f4.a(timer_common_all.o)
 .debug_info    0x00003e14      0x665 /home/innok/piano_stm32/libopencm3/lib/libopencm3_stm32f4.a(usart_common_all.o)
 .debug_info    0x00004479      0x192 /home/innok/piano_stm32/libopencm3/lib/libopencm3_stm32f4.a(usart_common_f124.o)
 .debug_info    0x0000460b      0x2d9 /home/innok/piano_stm32/libopencm3/lib/libopencm3_stm32f4.a(vector.o)
 .debug_info    0x000048e4      0x239 /home/innok/piano_stm32/libopencm3/lib/libopencm3_stm32f4.a(nvic.o)
 .debug_info    0x00004b1d       0xf1 /home/innok/piano_stm32/libopencm3/lib/libopencm3_stm32f4.a(flash_common_all.o)
 .debug_info    0x00004c0e       0xe9 /home/innok/piano_stm32/libopencm3/lib/libopencm3_stm32f4.a(flash_common_idcache.o)
 .debug_info    0x00004cf7       0xe3 /home/innok/piano_stm32/libopencm3/lib/libopencm3_stm32f4.a(pwr.o)

.debug_abbrev   0x00000000     0x10a0
 .debug_abbrev  0x00000000      0x2c7 main.o
 .debug_abbrev  0x000002c7      0x115 /home/innok/piano_stm32/libopencm3/lib/libopencm3_stm32f4.a(gpio_common_all.o)
 .debug_abbrev  0x000003dc       0xc2 /home/innok/piano_stm32/libopencm3/lib/libopencm3_stm32f4.a(gpio_common_f0234.o)
 .debug_abbrev  0x0000049e      0x185 /home/innok/piano_stm32/libopencm3/lib/libopencm3_stm32f4.a(rcc_common_all.o)
 .debug_abbrev  0x00000623      0x2da /home/innok/piano_stm32/libopencm3/lib/libopencm3_stm32f4.a(rcc.o)
 .debug_abbrev  0x000008fd      0x1ac /home/innok/piano_stm32/libopencm3/lib/libopencm3_stm32f4.a(timer_common_all.o)
 .debug_abbrev  0x00000aa9      0x1a9 /home/innok/piano_stm32/libopencm3/lib/libopencm3_stm32f4.a(usart_common_all.o)
 .debug_abbrev  0x00000c52       0xb6 /home/innok/piano_stm32/libopencm3/lib/libopencm3_stm32f4.a(usart_common_f124.o)
 .debug_abbrev  0x00000d08      0x15f /home/innok/piano_stm32/libopencm3/lib/libopencm3_stm32f4.a(vector.o)
 .debug_abbrev  0x00000e67       0xb6 /home/innok/piano_stm32/libopencm3/lib/libopencm3_stm32f4.a(nvic.o)
 .debug_abbrev  0x00000f1d       0x96 /home/innok/piano_stm32/libopencm3/lib/libopencm3_stm32f4.a(flash_common_all.o)
 .debug_abbrev  0x00000fb3       0x56 /home/innok/piano_stm32/libopencm3/lib/libopencm3_stm32f4.a(flash_common_idcache.o)
 .debug_abbrev  0x00001009       0x97 /home/innok/piano_stm32/libopencm3/lib/libopencm3_stm32f4.a(pwr.o)

.debug_loclists
                0x00000000      0xed4
 .debug_loclists
                0x00000000      0x1ae main.o
 .debug_loclists
                0x000001ae       0x96 /home/innok/piano_stm32/libopencm3/lib/libopencm3_stm32f4.a(gpio_common_all.o)
 .debug_loclists
                0x00000244       0xf9 /home/innok/piano_stm32/libopencm3/lib/libopencm3_stm32f4.a(gpio_common_f0234.o)
 .debug_loclists
                0x0000033d       0x87 /home/innok/piano_stm32/libopencm3/lib/libopencm3_stm32f4.a(rcc_common_all.o)
 .debug_loclists
                0x000003c4      0x52f /home/innok/piano_stm32/libopencm3/lib/libopencm3_stm32f4.a(rcc.o)
 .debug_loclists
                0x000008f3      0x1d5 /home/innok/piano_stm32/libopencm3/lib/libopencm3_stm32f4.a(timer_common_all.o)
 .debug_loclists
                0x00000ac8      0x18e /home/innok/piano_stm32/libopencm3/lib/libopencm3_stm32f4.a(usart_common_all.o)
 .debug_loclists
                0x00000c56       0x79 /home/innok/piano_stm32/libopencm3/lib/libopencm3_stm32f4.a(usart_common_f124.o)
 .debug_loclists
                0x00000ccf       0xb6 /home/innok/piano_stm32/libopencm3/lib/libopencm3_stm32f4.a(vector.o)
 .debug_loclists
                0x00000d85      0x111 /home/innok/piano_stm32/libopencm3/lib/libopencm3_stm32f4.a(nvic.o)
 .debug_loclists
                0x00000e96       0x17 /home/innok/piano_stm32/libopencm3/lib/libopencm3_stm32f4.a(flash_common_all.o)
 .debug_loclists
                0x00000ead       0x27 /home/innok/piano_stm32/libopencm3/lib/libopencm3_stm32f4.a(pwr.o)

.debug_aranges  0x00000000      0x748
 .debug_aranges
                0x00000000       0x60 main.o
 .debug_aranges
                0x00000060       0x50 /home/innok/piano_stm32/libopencm3/lib/libopencm3_stm32f4.a(gpio_common_all.o)
 .debug_aranges
                0x000000b0       0x30 /home/innok/piano_stm32/libopencm3/lib/libopencm3_stm32f4.a(gpio_common_f0234.o)
 .debug_aranges
                0x000000e0       0x80 /home/innok/piano_stm32/libopencm3/lib/libopencm3_stm32f4.a(rcc_common_all.o)
 .debug_aranges
                0x00000160      0x110 /home/innok/piano_stm32/libopencm3/lib/libopencm3_stm32f4.a(rcc.o)
 .debug_aranges
                0x00000270      0x278 /home/innok/piano_stm32/libopencm3/lib/libopencm3_stm32f4.a(timer_common_all.o)
 .debug_aranges
                0x000004e8       0xf0 /home/innok/piano_stm32/libopencm3/lib/libopencm3_stm32f4.a(usart_common_all.o)
 .debug_aranges
                0x000005d8       0x40 /home/innok/piano_stm32/libopencm3/lib/libopencm3_stm32f4.a(usart_common_f124.o)
 .debug_aranges
                0x00000618       0x30 /home/innok/piano_stm32/libopencm3/lib/libopencm3_stm32f4.a(vector.o)
 .debug_aranges
                0x00000648       0x60 /home/innok/piano_stm32/libopencm3/lib/libopencm3_stm32f4.a(nvic.o)
 .debug_aranges
                0x000006a8       0x38 /home/innok/piano_stm32/libopencm3/lib/libopencm3_stm32f4.a(flash_common_all.o)
 .debug_aranges
                0x000006e0       0x48 /home/innok/piano_stm32/libopencm3/lib/libopencm3_stm32f4.a(flash_common_idcache.o)
 .debug_aranges
                0x00000728       0x20 /home/innok/piano_stm32/libopencm3/lib/libopencm3_stm32f4.a(pwr.o)

.debug_rnglists
                0x00000000      0x5bb
 .debug_rnglists
                0x00000000       0xae main.o
 .debug_rnglists
                0x000000ae       0x37 /home/innok/piano_stm32/libopencm3/lib/libopencm3_stm32f4.a(gpio_common_all.o)
 .debug_rnglists
                0x000000e5       0x1f /home/innok/piano_stm32/libopencm3/lib/libopencm3_stm32f4.a(gpio_common_f0234.o)
 .debug_rnglists
                0x00000104       0x5b /home/innok/piano_stm32/libopencm3/lib/libopencm3_stm32f4.a(rcc_common_all.o)
 .debug_rnglists
                0x0000015f       0xe0 /home/innok/piano_stm32/libopencm3/lib/libopencm3_stm32f4.a(rcc.o)
 .debug_rnglists
                0x0000023f      0x1d6 /home/innok/piano_stm32/libopencm3/lib/libopencm3_stm32f4.a(timer_common_all.o)
 .debug_rnglists
                0x00000415       0xaf /home/innok/piano_stm32/libopencm3/lib/libopencm3_stm32f4.a(usart_common_all.o)
 .debug_rnglists
                0x000004c4       0x2b /home/innok/piano_stm32/libopencm3/lib/libopencm3_stm32f4.a(usart_common_f124.o)
 .debug_rnglists
                0x000004ef       0x20 /home/innok/piano_stm32/libopencm3/lib/libopencm3_stm32f4.a(vector.o)
 .debug_rnglists
                0x0000050f       0x43 /home/innok/piano_stm32/libopencm3/lib/libopencm3_stm32f4.a(nvic.o)
 .debug_rnglists
                0x00000552       0x25 /home/innok/piano_stm32/libopencm3/lib/libopencm3_stm32f4.a(flash_common_all.o)
 .debug_rnglists
                0x00000577       0x31 /home/innok/piano_stm32/libopencm3/lib/libopencm3_stm32f4.a(flash_common_idcache.o)
 .debug_rnglists
                0x000005a8       0x13 /home/innok/piano_stm32/libopencm3/lib/libopencm3_stm32f4.a(pwr.o)

.debug_macro    0x00000000     0x605c
 .debug_macro   0x00000000      0x29a main.o
 .debug_macro   0x0000029a      0xacc main.o
 .debug_macro   0x00000d66       0x1c main.o
 .debug_macro   0x00000d82       0x22 main.o
 .debug_macro   0x00000da4       0x56 main.o
 .debug_macro   0x00000dfa       0x51 main.o
 .debug_macro   0x00000e4b      0x103 main.o
 .debug_macro   0x00000f4e       0x6a main.o
 .debug_macro   0x00000fb8      0x1df main.o
 .debug_macro   0x00001197       0x22 main.o
 .debug_macro   0x000011b9       0xe8 main.o
 .debug_macro   0x000012a1       0x76 main.o
 .debug_macro   0x00001317      0x280 main.o
 .debug_macro   0x00001597       0x8e main.o
 .debug_macro   0x00001625       0x46 main.o
 .debug_macro   0x0000166b      0xcea main.o
 .debug_macro   0x00002355       0x76 main.o
 .debug_macro   0x000023cb      0x37e main.o
 .debug_macro   0x00002749       0xca main.o
 .debug_macro   0x00002813      0xf7d main.o
 .debug_macro   0x00003790       0x52 main.o
 .debug_macro   0x000037e2       0xee main.o
 .debug_macro   0x000038d0       0x28 main.o
 .debug_macro   0x000038f8       0x94 main.o
 .debug_macro   0x0000398c      0x29e main.o
 .debug_macro   0x00003c2a       0xa0 main.o
 .debug_macro   0x00003cca       0x6e main.o
 .debug_macro   0x00003d38      0x22c main.o
 .debug_macro   0x00003f64       0x6f main.o
 .debug_macro   0x00003fd3       0x2a main.o
 .debug_macro   0x00003ffd       0x7b main.o
 .debug_macro   0x00004078       0x3c main.o
 .debug_macro   0x000040b4       0x34 main.o
 .debug_macro   0x000040e8       0x16 main.o
 .debug_macro   0x000040fe      0x11c main.o
 .debug_macro   0x0000421a       0x94 main.o
 .debug_macro   0x000042ae      0x38c main.o
 .debug_macro   0x0000463a       0x16 main.o
 .debug_macro   0x00004650       0x4a main.o
 .debug_macro   0x0000469a       0x34 main.o
 .debug_macro   0x000046ce       0x10 main.o
 .debug_macro   0x000046de       0x58 main.o
 .debug_macro   0x00004736      0x1e5 main.o
 .debug_macro   0x0000491b       0x22 main.o
 .debug_macro   0x0000493d       0x1c main.o
 .debug_macro   0x00004959       0x3c main.o
 .debug_macro   0x00004995       0x10 main.o
 .debug_macro   0x000049a5       0x16 main.o
 .debug_macro   0x000049bb       0x16 main.o
 .debug_macro   0x000049d1      0x12a main.o
 .debug_macro   0x00004afb       0x22 main.o
 .debug_macro   0x00004b1d       0xd1 /home/innok/piano_stm32/libopencm3/lib/libopencm3_stm32f4.a(gpio_common_all.o)
 .debug_macro   0x00004bee       0xd1 /home/innok/piano_stm32/libopencm3/lib/libopencm3_stm32f4.a(gpio_common_f0234.o)
 .debug_macro   0x00004cbf       0xf0 /home/innok/piano_stm32/libopencm3/lib/libopencm3_stm32f4.a(rcc_common_all.o)
 .debug_macro   0x00004daf      0x124 /home/innok/piano_stm32/libopencm3/lib/libopencm3_stm32f4.a(rcc.o)
 .debug_macro   0x00004ed3       0x16 /home/innok/piano_stm32/libopencm3/lib/libopencm3_stm32f4.a(rcc.o)
 .debug_macro   0x00004ee9       0x1c /home/innok/piano_stm32/libopencm3/lib/libopencm3_stm32f4.a(rcc.o)
 .debug_macro   0x00004f05      0x143 /home/innok/piano_stm32/libopencm3/lib/libopencm3_stm32f4.a(rcc.o)
 .debug_macro   0x00005048       0x10 /home/innok/piano_stm32/libopencm3/lib/libopencm3_stm32f4.a(rcc.o)
 .debug_macro   0x00005058       0xf0 /home/innok/piano_stm32/libopencm3/lib/libopencm3_stm32f4.a(timer_common_all.o)
 .debug_macro   0x00005148      0x10b /home/innok/piano_stm32/libopencm3/lib/libopencm3_stm32f4.a(usart_common_all.o)
 .debug_macro   0x00005253      0x10b /home/innok/piano_stm32/libopencm3/lib/libopencm3_stm32f4.a(usart_common_f124.o)
 .debug_macro   0x0000535e       0xd3 /home/innok/piano_stm32/libopencm3/lib/libopencm3_stm32f4.a(vector.o)
 .debug_macro   0x00005431      0x452 /home/innok/piano_stm32/libopencm3/lib/libopencm3_stm32f4.a(vector.o)
 .debug_macro   0x00005883       0xb3 /home/innok/piano_stm32/libopencm3/lib/libopencm3_stm32f4.a(nvic.o)
 .debug_macro   0x00005936       0x68 /home/innok/piano_stm32/libopencm3/lib/libopencm3_stm32f4.a(nvic.o)
 .debug_macro   0x0000599e      0x458 /home/innok/piano_stm32/libopencm3/lib/libopencm3_stm32f4.a(nvic.o)
 .debug_macro   0x00005df6       0xd7 /home/innok/piano_stm32/libopencm3/lib/libopencm3_stm32f4.a(flash_common_all.o)
 .debug_macro   0x00005ecd       0xd7 /home/innok/piano_stm32/libopencm3/lib/libopencm3_stm32f4.a(flash_common_idcache.o)
 .debug_macro   0x00005fa4       0xb8 /home/innok/piano_stm32/libopencm3/lib/libopencm3_stm32f4.a(pwr.o)

.debug_line     0x00000000     0x4b72
 .debug_line    0x00000000      0x914 main.o
 .debug_line    0x00000914      0x3a8 /home/innok/piano_stm32/libopencm3/lib/libopencm3_stm32f4.a(gpio_common_all.o)
 .debug_line    0x00000cbc      0x483 /home/innok/piano_stm32/libopencm3/lib/libopencm3_stm32f4.a(gpio_common_f0234.o)
 .debug_line    0x0000113f      0x446 /home/innok/piano_stm32/libopencm3/lib/libopencm3_stm32f4.a(rcc_common_all.o)
 .debug_line    0x00001585      0xaaf /home/innok/piano_stm32/libopencm3/lib/libopencm3_stm32f4.a(rcc.o)
 .debug_line    0x00002034     0x1092 /home/innok/piano_stm32/libopencm3/lib/libopencm3_stm32f4.a(timer_common_all.o)
 .debug_line    0x000030c6      0x682 /home/innok/piano_stm32/libopencm3/lib/libopencm3_stm32f4.a(usart_common_all.o)
 .debug_line    0x00003748      0x39f /home/innok/piano_stm32/libopencm3/lib/libopencm3_stm32f4.a(usart_common_f124.o)
 .debug_line    0x00003ae7      0x3dc /home/innok/piano_stm32/libopencm3/lib/libopencm3_stm32f4.a(vector.o)
 .debug_line    0x00003ec3      0x381 /home/innok/piano_stm32/libopencm3/lib/libopencm3_stm32f4.a(nvic.o)
 .debug_line    0x00004244      0x348 /home/innok/piano_stm32/libopencm3/lib/libopencm3_stm32f4.a(flash_common_all.o)
 .debug_line    0x0000458c      0x361 /home/innok/piano_stm32/libopencm3/lib/libopencm3_stm32f4.a(flash_common_idcache.o)
 .debug_line    0x000048ed      0x285 /home/innok/piano_stm32/libopencm3/lib/libopencm3_stm32f4.a(pwr.o)

.debug_str      0x00000000    0x187cb
 .debug_str     0x00000000    0x187cb main.o
                              0x146f7 (size before relaxing)
 .debug_str     0x000187cb     0x66fa /home/innok/piano_stm32/libopencm3/lib/libopencm3_stm32f4.a(gpio_common_all.o)
 .debug_str     0x000187cb     0x671c /home/innok/piano_stm32/libopencm3/lib/libopencm3_stm32f4.a(gpio_common_f0234.o)
 .debug_str     0x000187cb     0x9ab9 /home/innok/piano_stm32/libopencm3/lib/libopencm3_stm32f4.a(rcc_common_all.o)
 .debug_str     0x000187cb     0xa32e /home/innok/piano_stm32/libopencm3/lib/libopencm3_stm32f4.a(rcc.o)
 .debug_str     0x000187cb     0xdd5d /home/innok/piano_stm32/libopencm3/lib/libopencm3_stm32f4.a(timer_common_all.o)
 .debug_str     0x000187cb     0xa57b /home/innok/piano_stm32/libopencm3/lib/libopencm3_stm32f4.a(usart_common_all.o)
 .debug_str     0x000187cb     0xa2e7 /home/innok/piano_stm32/libopencm3/lib/libopencm3_stm32f4.a(usart_common_f124.o)
 .debug_str     0x000187cb     0x6faf /home/innok/piano_stm32/libopencm3/lib/libopencm3_stm32f4.a(vector.o)
 .debug_str     0x000187cb     0x622f /home/innok/piano_stm32/libopencm3/lib/libopencm3_stm32f4.a(nvic.o)
 .debug_str     0x000187cb     0x5a51 /home/innok/piano_stm32/libopencm3/lib/libopencm3_stm32f4.a(flash_common_all.o)
 .debug_str     0x000187cb     0x5a73 /home/innok/piano_stm32/libopencm3/lib/libopencm3_stm32f4.a(flash_common_idcache.o)
 .debug_str     0x000187cb     0x56cd /home/innok/piano_stm32/libopencm3/lib/libopencm3_stm32f4.a(pwr.o)

.comment        0x00000000       0x45
 .comment       0x00000000       0x45 main.o
                                 0x46 (size before relaxing)
 .comment       0x00000045       0x46 /home/innok/piano_stm32/libopencm3/lib/libopencm3_stm32f4.a(gpio_common_all.o)
 .comment       0x00000045       0x46 /home/innok/piano_stm32/libopencm3/lib/libopencm3_stm32f4.a(gpio_common_f0234.o)
 .comment       0x00000045       0x46 /home/innok/piano_stm32/libopencm3/lib/libopencm3_stm32f4.a(rcc_common_all.o)
 .comment       0x00000045       0x46 /home/innok/piano_stm32/libopencm3/lib/libopencm3_stm32f4.a(rcc.o)
 .comment       0x00000045       0x46 /home/innok/piano_stm32/libopencm3/lib/libopencm3_stm32f4.a(timer_common_all.o)
 .comment       0x00000045       0x46 /home/innok/piano_stm32/libopencm3/lib/libopencm3_stm32f4.a(usart_common_all.o)
 .comment       0x00000045       0x46 /home/innok/piano_stm32/libopencm3/lib/libopencm3_stm32f4.a(usart_common_f124.o)
 .comment       0x00000045       0x46 /home/innok/piano_stm32/libopencm3/lib/libopencm3_stm32f4.a(vector.o)
 .comment       0x00000045       0x46 /home/innok/piano_stm32/libopencm3/lib/libopencm3_stm32f4.a(nvic.o)
 .comment       0x00000045       0x46 /home/innok/piano_stm32/libopencm3/lib/libopencm3_stm32f4.a(flash_common_all.o)
 .comment       0x00000045       0x46 /home/innok/piano_stm32/libopencm3/lib/libopencm3_stm32f4.a(flash_common_idcache.o)
 .comment       0x00000045       0x46 /home/innok/piano_stm32/libopencm3/lib/libopencm3_stm32f4.a(pwr.o)

.ARM.attributes
                0x00000000       0x32
 .ARM.attributes
                0x00000000       0x34 main.o
 .ARM.attributes
                0x00000034       0x34 /home/innok/piano_stm32/libopencm3/lib/libopencm3_stm32f4.a(gpio_common_all.o)
 .ARM.attributes
                0x00000068       0x34 /home/innok/piano_stm32/libopencm3/lib/libopencm3_stm32f4.a(gpio_common_f0234.o)
 .ARM.attributes
                0x0000009c       0x34 /home/innok/piano_stm32/libopencm3/lib/libopencm3_stm32f4.a(rcc_common_all.o)
 .ARM.attributes
                0x000000d0       0x34 /home/innok/piano_stm32/libopencm3/lib/libopencm3_stm32f4.a(rcc.o)
 .ARM.attributes
                0x00000104       0x34 /home/innok/piano_stm32/libopencm3/lib/libopencm3_stm32f4.a(timer_common_all.o)
 .ARM.attributes
                0x00000138       0x34 /home/innok/piano_stm32/libopencm3/lib/libopencm3_stm32f4.a(usart_common_all.o)
 .ARM.attributes
                0x0000016c       0x34 /home/innok/piano_stm32/libopencm3/lib/libopencm3_stm32f4.a(usart_common_f124.o)
 .ARM.attributes
                0x000001a0       0x34 /home/innok/piano_stm32/libopencm3/lib/libopencm3_stm32f4.a(vector.o)
 .ARM.attributes
                0x000001d4       0x34 /home/innok/piano_stm32/libopencm3/lib/libopencm3_stm32f4.a(nvic.o)
 .ARM.attributes
                0x00000208       0x34 /home/innok/piano_stm32/libopencm3/lib/libopencm3_stm32f4.a(flash_common_all.o)
 .ARM.attributes
                0x0000023c       0x34 /home/innok/piano_stm32/libopencm3/lib/libopencm3_stm32f4.a(flash_common_idcache.o)
 .ARM.attributes
                0x00000270       0x34 /home/innok/piano_stm32/libopencm3/lib/libopencm3_stm32f4.a(pwr.o)
 .ARM.attributes
                0x000002a4       0x34 /opt/gcc-arm-none-eabi/bin/../lib/gcc/arm-none-eabi/13.3.1/../../../../arm-none-eabi/lib/thumb/v7e-m+fp/hard/libc.a(libc_a-memset.o)

.debug_frame    0x00000000      0xe54
 .debug_frame   0x00000000      0x134 main.o
 .debug_frame   0x00000134       0x80 /home/innok/piano_stm32/libopencm3/lib/libopencm3_stm32f4.a(gpio_common_all.o)
 .debug_frame   0x000001b4       0x70 /home/innok/piano_stm32/libopencm3/lib/libopencm3_stm32f4.a(gpio_common_f0234.o)
 .debug_frame   0x00000224       0xe0 /home/innok/piano_stm32/libopencm3/lib/libopencm3_stm32f4.a(rcc_common_all.o)
 .debug_frame   0x00000304      0x234 /home/innok/piano_stm32/libopencm3/lib/libopencm3_stm32f4.a(rcc.o)
 .debug_frame   0x00000538      0x4d8 /home/innok/piano_stm32/libopencm3/lib/libopencm3_stm32f4.a(timer_common_all.o)
 .debug_frame   0x00000a10      0x1ec /home/innok/piano_stm32/libopencm3/lib/libopencm3_stm32f4.a(usart_common_all.o)
 .debug_frame   0x00000bfc       0x60 /home/innok/piano_stm32/libopencm3/lib/libopencm3_stm32f4.a(usart_common_f124.o)
 .debug_frame   0x00000c5c       0x4c /home/innok/piano_stm32/libopencm3/lib/libopencm3_stm32f4.a(vector.o)
 .debug_frame   0x00000ca8       0xa0 /home/innok/piano_stm32/libopencm3/lib/libopencm3_stm32f4.a(nvic.o)
 .debug_frame   0x00000d48       0x50 /home/innok/piano_stm32/libopencm3/lib/libopencm3_stm32f4.a(flash_common_all.o)
 .debug_frame   0x00000d98       0x70 /home/innok/piano_stm32/libopencm3/lib/libopencm3_stm32f4.a(flash_common_idcache.o)
 .debug_frame   0x00000e08       0x20 /home/innok/piano_stm32/libopencm3/lib/libopencm3_stm32f4.a(pwr.o)
 .debug_frame   0x00000e28       0x2c /opt/gcc-arm-none-eabi/bin/../lib/gcc/arm-none-eabi/13.3.1/../../../../arm-none-eabi/lib/thumb/v7e-m+fp/hard/libc.a(libc_a-memset.o)

Cross Reference Table

Symbol                                            File
_Balloc                                           /opt/gcc-arm-none-eabi/bin/../lib/gcc/arm-none-eabi/13.3.1/../../../../arm-none-eabi/lib/thumb/v7e-m+fp/hard/libc.a(libc_a-mprec.o)
                                                  /opt/gcc-arm-none-eabi/bin/../lib/gcc/arm-none-eabi/13.3.1/../../../../arm-none-eabi/lib/thumb/v7e-m+fp/hard/libc.a(libc_a-dtoa.o)
_Bfree                                            /opt/gcc-arm-none-eabi/bin/../lib/gcc/arm-none-eabi/13.3.1/../../../../arm-none-eabi/lib/thumb/v7e-m+fp/hard/libc.a(libc_a-mprec.o)
                                                  /opt/gcc-arm-none-eabi/bin/../lib/gcc/arm-none-eabi/13.3.1/../../../../arm-none-eabi/lib/thumb/v7e-m+fp/hard/libc.a(libc_a-dtoa.o)
_PathLocale                                       /opt/gcc-arm-none-eabi/bin/../lib/gcc/arm-none-eabi/13.3.1/../../../../arm-none-eabi/lib/thumb/v7e-m+fp/hard/libc.a(libc_a-locale.o)
__C_locale                                        /opt/gcc-arm-none-eabi/bin/../lib/gcc/arm-none-eabi/13.3.1/../../../../arm-none-eabi/lib/thumb/v7e-m+fp/hard/libc.a(libc_a-locale.o)
__adddf3                                          /opt/gcc-arm-none-eabi/bin/../lib/gcc/arm-none-eabi/13.3.1/thumb/v7e-m+fp/hard/libgcc.a(_arm_addsubdf3.o)
__aeabi_cdcmpeq                                   /opt/gcc-arm-none-eabi/bin/../lib/gcc/arm-none-eabi/13.3.1/thumb/v7e-m+fp/hard/libgcc.a(_arm_cmpdf2.o)
__aeabi_cdcmple                                   /opt/gcc-arm-none-eabi/bin/../lib/gcc/arm-none-eabi/13.3.1/thumb/v7e-m+fp/hard/libgcc.a(_arm_cmpdf2.o)
__aeabi_cdrcmple                                  /opt/gcc-arm-none-eabi/bin/../lib/gcc/arm-none-eabi/13.3.1/thumb/v7e-m+fp/hard/libgcc.a(_arm_cmpdf2.o)
__aeabi_d2iz                                      /opt/gcc-arm-none-eabi/bin/../lib/gcc/arm-none-eabi/13.3.1/thumb/v7e-m+fp/hard/libgcc.a(_arm_fixdfsi.o)
                                                  /opt/gcc-arm-none-eabi/bin/../lib/gcc/arm-none-eabi/13.3.1/../../../../arm-none-eabi/lib/thumb/v7e-m+fp/hard/libc.a(libc_a-dtoa.o)
                                                  /opt/gcc-arm-none-eabi/bin/../lib/gcc/arm-none-eabi/13.3.1/../../../../arm-none-eabi/lib/thumb/v7e-m+fp/hard/libc.a(libc_a-svfprintf.o)
__aeabi_dadd                                      /opt/gcc-arm-none-eabi/bin/../lib/gcc/arm-none-eabi/13.3.1/thumb/v7e-m+fp/hard/libgcc.a(_arm_addsubdf3.o)
                                                  /opt/gcc-arm-none-eabi/bin/../lib/gcc/arm-none-eabi/13.3.1/../../../../arm-none-eabi/lib/thumb/v7e-m+fp/hard/libc.a(libc_a-dtoa.o)
__aeabi_dcmpeq                                    /opt/gcc-arm-none-eabi/bin/../lib/gcc/arm-none-eabi/13.3.1/thumb/v7e-m+fp/hard/libgcc.a(_arm_cmpdf2.o)
                                                  /opt/gcc-arm-none-eabi/bin/../lib/gcc/arm-none-eabi/13.3.1/../../../../arm-none-eabi/lib/thumb/v7e-m+fp/hard/libc.a(libc_a-dtoa.o)
                                                  /opt/gcc-arm-none-eabi/bin/../lib/gcc/arm-none-eabi/13.3.1/../../../../arm-none-eabi/lib/thumb/v7e-m+fp/hard/libc.a(libc_a-svfprintf.o)
__aeabi_dcmpge                                    /opt/gcc-arm-none-eabi/bin/../lib/gcc/arm-none-eabi/13.3.1/thumb/v7e-m+fp/hard/libgcc.a(_arm_cmpdf2.o)
__aeabi_dcmpgt                                    /opt/gcc-arm-none-eabi/bin/../lib/gcc/arm-none-eabi/13.3.1/thumb/v7e-m+fp/hard/libgcc.a(_arm_cmpdf2.o)
                                                  /opt/gcc-arm-none-eabi/bin/../lib/gcc/arm-none-eabi/13.3.1/../../../../arm-none-eabi/lib/thumb/v7e-m+fp/hard/libc.a(libc_a-dtoa.o)
                                                  /opt/gcc-arm-none-eabi/bin/../lib/gcc/arm-none-eabi/13.3.1/../../../../arm-none-eabi/lib/thumb/v7e-m+fp/hard/libc.a(libc_a-svfprintf.o)
__aeabi_dcmple                                    /opt/gcc-arm-none-eabi/bin/../lib/gcc/arm-none-eabi/13.3.1/thumb/v7e-m+fp/hard/libgcc.a(_arm_cmpdf2.o)
                                                  /opt/gcc-arm-none-eabi/bin/../lib/gcc/arm-none-eabi/13.3.1/../../../../arm-none-eabi/lib/thumb/v7e-m+fp/hard/libc.a(libc_a-dtoa.o)
                                                  /opt/gcc-arm-none-eabi/bin/../lib/gcc/arm-none-eabi/13.3.1/../../../../arm-none-eabi/lib/thumb/v7e-m+fp/hard/libc.a(libc_a-svfprintf.o)
__aeabi_dcmplt                                    /opt/gcc-arm-none-eabi/bin/../lib/gcc/arm-none-eabi/13.3.1/thumb/v7e-m+fp/hard/libgcc.a(_arm_cmpdf2.o)
                                                  /opt/gcc-arm-none-eabi/bin/../lib/gcc/arm-none-eabi/13.3.1/../../../../arm-none-eabi/lib/thumb/v7e-m+fp/hard/libc.a(libc_a-dtoa.o)
                                                  /opt/gcc-arm-none-eabi/bin/../lib/gcc/arm-none-eabi/13.3.1/../../../../arm-none-eabi/lib/thumb/v7e-m+fp/hard/libc.a(libc_a-svfprintf.o)
__aeabi_dcmpun                                    /opt/gcc-arm-none-eabi/bin/../lib/gcc/arm-none-eabi/13.3.1/thumb/v7e-m+fp/hard/libgcc.a(_arm_unorddf2.o)
                                                  /opt/gcc-arm-none-eabi/bin/../lib/gcc/arm-none-eabi/13.3.1/../../../../arm-none-eabi/lib/thumb/v7e-m+fp/hard/libc.a(libc_a-svfprintf.o)
__aeabi_ddiv                                      /opt/gcc-arm-none-eabi/bin/../lib/gcc/arm-none-eabi/13.3.1/thumb/v7e-m+fp/hard/libgcc.a(_arm_muldivdf3.o)
                                                  /opt/gcc-arm-none-eabi/bin/../lib/gcc/arm-none-eabi/13.3.1/../../../../arm-none-eabi/lib/thumb/v7e-m+fp/hard/libc.a(libc_a-mprec.o)
                                                  /opt/gcc-arm-none-eabi/bin/../lib/gcc/arm-none-eabi/13.3.1/../../../../arm-none-eabi/lib/thumb/v7e-m+fp/hard/libc.a(libc_a-dtoa.o)
__aeabi_dmul                                      /opt/gcc-arm-none-eabi/bin/../lib/gcc/arm-none-eabi/13.3.1/thumb/v7e-m+fp/hard/libgcc.a(_arm_muldivdf3.o)
                                                  /opt/gcc-arm-none-eabi/bin/../lib/gcc/arm-none-eabi/13.3.1/thumb/v7e-m+fp/hard/libgcc.a(_arm_muldf3.o)
                                                  /opt/gcc-arm-none-eabi/bin/../lib/gcc/arm-none-eabi/13.3.1/../../../../arm-none-eabi/lib/thumb/v7e-m+fp/hard/libc.a(libc_a-mprec.o)
                                                  /opt/gcc-arm-none-eabi/bin/../lib/gcc/arm-none-eabi/13.3.1/../../../../arm-none-eabi/lib/thumb/v7e-m+fp/hard/libc.a(libm_a-s_frexp.o)
                                                  /opt/gcc-arm-none-eabi/bin/../lib/gcc/arm-none-eabi/13.3.1/../../../../arm-none-eabi/lib/thumb/v7e-m+fp/hard/libc.a(libc_a-dtoa.o)
                                                  /opt/gcc-arm-none-eabi/bin/../lib/gcc/arm-none-eabi/13.3.1/../../../../arm-none-eabi/lib/thumb/v7e-m+fp/hard/libc.a(libc_a-svfprintf.o)
__aeabi_drsub                                     /opt/gcc-arm-none-eabi/bin/../lib/gcc/arm-none-eabi/13.3.1/thumb/v7e-m+fp/hard/libgcc.a(_arm_addsubdf3.o)
__aeabi_dsub                                      /opt/gcc-arm-none-eabi/bin/../lib/gcc/arm-none-eabi/13.3.1/thumb/v7e-m+fp/hard/libgcc.a(_arm_addsubdf3.o)
                                                  /opt/gcc-arm-none-eabi/bin/../lib/gcc/arm-none-eabi/13.3.1/../../../../arm-none-eabi/lib/thumb/v7e-m+fp/hard/libc.a(libc_a-dtoa.o)
                                                  /opt/gcc-arm-none-eabi/bin/../lib/gcc/arm-none-eabi/13.3.1/../../../../arm-none-eabi/lib/thumb/v7e-m+fp/hard/libc.a(libc_a-svfprintf.o)
__aeabi_f2d                                       /opt/gcc-arm-none-eabi/bin/../lib/gcc/arm-none-eabi/13.3.1/thumb/v7e-m+fp/hard/libgcc.a(_arm_addsubdf3.o)
__aeabi_i2d                                       /opt/gcc-arm-none-eabi/bin/../lib/gcc/arm-none-eabi/13.3.1/thumb/v7e-m+fp/hard/libgcc.a(_arm_addsubdf3.o)
                                                  /opt/gcc-arm-none-eabi/bin/../lib/gcc/arm-none-eabi/13.3.1/../../../../arm-none-eabi/lib/thumb/v7e-m+fp/hard/libc.a(libc_a-dtoa.o)
                                                  /opt/gcc-arm-none-eabi/bin/../lib/gcc/arm-none-eabi/13.3.1/../../../../arm-none-eabi/lib/thumb/v7e-m+fp/hard/libc.a(libc_a-svfprintf.o)
__aeabi_l2d                                       /opt/gcc-arm-none-eabi/bin/../lib/gcc/arm-none-eabi/13.3.1/thumb/v7e-m+fp/hard/libgcc.a(_arm_addsubdf3.o)
__aeabi_ui2d                                      /opt/gcc-arm-none-eabi/bin/../lib/gcc/arm-none-eabi/13.3.1/thumb/v7e-m+fp/hard/libgcc.a(_arm_addsubdf3.o)
                                                  /opt/gcc-arm-none-eabi/bin/../lib/gcc/arm-none-eabi/13.3.1/../../../../arm-none-eabi/lib/thumb/v7e-m+fp/hard/libc.a(libc_a-dtoa.o)
__aeabi_ul2d                                      /opt/gcc-arm-none-eabi/bin/../lib/gcc/arm-none-eabi/13.3.1/thumb/v7e-m+fp/hard/libgcc.a(_arm_addsubdf3.o)
__any_on                                          /opt/gcc-arm-none-eabi/bin/../lib/gcc/arm-none-eabi/13.3.1/../../../../arm-none-eabi/lib/thumb/v7e-m+fp/hard/libc.a(libc_a-mprec.o)
__ascii_mbtowc                                    /opt/gcc-arm-none-eabi/bin/../lib/gcc/arm-none-eabi/13.3.1/../../../../arm-none-eabi/lib/thumb/v7e-m+fp/hard/libc.a(libc_a-mbtowc_r.o)
                                                  /opt/gcc-arm-none-eabi/bin/../lib/gcc/arm-none-eabi/13.3.1/../../../../arm-none-eabi/lib/thumb/v7e-m+fp/hard/libc.a(libc_a-locale.o)
__ascii_wctomb                                    /opt/gcc-arm-none-eabi/bin/../lib/gcc/arm-none-eabi/13.3.1/../../../../arm-none-eabi/lib/thumb/v7e-m+fp/hard/libc.a(libc_a-wctomb_r.o)
                                                  /opt/gcc-arm-none-eabi/bin/../lib/gcc/arm-none-eabi/13.3.1/../../../../arm-none-eabi/lib/thumb/v7e-m+fp/hard/libc.a(libc_a-locale.o)
__assert                                          /opt/gcc-arm-none-eabi/bin/../lib/gcc/arm-none-eabi/13.3.1/../../../../arm-none-eabi/lib/thumb/v7e-m+fp/hard/libc.a(libc_a-assert.o)
__assert_func                                     /opt/gcc-arm-none-eabi/bin/../lib/gcc/arm-none-eabi/13.3.1/../../../../arm-none-eabi/lib/thumb/v7e-m+fp/hard/libc.a(libc_a-assert.o)
                                                  /opt/gcc-arm-none-eabi/bin/../lib/gcc/arm-none-eabi/13.3.1/../../../../arm-none-eabi/lib/thumb/v7e-m+fp/hard/libc.a(libc_a-mprec.o)
                                                  /opt/gcc-arm-none-eabi/bin/../lib/gcc/arm-none-eabi/13.3.1/../../../../arm-none-eabi/lib/thumb/v7e-m+fp/hard/libc.a(libc_a-dtoa.o)
__b2d                                             /opt/gcc-arm-none-eabi/bin/../lib/gcc/arm-none-eabi/13.3.1/../../../../arm-none-eabi/lib/thumb/v7e-m+fp/hard/libc.a(libc_a-mprec.o)
__cmpdf2                                          /opt/gcc-arm-none-eabi/bin/../lib/gcc/arm-none-eabi/13.3.1/thumb/v7e-m+fp/hard/libgcc.a(_arm_cmpdf2.o)
__copybits                                        /opt/gcc-arm-none-eabi/bin/../lib/gcc/arm-none-eabi/13.3.1/../../../../arm-none-eabi/lib/thumb/v7e-m+fp/hard/libc.a(libc_a-mprec.o)
__d2b                                             /opt/gcc-arm-none-eabi/bin/../lib/gcc/arm-none-eabi/13.3.1/../../../../arm-none-eabi/lib/thumb/v7e-m+fp/hard/libc.a(libc_a-mprec.o)
                                                  /opt/gcc-arm-none-eabi/bin/../lib/gcc/arm-none-eabi/13.3.1/../../../../arm-none-eabi/lib/thumb/v7e-m+fp/hard/libc.a(libc_a-dtoa.o)
__default_locale                                  /opt/gcc-arm-none-eabi/bin/../lib/gcc/arm-none-eabi/13.3.1/../../../../arm-none-eabi/lib/thumb/v7e-m+fp/hard/libc.a(libc_a-locale.o)
__divdf3                                          /opt/gcc-arm-none-eabi/bin/../lib/gcc/arm-none-eabi/13.3.1/thumb/v7e-m+fp/hard/libgcc.a(_arm_muldivdf3.o)
__env_lock                                        /opt/gcc-arm-none-eabi/bin/../lib/gcc/arm-none-eabi/13.3.1/../../../../arm-none-eabi/lib/thumb/v7e-m+fp/hard/libc.a(libc_a-envlock.o)
                                                  /opt/gcc-arm-none-eabi/bin/../lib/gcc/arm-none-eabi/13.3.1/../../../../arm-none-eabi/lib/thumb/v7e-m+fp/hard/libc.a(libc_a-getenv_r.o)
__env_unlock                                      /opt/gcc-arm-none-eabi/bin/../lib/gcc/arm-none-eabi/13.3.1/../../../../arm-none-eabi/lib/thumb/v7e-m+fp/hard/libc.a(libc_a-envlock.o)
                                                  /opt/gcc-arm-none-eabi/bin/../lib/gcc/arm-none-eabi/13.3.1/../../../../arm-none-eabi/lib/thumb/v7e-m+fp/hard/libc.a(libc_a-getenv_r.o)
__eqdf2                                           /opt/gcc-arm-none-eabi/bin/../lib/gcc/arm-none-eabi/13.3.1/thumb/v7e-m+fp/hard/libgcc.a(_arm_cmpdf2.o)
__errno                                           /opt/gcc-arm-none-eabi/bin/../lib/gcc/arm-none-eabi/13.3.1/../../../../arm-none-eabi/lib/thumb/v7e-m+fp/hard/libc.a(libc_a-errno.o)
                                                  /opt/gcc-arm-none-eabi/bin/../lib/gcc/arm-none-eabi/13.3.1/../../../../arm-none-eabi/lib/thumb/v7e-m+fp/hard/libc.a(libc_a-callocr.o)
                                                  /opt/gcc-arm-none-eabi/bin/../lib/gcc/arm-none-eabi/13.3.1/../../../../arm-none-eabi/lib/thumb/v7e-m+fp/hard/libc.a(libc_a-strtol.o)
                                                  /opt/gcc-arm-none-eabi/bin/../lib/gcc/arm-none-eabi/13.3.1/../../../../arm-none-eabi/lib/thumb/v7e-m+fp/hard/libc.a(libc_a-sysconf.o)
__eucjp_mbtowc                                    /opt/gcc-arm-none-eabi/bin/../lib/gcc/arm-none-eabi/13.3.1/../../../../arm-none-eabi/lib/thumb/v7e-m+fp/hard/libc.a(libc_a-mbtowc_r.o)
                                                  /opt/gcc-arm-none-eabi/bin/../lib/gcc/arm-none-eabi/13.3.1/../../../../arm-none-eabi/lib/thumb/v7e-m+fp/hard/libc.a(libc_a-locale.o)
__eucjp_wctomb                                    /opt/gcc-arm-none-eabi/bin/../lib/gcc/arm-none-eabi/13.3.1/../../../../arm-none-eabi/lib/thumb/v7e-m+fp/hard/libc.a(libc_a-wctomb_r.o)
                                                  /opt/gcc-arm-none-eabi/bin/../lib/gcc/arm-none-eabi/13.3.1/../../../../arm-none-eabi/lib/thumb/v7e-m+fp/hard/libc.a(libc_a-locale.o)
__extendsfdf2                                     /opt/gcc-arm-none-eabi/bin/../lib/gcc/arm-none-eabi/13.3.1/thumb/v7e-m+fp/hard/libgcc.a(_arm_addsubdf3.o)
__fini_array_end                                  /home/innok/piano_stm32/libopencm3/lib/libopencm3_stm32f4.a(vector.o)
__fini_array_start                                /home/innok/piano_stm32/libopencm3/lib/libopencm3_stm32f4.a(vector.o)
__fixdfsi                                         /opt/gcc-arm-none-eabi/bin/../lib/gcc/arm-none-eabi/13.3.1/thumb/v7e-m+fp/hard/libgcc.a(_arm_fixdfsi.o)
__floatdidf                                       /opt/gcc-arm-none-eabi/bin/../lib/gcc/arm-none-eabi/13.3.1/thumb/v7e-m+fp/hard/libgcc.a(_arm_addsubdf3.o)
__floatsidf                                       /opt/gcc-arm-none-eabi/bin/../lib/gcc/arm-none-eabi/13.3.1/thumb/v7e-m+fp/hard/libgcc.a(_arm_addsubdf3.o)
__floatundidf                                     /opt/gcc-arm-none-eabi/bin/../lib/gcc/arm-none-eabi/13.3.1/thumb/v7e-m+fp/hard/libgcc.a(_arm_addsubdf3.o)
__floatunsidf                                     /opt/gcc-arm-none-eabi/bin/../lib/gcc/arm-none-eabi/13.3.1/thumb/v7e-m+fp/hard/libgcc.a(_arm_addsubdf3.o)
__fp_lock_all                                     /opt/gcc-arm-none-eabi/bin/../lib/gcc/arm-none-eabi/13.3.1/../../../../arm-none-eabi/lib/thumb/v7e-m+fp/hard/libc.a(libc_a-findfp.o)
__fp_unlock_all                                   /opt/gcc-arm-none-eabi/bin/../lib/gcc/arm-none-eabi/13.3.1/../../../../arm-none-eabi/lib/thumb/v7e-m+fp/hard/libc.a(libc_a-findfp.o)
__gedf2                                           /opt/gcc-arm-none-eabi/bin/../lib/gcc/arm-none-eabi/13.3.1/thumb/v7e-m+fp/hard/libgcc.a(_arm_cmpdf2.o)
__get_locale_env                                  /opt/gcc-arm-none-eabi/bin/../lib/gcc/arm-none-eabi/13.3.1/../../../../arm-none-eabi/lib/thumb/v7e-m+fp/hard/libc.a(libc_a-locale.o)
__global_locale                                   /opt/gcc-arm-none-eabi/bin/../lib/gcc/arm-none-eabi/13.3.1/../../../../arm-none-eabi/lib/thumb/v7e-m+fp/hard/libc.a(libc_a-locale.o)
                                                  /opt/gcc-arm-none-eabi/bin/../lib/gcc/arm-none-eabi/13.3.1/../../../../arm-none-eabi/lib/thumb/v7e-m+fp/hard/libc.a(libc_a-vfiprintf.o)
                                                  /opt/gcc-arm-none-eabi/bin/../lib/gcc/arm-none-eabi/13.3.1/../../../../arm-none-eabi/lib/thumb/v7e-m+fp/hard/libc.a(libc_a-wcsnrtombs.o)
                                                  /opt/gcc-arm-none-eabi/bin/../lib/gcc/arm-none-eabi/13.3.1/../../../../arm-none-eabi/lib/thumb/v7e-m+fp/hard/libc.a(libc_a-mbtowc_r.o)
                                                  /opt/gcc-arm-none-eabi/bin/../lib/gcc/arm-none-eabi/13.3.1/../../../../arm-none-eabi/lib/thumb/v7e-m+fp/hard/libc.a(libc_a-wctomb_r.o)
                                                  /opt/gcc-arm-none-eabi/bin/../lib/gcc/arm-none-eabi/13.3.1/../../../../arm-none-eabi/lib/thumb/v7e-m+fp/hard/libc.a(libc_a-localeconv.o)
                                                  /opt/gcc-arm-none-eabi/bin/../lib/gcc/arm-none-eabi/13.3.1/../../../../arm-none-eabi/lib/thumb/v7e-m+fp/hard/libc.a(libc_a-wcrtomb.o)
                                                  /opt/gcc-arm-none-eabi/bin/../lib/gcc/arm-none-eabi/13.3.1/../../../../arm-none-eabi/lib/thumb/v7e-m+fp/hard/libc.a(libc_a-svfprintf.o)
__gtdf2                                           /opt/gcc-arm-none-eabi/bin/../lib/gcc/arm-none-eabi/13.3.1/thumb/v7e-m+fp/hard/libgcc.a(_arm_cmpdf2.o)
__hi0bits                                         /opt/gcc-arm-none-eabi/bin/../lib/gcc/arm-none-eabi/13.3.1/../../../../arm-none-eabi/lib/thumb/v7e-m+fp/hard/libc.a(libc_a-mprec.o)
                                                  /opt/gcc-arm-none-eabi/bin/../lib/gcc/arm-none-eabi/13.3.1/../../../../arm-none-eabi/lib/thumb/v7e-m+fp/hard/libc.a(libc_a-dtoa.o)
__i2b                                             /opt/gcc-arm-none-eabi/bin/../lib/gcc/arm-none-eabi/13.3.1/../../../../arm-none-eabi/lib/thumb/v7e-m+fp/hard/libc.a(libc_a-mprec.o)
                                                  /opt/gcc-arm-none-eabi/bin/../lib/gcc/arm-none-eabi/13.3.1/../../../../arm-none-eabi/lib/thumb/v7e-m+fp/hard/libc.a(libc_a-dtoa.o)
__init_array_end                                  /home/innok/piano_stm32/libopencm3/lib/libopencm3_stm32f4.a(vector.o)
__init_array_start                                /home/innok/piano_stm32/libopencm3/lib/libopencm3_stm32f4.a(vector.o)
__jis_mbtowc                                      /opt/gcc-arm-none-eabi/bin/../lib/gcc/arm-none-eabi/13.3.1/../../../../arm-none-eabi/lib/thumb/v7e-m+fp/hard/libc.a(libc_a-mbtowc_r.o)
                                                  /opt/gcc-arm-none-eabi/bin/../lib/gcc/arm-none-eabi/13.3.1/../../../../arm-none-eabi/lib/thumb/v7e-m+fp/hard/libc.a(libc_a-locale.o)
__jis_wctomb                                      /opt/gcc-arm-none-eabi/bin/../lib/gcc/arm-none-eabi/13.3.1/../../../../arm-none-eabi/lib/thumb/v7e-m+fp/hard/libc.a(libc_a-wctomb_r.o)
                                                  /opt/gcc-arm-none-eabi/bin/../lib/gcc/arm-none-eabi/13.3.1/../../../../arm-none-eabi/lib/thumb/v7e-m+fp/hard/libc.a(libc_a-locale.o)
__ledf2                                           /opt/gcc-arm-none-eabi/bin/../lib/gcc/arm-none-eabi/13.3.1/thumb/v7e-m+fp/hard/libgcc.a(_arm_cmpdf2.o)
__lo0bits                                         /opt/gcc-arm-none-eabi/bin/../lib/gcc/arm-none-eabi/13.3.1/../../../../arm-none-eabi/lib/thumb/v7e-m+fp/hard/libc.a(libc_a-mprec.o)
__loadlocale                                      /opt/gcc-arm-none-eabi/bin/../lib/gcc/arm-none-eabi/13.3.1/../../../../arm-none-eabi/lib/thumb/v7e-m+fp/hard/libc.a(libc_a-locale.o)
__locale_mb_cur_max                               /opt/gcc-arm-none-eabi/bin/../lib/gcc/arm-none-eabi/13.3.1/../../../../arm-none-eabi/lib/thumb/v7e-m+fp/hard/libc.a(libc_a-locale.o)
                                                  /opt/gcc-arm-none-eabi/bin/../lib/gcc/arm-none-eabi/13.3.1/../../../../arm-none-eabi/lib/thumb/v7e-m+fp/hard/libc.a(libc_a-vfiprintf.o)
                                                  /opt/gcc-arm-none-eabi/bin/../lib/gcc/arm-none-eabi/13.3.1/../../../../arm-none-eabi/lib/thumb/v7e-m+fp/hard/libc.a(libc_a-svfprintf.o)
__localeconv_l                                    /opt/gcc-arm-none-eabi/bin/../lib/gcc/arm-none-eabi/13.3.1/../../../../arm-none-eabi/lib/thumb/v7e-m+fp/hard/libc.a(libc_a-localeconv.o)
__lock___arc4random_mutex                         /opt/gcc-arm-none-eabi/bin/../lib/gcc/arm-none-eabi/13.3.1/../../../../arm-none-eabi/lib/thumb/v7e-m+fp/hard/libc.a(libc_a-lock.o)
__lock___at_quick_exit_mutex                      /opt/gcc-arm-none-eabi/bin/../lib/gcc/arm-none-eabi/13.3.1/../../../../arm-none-eabi/lib/thumb/v7e-m+fp/hard/libc.a(libc_a-lock.o)
__lock___atexit_recursive_mutex                   /opt/gcc-arm-none-eabi/bin/../lib/gcc/arm-none-eabi/13.3.1/../../../../arm-none-eabi/lib/thumb/v7e-m+fp/hard/libc.a(libc_a-lock.o)
__lock___dd_hash_mutex                            /opt/gcc-arm-none-eabi/bin/../lib/gcc/arm-none-eabi/13.3.1/../../../../arm-none-eabi/lib/thumb/v7e-m+fp/hard/libc.a(libc_a-lock.o)
__lock___env_recursive_mutex                      /opt/gcc-arm-none-eabi/bin/../lib/gcc/arm-none-eabi/13.3.1/../../../../arm-none-eabi/lib/thumb/v7e-m+fp/hard/libc.a(libc_a-lock.o)
                                                  /opt/gcc-arm-none-eabi/bin/../lib/gcc/arm-none-eabi/13.3.1/../../../../arm-none-eabi/lib/thumb/v7e-m+fp/hard/libc.a(libc_a-envlock.o)
__lock___malloc_recursive_mutex                   /opt/gcc-arm-none-eabi/bin/../lib/gcc/arm-none-eabi/13.3.1/../../../../arm-none-eabi/lib/thumb/v7e-m+fp/hard/libc.a(libc_a-lock.o)
                                                  /opt/gcc-arm-none-eabi/bin/../lib/gcc/arm-none-eabi/13.3.1/../../../../arm-none-eabi/lib/thumb/v7e-m+fp/hard/libc.a(libc_a-mlock.o)
__lock___sfp_recursive_mutex                      /opt/gcc-arm-none-eabi/bin/../lib/gcc/arm-none-eabi/13.3.1/../../../../arm-none-eabi/lib/thumb/v7e-m+fp/hard/libc.a(libc_a-lock.o)
                                                  /opt/gcc-arm-none-eabi/bin/../lib/gcc/arm-none-eabi/13.3.1/../../../../arm-none-eabi/lib/thumb/v7e-m+fp/hard/libc.a(libc_a-findfp.o)
__lock___tz_mutex                                 /opt/gcc-arm-none-eabi/bin/../lib/gcc/arm-none-eabi/13.3.1/../../../../arm-none-eabi/lib/thumb/v7e-m+fp/hard/libc.a(libc_a-lock.o)
__lshift                                          /opt/gcc-arm-none-eabi/bin/../lib/gcc/arm-none-eabi/13.3.1/../../../../arm-none-eabi/lib/thumb/v7e-m+fp/hard/libc.a(libc_a-mprec.o)
                                                  /opt/gcc-arm-none-eabi/bin/../lib/gcc/arm-none-eabi/13.3.1/../../../../arm-none-eabi/lib/thumb/v7e-m+fp/hard/libc.a(libc_a-dtoa.o)
__ltdf2                                           /opt/gcc-arm-none-eabi/bin/../lib/gcc/arm-none-eabi/13.3.1/thumb/v7e-m+fp/hard/libgcc.a(_arm_cmpdf2.o)
__malloc_av_                                      /opt/gcc-arm-none-eabi/bin/../lib/gcc/arm-none-eabi/13.3.1/../../../../arm-none-eabi/lib/thumb/v7e-m+fp/hard/libc.a(libc_a-mallocr.o)
                                                  /opt/gcc-arm-none-eabi/bin/../lib/gcc/arm-none-eabi/13.3.1/../../../../arm-none-eabi/lib/thumb/v7e-m+fp/hard/libc.a(libc_a-reallocr.o)
                                                  /opt/gcc-arm-none-eabi/bin/../lib/gcc/arm-none-eabi/13.3.1/../../../../arm-none-eabi/lib/thumb/v7e-m+fp/hard/libc.a(libc_a-freer.o)
__malloc_current_mallinfo                         /opt/gcc-arm-none-eabi/bin/../lib/gcc/arm-none-eabi/13.3.1/../../../../arm-none-eabi/lib/thumb/v7e-m+fp/hard/libc.a(libc_a-mallocr.o)
                                                  /opt/gcc-arm-none-eabi/bin/../lib/gcc/arm-none-eabi/13.3.1/../../../../arm-none-eabi/lib/thumb/v7e-m+fp/hard/libc.a(libc_a-freer.o)
__malloc_lock                                     /opt/gcc-arm-none-eabi/bin/../lib/gcc/arm-none-eabi/13.3.1/../../../../arm-none-eabi/lib/thumb/v7e-m+fp/hard/libc.a(libc_a-mlock.o)
                                                  /opt/gcc-arm-none-eabi/bin/../lib/gcc/arm-none-eabi/13.3.1/../../../../arm-none-eabi/lib/thumb/v7e-m+fp/hard/libc.a(libc_a-reallocr.o)
                                                  /opt/gcc-arm-none-eabi/bin/../lib/gcc/arm-none-eabi/13.3.1/../../../../arm-none-eabi/lib/thumb/v7e-m+fp/hard/libc.a(libc_a-freer.o)
                                                  /opt/gcc-arm-none-eabi/bin/../lib/gcc/arm-none-eabi/13.3.1/../../../../arm-none-eabi/lib/thumb/v7e-m+fp/hard/libc.a(libc_a-mallocr.o)
__malloc_max_sbrked_mem                           /opt/gcc-arm-none-eabi/bin/../lib/gcc/arm-none-eabi/13.3.1/../../../../arm-none-eabi/lib/thumb/v7e-m+fp/hard/libc.a(libc_a-mallocr.o)
__malloc_max_total_mem                            /opt/gcc-arm-none-eabi/bin/../lib/gcc/arm-none-eabi/13.3.1/../../../../arm-none-eabi/lib/thumb/v7e-m+fp/hard/libc.a(libc_a-mallocr.o)
__malloc_sbrk_base                                /opt/gcc-arm-none-eabi/bin/../lib/gcc/arm-none-eabi/13.3.1/../../../../arm-none-eabi/lib/thumb/v7e-m+fp/hard/libc.a(libc_a-mallocr.o)
                                                  /opt/gcc-arm-none-eabi/bin/../lib/gcc/arm-none-eabi/13.3.1/../../../../arm-none-eabi/lib/thumb/v7e-m+fp/hard/libc.a(libc_a-freer.o)
__malloc_top_pad                                  /opt/gcc-arm-none-eabi/bin/../lib/gcc/arm-none-eabi/13.3.1/../../../../arm-none-eabi/lib/thumb/v7e-m+fp/hard/libc.a(libc_a-mallocr.o)
                                                  /opt/gcc-arm-none-eabi/bin/../lib/gcc/arm-none-eabi/13.3.1/../../../../arm-none-eabi/lib/thumb/v7e-m+fp/hard/libc.a(libc_a-freer.o)
__malloc_trim_threshold                           /opt/gcc-arm-none-eabi/bin/../lib/gcc/arm-none-eabi/13.3.1/../../../../arm-none-eabi/lib/thumb/v7e-m+fp/hard/libc.a(libc_a-mallocr.o)
                                                  /opt/gcc-arm-none-eabi/bin/../lib/gcc/arm-none-eabi/13.3.1/../../../../arm-none-eabi/lib/thumb/v7e-m+fp/hard/libc.a(libc_a-freer.o)
__malloc_unlock                                   /opt/gcc-arm-none-eabi/bin/../lib/gcc/arm-none-eabi/13.3.1/../../../../arm-none-eabi/lib/thumb/v7e-m+fp/hard/libc.a(libc_a-mlock.o)
                                                  /opt/gcc-arm-none-eabi/bin/../lib/gcc/arm-none-eabi/13.3.1/../../../../arm-none-eabi/lib/thumb/v7e-m+fp/hard/libc.a(libc_a-reallocr.o)
                                                  /opt/gcc-arm-none-eabi/bin/../lib/gcc/arm-none-eabi/13.3.1/../../../../arm-none-eabi/lib/thumb/v7e-m+fp/hard/libc.a(libc_a-freer.o)
                                                  /opt/gcc-arm-none-eabi/bin/../lib/gcc/arm-none-eabi/13.3.1/../../../../arm-none-eabi/lib/thumb/v7e-m+fp/hard/libc.a(libc_a-mallocr.o)
__mcmp                                            /opt/gcc-arm-none-eabi/bin/../lib/gcc/arm-none-eabi/13.3.1/../../../../arm-none-eabi/lib/thumb/v7e-m+fp/hard/libc.a(libc_a-mprec.o)
                                                  /opt/gcc-arm-none-eabi/bin/../lib/gcc/arm-none-eabi/13.3.1/../../../../arm-none-eabi/lib/thumb/v7e-m+fp/hard/libc.a(libc_a-dtoa.o)
__mdiff                                           /opt/gcc-arm-none-eabi/bin/../lib/gcc/arm-none-eabi/13.3.1/../../../../arm-none-eabi/lib/thumb/v7e-m+fp/hard/libc.a(libc_a-mprec.o)
                                                  /opt/gcc-arm-none-eabi/bin/../lib/gcc/arm-none-eabi/13.3.1/../../../../arm-none-eabi/lib/thumb/v7e-m+fp/hard/libc.a(libc_a-dtoa.o)
__mprec_bigtens                                   /opt/gcc-arm-none-eabi/bin/../lib/gcc/arm-none-eabi/13.3.1/../../../../arm-none-eabi/lib/thumb/v7e-m+fp/hard/libc.a(libc_a-mprec.o)
                                                  /opt/gcc-arm-none-eabi/bin/../lib/gcc/arm-none-eabi/13.3.1/../../../../arm-none-eabi/lib/thumb/v7e-m+fp/hard/libc.a(libc_a-dtoa.o)
__mprec_tens                                      /opt/gcc-arm-none-eabi/bin/../lib/gcc/arm-none-eabi/13.3.1/../../../../arm-none-eabi/lib/thumb/v7e-m+fp/hard/libc.a(libc_a-mprec.o)
                                                  /opt/gcc-arm-none-eabi/bin/../lib/gcc/arm-none-eabi/13.3.1/../../../../arm-none-eabi/lib/thumb/v7e-m+fp/hard/libc.a(libc_a-dtoa.o)
__mprec_tinytens                                  /opt/gcc-arm-none-eabi/bin/../lib/gcc/arm-none-eabi/13.3.1/../../../../arm-none-eabi/lib/thumb/v7e-m+fp/hard/libc.a(libc_a-mprec.o)
__muldf3                                          /opt/gcc-arm-none-eabi/bin/../lib/gcc/arm-none-eabi/13.3.1/thumb/v7e-m+fp/hard/libgcc.a(_arm_muldivdf3.o)
                                                  /opt/gcc-arm-none-eabi/bin/../lib/gcc/arm-none-eabi/13.3.1/thumb/v7e-m+fp/hard/libgcc.a(_arm_muldf3.o)
__multadd                                         /opt/gcc-arm-none-eabi/bin/../lib/gcc/arm-none-eabi/13.3.1/../../../../arm-none-eabi/lib/thumb/v7e-m+fp/hard/libc.a(libc_a-mprec.o)
                                                  /opt/gcc-arm-none-eabi/bin/../lib/gcc/arm-none-eabi/13.3.1/../../../../arm-none-eabi/lib/thumb/v7e-m+fp/hard/libc.a(libc_a-dtoa.o)
__multiply                                        /opt/gcc-arm-none-eabi/bin/../lib/gcc/arm-none-eabi/13.3.1/../../../../arm-none-eabi/lib/thumb/v7e-m+fp/hard/libc.a(libc_a-mprec.o)
                                                  /opt/gcc-arm-none-eabi/bin/../lib/gcc/arm-none-eabi/13.3.1/../../../../arm-none-eabi/lib/thumb/v7e-m+fp/hard/libc.a(libc_a-dtoa.o)
__nedf2                                           /opt/gcc-arm-none-eabi/bin/../lib/gcc/arm-none-eabi/13.3.1/thumb/v7e-m+fp/hard/libgcc.a(_arm_cmpdf2.o)
__pow5mult                                        /opt/gcc-arm-none-eabi/bin/../lib/gcc/arm-none-eabi/13.3.1/../../../../arm-none-eabi/lib/thumb/v7e-m+fp/hard/libc.a(libc_a-mprec.o)
                                                  /opt/gcc-arm-none-eabi/bin/../lib/gcc/arm-none-eabi/13.3.1/../../../../arm-none-eabi/lib/thumb/v7e-m+fp/hard/libc.a(libc_a-dtoa.o)
__preinit_array_end                               /home/innok/piano_stm32/libopencm3/lib/libopencm3_stm32f4.a(vector.o)
__preinit_array_start                             /home/innok/piano_stm32/libopencm3/lib/libopencm3_stm32f4.a(vector.o)
__ratio                                           /opt/gcc-arm-none-eabi/bin/../lib/gcc/arm-none-eabi/13.3.1/../../../../arm-none-eabi/lib/thumb/v7e-m+fp/hard/libc.a(libc_a-mprec.o)
__retarget_lock_acquire                           /opt/gcc-arm-none-eabi/bin/../lib/gcc/arm-none-eabi/13.3.1/../../../../arm-none-eabi/lib/thumb/v7e-m+fp/hard/libc.a(libc_a-lock.o)
__retarget_lock_acquire_recursive                 /opt/gcc-arm-none-eabi/bin/../lib/gcc/arm-none-eabi/13.3.1/../../../../arm-none-eabi/lib/thumb/v7e-m+fp/hard/libc.a(libc_a-lock.o)
                                                  /opt/gcc-arm-none-eabi/bin/../lib/gcc/arm-none-eabi/13.3.1/../../../../arm-none-eabi/lib/thumb/v7e-m+fp/hard/libc.a(libc_a-vfiprintf.o)
                                                  /opt/gcc-arm-none-eabi/bin/../lib/gcc/arm-none-eabi/13.3.1/../../../../arm-none-eabi/lib/thumb/v7e-m+fp/hard/libc.a(libc_a-envlock.o)
                                                  /opt/gcc-arm-none-eabi/bin/../lib/gcc/arm-none-eabi/13.3.1/../../../../arm-none-eabi/lib/thumb/v7e-m+fp/hard/libc.a(libc_a-fflush.o)
                                                  /opt/gcc-arm-none-eabi/bin/../lib/gcc/arm-none-eabi/13.3.1/../../../../arm-none-eabi/lib/thumb/v7e-m+fp/hard/libc.a(libc_a-fclose.o)
                                                  /opt/gcc-arm-none-eabi/bin/../lib/gcc/arm-none-eabi/13.3.1/../../../../arm-none-eabi/lib/thumb/v7e-m+fp/hard/libc.a(libc_a-mlock.o)
                                                  /opt/gcc-arm-none-eabi/bin/../lib/gcc/arm-none-eabi/13.3.1/../../../../arm-none-eabi/lib/thumb/v7e-m+fp/hard/libc.a(libc_a-findfp.o)
__retarget_lock_close                             /opt/gcc-arm-none-eabi/bin/../lib/gcc/arm-none-eabi/13.3.1/../../../../arm-none-eabi/lib/thumb/v7e-m+fp/hard/libc.a(libc_a-lock.o)
__retarget_lock_close_recursive                   /opt/gcc-arm-none-eabi/bin/../lib/gcc/arm-none-eabi/13.3.1/../../../../arm-none-eabi/lib/thumb/v7e-m+fp/hard/libc.a(libc_a-lock.o)
                                                  /opt/gcc-arm-none-eabi/bin/../lib/gcc/arm-none-eabi/13.3.1/../../../../arm-none-eabi/lib/thumb/v7e-m+fp/hard/libc.a(libc_a-vfiprintf.o)
                                                  /opt/gcc-arm-none-eabi/bin/../lib/gcc/arm-none-eabi/13.3.1/../../../../arm-none-eabi/lib/thumb/v7e-m+fp/hard/libc.a(libc_a-fclose.o)
__retarget_lock_init                              /opt/gcc-arm-none-eabi/bin/../lib/gcc/arm-none-eabi/13.3.1/../../../../arm-none-eabi/lib/thumb/v7e-m+fp/hard/libc.a(libc_a-lock.o)
__retarget_lock_init_recursive                    /opt/gcc-arm-none-eabi/bin/../lib/gcc/arm-none-eabi/13.3.1/../../../../arm-none-eabi/lib/thumb/v7e-m+fp/hard/libc.a(libc_a-lock.o)
                                                  /opt/gcc-arm-none-eabi/bin/../lib/gcc/arm-none-eabi/13.3.1/../../../../arm-none-eabi/lib/thumb/v7e-m+fp/hard/libc.a(libc_a-vfiprintf.o)
                                                  /opt/gcc-arm-none-eabi/bin/../lib/gcc/arm-none-eabi/13.3.1/../../../../arm-none-eabi/lib/thumb/v7e-m+fp/hard/libc.a(libc_a-findfp.o)
__retarget_lock_release                           /opt/gcc-arm-none-eabi/bin/../lib/gcc/arm-none-eabi/13.3.1/../../../../arm-none-eabi/lib/thumb/v7e-m+fp/hard/libc.a(libc_a-lock.o)
__retarget_lock_release_recursive                 /opt/gcc-arm-none-eabi/bin/../lib/gcc/arm-none-eabi/13.3.1/../../../../arm-none-eabi/lib/thumb/v7e-m+fp/hard/libc.a(libc_a-lock.o)
                                                  /opt/gcc-arm-none-eabi/bin/../lib/gcc/arm-none-eabi/13.3.1/../../../../arm-none-eabi/lib/thumb/v7e-m+fp/hard/libc.a(libc_a-vfiprintf.o)
                                                  /opt/gcc-arm-none-eabi/bin/../lib/gcc/arm-none-eabi/13.3.1/../../../../arm-none-eabi/lib/thumb/v7e-m+fp/hard/libc.a(libc_a-envlock.o)
                                                  /opt/gcc-arm-none-eabi/bin/../lib/gcc/arm-none-eabi/13.3.1/../../../../arm-none-eabi/lib/thumb/v7e-m+fp/hard/libc.a(libc_a-fflush.o)
                                                  /opt/gcc-arm-none-eabi/bin/../lib/gcc/arm-none-eabi/13.3.1/../../../../arm-none-eabi/lib/thumb/v7e-m+fp/hard/libc.a(libc_a-fclose.o)
                                                  /opt/gcc-arm-none-eabi/bin/../lib/gcc/arm-none-eabi/13.3.1/../../../../arm-none-eabi/lib/thumb/v7e-m+fp/hard/libc.a(libc_a-mlock.o)
                                                  /opt/gcc-arm-none-eabi/bin/../lib/gcc/arm-none-eabi/13.3.1/../../../../arm-none-eabi/lib/thumb/v7e-m+fp/hard/libc.a(libc_a-findfp.o)
__retarget_lock_try_acquire                       /opt/gcc-arm-none-eabi/bin/../lib/gcc/arm-none-eabi/13.3.1/../../../../arm-none-eabi/lib/thumb/v7e-m+fp/hard/libc.a(libc_a-lock.o)
__retarget_lock_try_acquire_recursive             /opt/gcc-arm-none-eabi/bin/../lib/gcc/arm-none-eabi/13.3.1/../../../../arm-none-eabi/lib/thumb/v7e-m+fp/hard/libc.a(libc_a-lock.o)
__s2b                                             /opt/gcc-arm-none-eabi/bin/../lib/gcc/arm-none-eabi/13.3.1/../../../../arm-none-eabi/lib/thumb/v7e-m+fp/hard/libc.a(libc_a-mprec.o)
__sclose                                          /opt/gcc-arm-none-eabi/bin/../lib/gcc/arm-none-eabi/13.3.1/../../../../arm-none-eabi/lib/thumb/v7e-m+fp/hard/libc.a(libc_a-stdio.o)
                                                  /opt/gcc-arm-none-eabi/bin/../lib/gcc/arm-none-eabi/13.3.1/../../../../arm-none-eabi/lib/thumb/v7e-m+fp/hard/libc.a(libc_a-findfp.o)
__seofread                                        /opt/gcc-arm-none-eabi/bin/../lib/gcc/arm-none-eabi/13.3.1/../../../../arm-none-eabi/lib/thumb/v7e-m+fp/hard/libc.a(libc_a-stdio.o)
__set_ctype                                       /opt/gcc-arm-none-eabi/bin/../lib/gcc/arm-none-eabi/13.3.1/../../../../arm-none-eabi/lib/thumb/v7e-m+fp/hard/libc.a(libc_a-ctype_.o)
                                                  /opt/gcc-arm-none-eabi/bin/../lib/gcc/arm-none-eabi/13.3.1/../../../../arm-none-eabi/lib/thumb/v7e-m+fp/hard/libc.a(libc_a-locale.o)
__sf                                              /opt/gcc-arm-none-eabi/bin/../lib/gcc/arm-none-eabi/13.3.1/../../../../arm-none-eabi/lib/thumb/v7e-m+fp/hard/libc.a(libc_a-findfp.o)
                                                  /opt/gcc-arm-none-eabi/bin/../lib/gcc/arm-none-eabi/13.3.1/../../../../arm-none-eabi/lib/thumb/v7e-m+fp/hard/libc.a(libc_a-impure.o)
__sflush_r                                        /opt/gcc-arm-none-eabi/bin/../lib/gcc/arm-none-eabi/13.3.1/../../../../arm-none-eabi/lib/thumb/v7e-m+fp/hard/libc.a(libc_a-fflush.o)
                                                  /opt/gcc-arm-none-eabi/bin/../lib/gcc/arm-none-eabi/13.3.1/../../../../arm-none-eabi/lib/thumb/v7e-m+fp/hard/libc.a(libc_a-fclose.o)
__sfp                                             /opt/gcc-arm-none-eabi/bin/../lib/gcc/arm-none-eabi/13.3.1/../../../../arm-none-eabi/lib/thumb/v7e-m+fp/hard/libc.a(libc_a-findfp.o)
__sfp_lock_acquire                                /opt/gcc-arm-none-eabi/bin/../lib/gcc/arm-none-eabi/13.3.1/../../../../arm-none-eabi/lib/thumb/v7e-m+fp/hard/libc.a(libc_a-findfp.o)
                                                  /opt/gcc-arm-none-eabi/bin/../lib/gcc/arm-none-eabi/13.3.1/../../../../arm-none-eabi/lib/thumb/v7e-m+fp/hard/libc.a(libc_a-fclose.o)
__sfp_lock_release                                /opt/gcc-arm-none-eabi/bin/../lib/gcc/arm-none-eabi/13.3.1/../../../../arm-none-eabi/lib/thumb/v7e-m+fp/hard/libc.a(libc_a-findfp.o)
                                                  /opt/gcc-arm-none-eabi/bin/../lib/gcc/arm-none-eabi/13.3.1/../../../../arm-none-eabi/lib/thumb/v7e-m+fp/hard/libc.a(libc_a-fclose.o)
__sfvwrite_r                                      /opt/gcc-arm-none-eabi/bin/../lib/gcc/arm-none-eabi/13.3.1/../../../../arm-none-eabi/lib/thumb/v7e-m+fp/hard/libc.a(libc_a-fvwrite.o)
                                                  /opt/gcc-arm-none-eabi/bin/../lib/gcc/arm-none-eabi/13.3.1/../../../../arm-none-eabi/lib/thumb/v7e-m+fp/hard/libc.a(libc_a-sprint_r.o)
__sglue                                           /opt/gcc-arm-none-eabi/bin/../lib/gcc/arm-none-eabi/13.3.1/../../../../arm-none-eabi/lib/thumb/v7e-m+fp/hard/libc.a(libc_a-findfp.o)
                                                  /opt/gcc-arm-none-eabi/bin/../lib/gcc/arm-none-eabi/13.3.1/../../../../arm-none-eabi/lib/thumb/v7e-m+fp/hard/libc.a(libc_a-fflush.o)
__sigtramp                                        /opt/gcc-arm-none-eabi/bin/../lib/gcc/arm-none-eabi/13.3.1/../../../../arm-none-eabi/lib/thumb/v7e-m+fp/hard/libc.a(libc_a-signal.o)
__sigtramp_r                                      /opt/gcc-arm-none-eabi/bin/../lib/gcc/arm-none-eabi/13.3.1/../../../../arm-none-eabi/lib/thumb/v7e-m+fp/hard/libc.a(libc_a-signal.o)
__sinit                                           /opt/gcc-arm-none-eabi/bin/../lib/gcc/arm-none-eabi/13.3.1/../../../../arm-none-eabi/lib/thumb/v7e-m+fp/hard/libc.a(libc_a-findfp.o)
                                                  /opt/gcc-arm-none-eabi/bin/../lib/gcc/arm-none-eabi/13.3.1/../../../../arm-none-eabi/lib/thumb/v7e-m+fp/hard/libc.a(libc_a-wsetup.o)
                                                  /opt/gcc-arm-none-eabi/bin/../lib/gcc/arm-none-eabi/13.3.1/../../../../arm-none-eabi/lib/thumb/v7e-m+fp/hard/libc.a(libc_a-vfiprintf.o)
                                                  /opt/gcc-arm-none-eabi/bin/../lib/gcc/arm-none-eabi/13.3.1/../../../../arm-none-eabi/lib/thumb/v7e-m+fp/hard/libc.a(libc_a-fflush.o)
                                                  /opt/gcc-arm-none-eabi/bin/../lib/gcc/arm-none-eabi/13.3.1/../../../../arm-none-eabi/lib/thumb/v7e-m+fp/hard/libc.a(libc_a-fclose.o)
__sjis_mbtowc                                     /opt/gcc-arm-none-eabi/bin/../lib/gcc/arm-none-eabi/13.3.1/../../../../arm-none-eabi/lib/thumb/v7e-m+fp/hard/libc.a(libc_a-mbtowc_r.o)
                                                  /opt/gcc-arm-none-eabi/bin/../lib/gcc/arm-none-eabi/13.3.1/../../../../arm-none-eabi/lib/thumb/v7e-m+fp/hard/libc.a(libc_a-locale.o)
__sjis_wctomb                                     /opt/gcc-arm-none-eabi/bin/../lib/gcc/arm-none-eabi/13.3.1/../../../../arm-none-eabi/lib/thumb/v7e-m+fp/hard/libc.a(libc_a-wctomb_r.o)
                                                  /opt/gcc-arm-none-eabi/bin/../lib/gcc/arm-none-eabi/13.3.1/../../../../arm-none-eabi/lib/thumb/v7e-m+fp/hard/libc.a(libc_a-locale.o)
__smakebuf_r                                      /opt/gcc-arm-none-eabi/bin/../lib/gcc/arm-none-eabi/13.3.1/../../../../arm-none-eabi/lib/thumb/v7e-m+fp/hard/libc.a(libc_a-makebuf.o)
                                                  /opt/gcc-arm-none-eabi/bin/../lib/gcc/arm-none-eabi/13.3.1/../../../../arm-none-eabi/lib/thumb/v7e-m+fp/hard/libc.a(libc_a-wsetup.o)
__sprint_r                                        /opt/gcc-arm-none-eabi/bin/../lib/gcc/arm-none-eabi/13.3.1/../../../../arm-none-eabi/lib/thumb/v7e-m+fp/hard/libc.a(libc_a-sprint_r.o)
                                                  /opt/gcc-arm-none-eabi/bin/../lib/gcc/arm-none-eabi/13.3.1/../../../../arm-none-eabi/lib/thumb/v7e-m+fp/hard/libc.a(libc_a-vfiprintf.o)
__sread                                           /opt/gcc-arm-none-eabi/bin/../lib/gcc/arm-none-eabi/13.3.1/../../../../arm-none-eabi/lib/thumb/v7e-m+fp/hard/libc.a(libc_a-stdio.o)
                                                  /opt/gcc-arm-none-eabi/bin/../lib/gcc/arm-none-eabi/13.3.1/../../../../arm-none-eabi/lib/thumb/v7e-m+fp/hard/libc.a(libc_a-findfp.o)
__sseek                                           /opt/gcc-arm-none-eabi/bin/../lib/gcc/arm-none-eabi/13.3.1/../../../../arm-none-eabi/lib/thumb/v7e-m+fp/hard/libc.a(libc_a-stdio.o)
                                                  /opt/gcc-arm-none-eabi/bin/../lib/gcc/arm-none-eabi/13.3.1/../../../../arm-none-eabi/lib/thumb/v7e-m+fp/hard/libc.a(libc_a-findfp.o)
__ssprint_r                                       /opt/gcc-arm-none-eabi/bin/../lib/gcc/arm-none-eabi/13.3.1/../../../../arm-none-eabi/lib/thumb/v7e-m+fp/hard/libc.a(libc_a-ssprint_r.o)
                                                  /opt/gcc-arm-none-eabi/bin/../lib/gcc/arm-none-eabi/13.3.1/../../../../arm-none-eabi/lib/thumb/v7e-m+fp/hard/libc.a(libc_a-svfprintf.o)
__ssputs_r                                        /opt/gcc-arm-none-eabi/bin/../lib/gcc/arm-none-eabi/13.3.1/../../../../arm-none-eabi/lib/thumb/v7e-m+fp/hard/libc.a(libc_a-ssputs_r.o)
                                                  /opt/gcc-arm-none-eabi/bin/../lib/gcc/arm-none-eabi/13.3.1/../../../../arm-none-eabi/lib/thumb/v7e-m+fp/hard/libc.a(libc_a-ssprint_r.o)
__stdio_exit_handler                              /opt/gcc-arm-none-eabi/bin/../lib/gcc/arm-none-eabi/13.3.1/../../../../arm-none-eabi/lib/thumb/v7e-m+fp/hard/libc.a(libc_a-findfp.o)
__subdf3                                          /opt/gcc-arm-none-eabi/bin/../lib/gcc/arm-none-eabi/13.3.1/thumb/v7e-m+fp/hard/libgcc.a(_arm_addsubdf3.o)
__swhatbuf_r                                      /opt/gcc-arm-none-eabi/bin/../lib/gcc/arm-none-eabi/13.3.1/../../../../arm-none-eabi/lib/thumb/v7e-m+fp/hard/libc.a(libc_a-makebuf.o)
__swrite                                          /opt/gcc-arm-none-eabi/bin/../lib/gcc/arm-none-eabi/13.3.1/../../../../arm-none-eabi/lib/thumb/v7e-m+fp/hard/libc.a(libc_a-stdio.o)
                                                  /opt/gcc-arm-none-eabi/bin/../lib/gcc/arm-none-eabi/13.3.1/../../../../arm-none-eabi/lib/thumb/v7e-m+fp/hard/libc.a(libc_a-findfp.o)
__swsetup_r                                       /opt/gcc-arm-none-eabi/bin/../lib/gcc/arm-none-eabi/13.3.1/../../../../arm-none-eabi/lib/thumb/v7e-m+fp/hard/libc.a(libc_a-wsetup.o)
                                                  /opt/gcc-arm-none-eabi/bin/../lib/gcc/arm-none-eabi/13.3.1/../../../../arm-none-eabi/lib/thumb/v7e-m+fp/hard/libc.a(libc_a-fvwrite.o)
                                                  /opt/gcc-arm-none-eabi/bin/../lib/gcc/arm-none-eabi/13.3.1/../../../../arm-none-eabi/lib/thumb/v7e-m+fp/hard/libc.a(libc_a-vfiprintf.o)
__ulp                                             /opt/gcc-arm-none-eabi/bin/../lib/gcc/arm-none-eabi/13.3.1/../../../../arm-none-eabi/lib/thumb/v7e-m+fp/hard/libc.a(libc_a-mprec.o)
__unorddf2                                        /opt/gcc-arm-none-eabi/bin/../lib/gcc/arm-none-eabi/13.3.1/thumb/v7e-m+fp/hard/libgcc.a(_arm_unorddf2.o)
__utf8_mbtowc                                     /opt/gcc-arm-none-eabi/bin/../lib/gcc/arm-none-eabi/13.3.1/../../../../arm-none-eabi/lib/thumb/v7e-m+fp/hard/libc.a(libc_a-mbtowc_r.o)
                                                  /opt/gcc-arm-none-eabi/bin/../lib/gcc/arm-none-eabi/13.3.1/../../../../arm-none-eabi/lib/thumb/v7e-m+fp/hard/libc.a(libc_a-locale.o)
__utf8_wctomb                                     /opt/gcc-arm-none-eabi/bin/../lib/gcc/arm-none-eabi/13.3.1/../../../../arm-none-eabi/lib/thumb/v7e-m+fp/hard/libc.a(libc_a-wctomb_r.o)
                                                  /opt/gcc-arm-none-eabi/bin/../lib/gcc/arm-none-eabi/13.3.1/../../../../arm-none-eabi/lib/thumb/v7e-m+fp/hard/libc.a(libc_a-locale.o)
_calloc_r                                         /opt/gcc-arm-none-eabi/bin/../lib/gcc/arm-none-eabi/13.3.1/../../../../arm-none-eabi/lib/thumb/v7e-m+fp/hard/libc.a(libc_a-callocr.o)
                                                  /opt/gcc-arm-none-eabi/bin/../lib/gcc/arm-none-eabi/13.3.1/../../../../arm-none-eabi/lib/thumb/v7e-m+fp/hard/libc.a(libc_a-mprec.o)
_close                                            /opt/gcc-arm-none-eabi/bin/../lib/gcc/arm-none-eabi/13.3.1/../../../../arm-none-eabi/lib/thumb/v7e-m+fp/hard/libnosys.a(close.o)
                                                  /opt/gcc-arm-none-eabi/bin/../lib/gcc/arm-none-eabi/13.3.1/../../../../arm-none-eabi/lib/thumb/v7e-m+fp/hard/libc.a(libc_a-closer.o)
_close_r                                          /opt/gcc-arm-none-eabi/bin/../lib/gcc/arm-none-eabi/13.3.1/../../../../arm-none-eabi/lib/thumb/v7e-m+fp/hard/libc.a(libc_a-closer.o)
                                                  /opt/gcc-arm-none-eabi/bin/../lib/gcc/arm-none-eabi/13.3.1/../../../../arm-none-eabi/lib/thumb/v7e-m+fp/hard/libc.a(libc_a-stdio.o)
_ctype_                                           /opt/gcc-arm-none-eabi/bin/../lib/gcc/arm-none-eabi/13.3.1/../../../../arm-none-eabi/lib/thumb/v7e-m+fp/hard/libc.a(libc_a-ctype_.o)
                                                  /opt/gcc-arm-none-eabi/bin/../lib/gcc/arm-none-eabi/13.3.1/../../../../arm-none-eabi/lib/thumb/v7e-m+fp/hard/libc.a(libc_a-strcasecmp.o)
                                                  /opt/gcc-arm-none-eabi/bin/../lib/gcc/arm-none-eabi/13.3.1/../../../../arm-none-eabi/lib/thumb/v7e-m+fp/hard/libc.a(libc_a-strncasecmp.o)
                                                  /opt/gcc-arm-none-eabi/bin/../lib/gcc/arm-none-eabi/13.3.1/../../../../arm-none-eabi/lib/thumb/v7e-m+fp/hard/libc.a(libc_a-strtol.o)
                                                  /opt/gcc-arm-none-eabi/bin/../lib/gcc/arm-none-eabi/13.3.1/../../../../arm-none-eabi/lib/thumb/v7e-m+fp/hard/libc.a(libc_a-locale.o)
_data                                             /home/innok/piano_stm32/libopencm3/lib/libopencm3_stm32f4.a(vector.o)
_data_loadaddr                                    /home/innok/piano_stm32/libopencm3/lib/libopencm3_stm32f4.a(vector.o)
_dtoa_r                                           /opt/gcc-arm-none-eabi/bin/../lib/gcc/arm-none-eabi/13.3.1/../../../../arm-none-eabi/lib/thumb/v7e-m+fp/hard/libc.a(libc_a-dtoa.o)
                                                  /opt/gcc-arm-none-eabi/bin/../lib/gcc/arm-none-eabi/13.3.1/../../../../arm-none-eabi/lib/thumb/v7e-m+fp/hard/libc.a(libc_a-svfprintf.o)
_ebss                                             /home/innok/piano_stm32/libopencm3/lib/libopencm3_stm32f4.a(vector.o)
_edata                                            /home/innok/piano_stm32/libopencm3/lib/libopencm3_stm32f4.a(vector.o)
_exit                                             /opt/gcc-arm-none-eabi/bin/../lib/gcc/arm-none-eabi/13.3.1/../../../../arm-none-eabi/lib/thumb/v7e-m+fp/hard/libnosys.a(_exit.o)
                                                  /opt/gcc-arm-none-eabi/bin/../lib/gcc/arm-none-eabi/13.3.1/../../../../arm-none-eabi/lib/thumb/v7e-m+fp/hard/libc.a(libc_a-abort.o)
_fclose_r                                         /opt/gcc-arm-none-eabi/bin/../lib/gcc/arm-none-eabi/13.3.1/../../../../arm-none-eabi/lib/thumb/v7e-m+fp/hard/libc.a(libc_a-fclose.o)
                                                  /opt/gcc-arm-none-eabi/bin/../lib/gcc/arm-none-eabi/13.3.1/../../../../arm-none-eabi/lib/thumb/v7e-m+fp/hard/libc.a(libc_a-findfp.o)
_fflush_r                                         /opt/gcc-arm-none-eabi/bin/../lib/gcc/arm-none-eabi/13.3.1/../../../../arm-none-eabi/lib/thumb/v7e-m+fp/hard/libc.a(libc_a-fflush.o)
                                                  /opt/gcc-arm-none-eabi/bin/../lib/gcc/arm-none-eabi/13.3.1/../../../../arm-none-eabi/lib/thumb/v7e-m+fp/hard/libc.a(libc_a-fvwrite.o)
                                                  /opt/gcc-arm-none-eabi/bin/../lib/gcc/arm-none-eabi/13.3.1/../../../../arm-none-eabi/lib/thumb/v7e-m+fp/hard/libc.a(libc_a-vfiprintf.o)
_findenv_r                                        /opt/gcc-arm-none-eabi/bin/../lib/gcc/arm-none-eabi/13.3.1/../../../../arm-none-eabi/lib/thumb/v7e-m+fp/hard/libc.a(libc_a-getenv_r.o)
_fiprintf_r                                       /opt/gcc-arm-none-eabi/bin/../lib/gcc/arm-none-eabi/13.3.1/../../../../arm-none-eabi/lib/thumb/v7e-m+fp/hard/libc.a(libc_a-fiprintf.o)
_free_r                                           /opt/gcc-arm-none-eabi/bin/../lib/gcc/arm-none-eabi/13.3.1/../../../../arm-none-eabi/lib/thumb/v7e-m+fp/hard/libc.a(libc_a-freer.o)
                                                  /opt/gcc-arm-none-eabi/bin/../lib/gcc/arm-none-eabi/13.3.1/../../../../arm-none-eabi/lib/thumb/v7e-m+fp/hard/libc.a(libc_a-fvwrite.o)
                                                  /opt/gcc-arm-none-eabi/bin/../lib/gcc/arm-none-eabi/13.3.1/../../../../arm-none-eabi/lib/thumb/v7e-m+fp/hard/libc.a(libc_a-wsetup.o)
                                                  /opt/gcc-arm-none-eabi/bin/../lib/gcc/arm-none-eabi/13.3.1/../../../../arm-none-eabi/lib/thumb/v7e-m+fp/hard/libc.a(libc_a-vfiprintf.o)
                                                  /opt/gcc-arm-none-eabi/bin/../lib/gcc/arm-none-eabi/13.3.1/../../../../arm-none-eabi/lib/thumb/v7e-m+fp/hard/libc.a(libc_a-reallocr.o)
                                                  /opt/gcc-arm-none-eabi/bin/../lib/gcc/arm-none-eabi/13.3.1/../../../../arm-none-eabi/lib/thumb/v7e-m+fp/hard/libc.a(libc_a-ssputs_r.o)
                                                  /opt/gcc-arm-none-eabi/bin/../lib/gcc/arm-none-eabi/13.3.1/../../../../arm-none-eabi/lib/thumb/v7e-m+fp/hard/libc.a(libc_a-fflush.o)
                                                  /opt/gcc-arm-none-eabi/bin/../lib/gcc/arm-none-eabi/13.3.1/../../../../arm-none-eabi/lib/thumb/v7e-m+fp/hard/libc.a(libc_a-fclose.o)
                                                  /opt/gcc-arm-none-eabi/bin/../lib/gcc/arm-none-eabi/13.3.1/../../../../arm-none-eabi/lib/thumb/v7e-m+fp/hard/libc.a(libc_a-reent.o)
                                                  /opt/gcc-arm-none-eabi/bin/../lib/gcc/arm-none-eabi/13.3.1/../../../../arm-none-eabi/lib/thumb/v7e-m+fp/hard/libc.a(libc_a-mallocr.o)
                                                  /opt/gcc-arm-none-eabi/bin/../lib/gcc/arm-none-eabi/13.3.1/../../../../arm-none-eabi/lib/thumb/v7e-m+fp/hard/libc.a(libc_a-svfprintf.o)
_fstat                                            /opt/gcc-arm-none-eabi/bin/../lib/gcc/arm-none-eabi/13.3.1/../../../../arm-none-eabi/lib/thumb/v7e-m+fp/hard/libnosys.a(fstat.o)
                                                  /opt/gcc-arm-none-eabi/bin/../lib/gcc/arm-none-eabi/13.3.1/../../../../arm-none-eabi/lib/thumb/v7e-m+fp/hard/libc.a(libc_a-fstatr.o)
_fstat_r                                          /opt/gcc-arm-none-eabi/bin/../lib/gcc/arm-none-eabi/13.3.1/../../../../arm-none-eabi/lib/thumb/v7e-m+fp/hard/libc.a(libc_a-fstatr.o)
                                                  /opt/gcc-arm-none-eabi/bin/../lib/gcc/arm-none-eabi/13.3.1/../../../../arm-none-eabi/lib/thumb/v7e-m+fp/hard/libc.a(libc_a-makebuf.o)
_fwalk_sglue                                      /opt/gcc-arm-none-eabi/bin/../lib/gcc/arm-none-eabi/13.3.1/../../../../arm-none-eabi/lib/thumb/v7e-m+fp/hard/libc.a(libc_a-fwalk.o)
                                                  /opt/gcc-arm-none-eabi/bin/../lib/gcc/arm-none-eabi/13.3.1/../../../../arm-none-eabi/lib/thumb/v7e-m+fp/hard/libc.a(libc_a-fflush.o)
                                                  /opt/gcc-arm-none-eabi/bin/../lib/gcc/arm-none-eabi/13.3.1/../../../../arm-none-eabi/lib/thumb/v7e-m+fp/hard/libc.a(libc_a-findfp.o)
_getenv_r                                         /opt/gcc-arm-none-eabi/bin/../lib/gcc/arm-none-eabi/13.3.1/../../../../arm-none-eabi/lib/thumb/v7e-m+fp/hard/libc.a(libc_a-getenv_r.o)
                                                  /opt/gcc-arm-none-eabi/bin/../lib/gcc/arm-none-eabi/13.3.1/../../../../arm-none-eabi/lib/thumb/v7e-m+fp/hard/libc.a(libc_a-locale.o)
_getpid                                           /opt/gcc-arm-none-eabi/bin/../lib/gcc/arm-none-eabi/13.3.1/../../../../arm-none-eabi/lib/thumb/v7e-m+fp/hard/libnosys.a(getpid.o)
                                                  /opt/gcc-arm-none-eabi/bin/../lib/gcc/arm-none-eabi/13.3.1/../../../../arm-none-eabi/lib/thumb/v7e-m+fp/hard/libc.a(libc_a-signalr.o)
_getpid_r                                         /opt/gcc-arm-none-eabi/bin/../lib/gcc/arm-none-eabi/13.3.1/../../../../arm-none-eabi/lib/thumb/v7e-m+fp/hard/libc.a(libc_a-signalr.o)
                                                  /opt/gcc-arm-none-eabi/bin/../lib/gcc/arm-none-eabi/13.3.1/../../../../arm-none-eabi/lib/thumb/v7e-m+fp/hard/libc.a(libc_a-signal.o)
_impure_data                                      /opt/gcc-arm-none-eabi/bin/../lib/gcc/arm-none-eabi/13.3.1/../../../../arm-none-eabi/lib/thumb/v7e-m+fp/hard/libc.a(libc_a-impure.o)
                                                  /opt/gcc-arm-none-eabi/bin/../lib/gcc/arm-none-eabi/13.3.1/../../../../arm-none-eabi/lib/thumb/v7e-m+fp/hard/libc.a(libc_a-fflush.o)