Archive member included to satisfy reference by file (symbol)

/home/innok/piano_stm32/libopencm3/lib/libopencm3_stm32f4.a(gpio_common_f0234.o)
                              main.o (gpio_mode_setup)
/home/innok/piano_stm32/libopencm3/lib/libopencm3_stm32f4.a(i2c_common_v1.o)
                              main.o (i2c_peripheral_enable)
/home/innok/piano_stm32/libopencm3/lib/libopencm3_stm32f4.a(rcc_common_all.o)
                              main.o (rcc_periph_clock_enable)
/home/innok/piano_stm32/libopencm3/lib/libopencm3_stm32f4.a(rcc.o)
                              main.o (rcc_clock_setup_pll)
/home/innok/piano_stm32/libopencm3/lib/libopencm3_stm32f4.a(timer_common_all.o)
                              main.o (timer_enable_irq)
/home/innok/piano_stm32/libopencm3/lib/libopencm3_stm32f4.a(usart_common_all.o)
                              main.o (usart_set_baudrate)
/home/innok/piano_stm32/libopencm3/lib/libopencm3_stm32f4.a(usart_common_f124.o)
                              /home/innok/piano_stm32/libopencm3/lib/libopencm3_stm32f4.a(usart_common_all.o) (usart_send)
/home/innok/piano_stm32/libopencm3/lib/libopencm3_stm32f4.a(vector.o)
                              (reset_handler)
/home/innok/piano_stm32/libopencm3/lib/libopencm3_stm32f4.a(nvic.o)
                              main.o (nvic_enable_irq)
/home/innok/piano_stm32/libopencm3/lib/libopencm3_stm32f4.a(flash_common_all.o)
                              /home/innok/piano_stm32/libopencm3/lib/libopencm3_stm32f4.a(rcc.o) (flash_set_ws)
/home/innok/piano_stm32/libopencm3/lib/libopencm3_stm32f4.a(flash_common_idcache.o)
                              /home/innok/piano_stm32/libopencm3/lib/libopencm3_stm32f4.a(rcc.o) (flash_dcache_enable)
/home/innok/piano_stm32/libopencm3/lib/libopencm3_stm32f4.a(pwr.o)
                              /home/innok/piano_stm32/libopencm3/lib/libopencm3_stm32f4.a(rcc.o) (pwr_set_vos_scale)
/opt/gcc-arm-none-eabi/bin/../lib/gcc/arm-none-eabi/13.3.1/../../../../arm-none-eabi/lib/thumb/v7e-m+fp/hard/libm.a(libm_a-w_log.o)
                              main.o (log)
/opt/gcc-arm-none-eabi/bin/../lib/gcc/arm-none-eabi/13.3.1/../../../../arm-none-eabi/lib/thumb/v7e-m+fp/hard/libm.a(libm_a-s_nan.o)
                              /opt/gcc-arm-none-eabi/bin/../lib/gcc/arm-none-eabi/13.3.1/../../../../arm-none-eabi/lib/thumb/v7e-m+fp/hard/libm.a(libm_a-w_log.o) (nan)
/opt/gcc-arm-none-eabi/bin/../lib/gcc/arm-none-eabi/13.3.1/../../../../arm-none-eabi/lib/thumb/v7e-m+fp/hard/libm.a(libm_a-e_log.o)
                              /opt/gcc-arm-none-eabi/bin/../lib/gcc/arm-none-eabi/13.3.1/../../../../arm-none-eabi/lib/thumb/v7e-m+fp/hard/libm.a(libm_a-w_log.o) (__ieee754_log)
/opt/gcc-arm-none-eabi/bin/../lib/gcc/arm-none-eabi/13.3.1/../../../../arm-none-eabi/lib/thumb/v7e-m+fp/hard/libc.a(libc_a-sprintf.o)
                              main.o (sprintf)
/opt/gcc-arm-none-eabi/bin/../lib/gcc/arm-none-eabi/13.3.1/../../../../arm-none-eabi/lib/thumb/v7e-m+fp/hard/libc.a(libc_a-errno.o)
                              /opt/gcc-arm-none-eabi/bin/../lib/gcc/arm-none-eabi/13.3.1/../../../../arm-none-eabi/lib/thumb/v7e-m+fp/hard/libm.a(libm_a-w_log.o) (__errno)
/opt/gcc-arm-none-eabi/bin/../lib/gcc/arm-none-eabi/13.3.1/../../../../arm-none-eabi/lib/thumb/v7e-m+fp/hard/libc.a(libc_a-impure.o)
                              /opt/gcc-arm-none-eabi/bin/../lib/gcc/arm-none-eabi/13.3.1/../../../../arm-none-eabi/lib/thumb/v7e-m+fp/hard/libc.a(libc_a-sprintf.o) (_impure_ptr)
/opt/gcc-arm-none-eabi/bin/../lib/gcc/arm-none-eabi/13.3.1/../../../../arm-none-eabi/lib/thumb/v7e-m+fp/hard/libc.a(libc_a-findfp.o)
                              /opt/gcc-arm-none-eabi/bin/../lib/gcc/arm-none-eabi/13.3.1/../../../../arm-none-eabi/lib/thumb/v7e-m+fp/hard/libc.a(libc_a-impure.o) (__sf)
/opt/gcc-arm-none-eabi/bin/../lib/gcc/arm-none-eabi/13.3.1/../../../../arm-none-eabi/lib/thumb/v7e-m+fp/hard/libc.a(libc_a-svfprintf.o)
                              /opt/gcc-arm-none-eabi/bin/../lib/gcc/arm-none-eabi/13.3.1/../../../../arm-none-eabi/lib/thumb/v7e-m+fp/hard/libc.a(libc_a-sprintf.o) (_svfprintf_r)
/opt/gcc-arm-none-eabi/bin/../lib/gcc/arm-none-eabi/13.3.1/../../../../arm-none-eabi/lib/thumb/v7e-m+fp/hard/libc.a(libc_a-strlen.o)
                              /opt/gcc-arm-none-eabi/bin/../lib/gcc/arm-none-eabi/13.3.1/../../../../arm-none-eabi/lib/thumb/v7e-m+fp/hard/libc.a(libc_a-svfprintf.o) (strlen)
/opt/gcc-arm-none-eabi/bin/../lib/gcc/arm-none-eabi/13.3.1/../../../../arm-none-eabi/lib/thumb/v7e-m+fp/hard/libc.a(libc_a-stdio.o)
                              /opt/gcc-arm-none-eabi/bin/../lib/gcc/arm-none-eabi/13.3.1/../../../../arm-none-eabi/lib/thumb/v7e-m+fp/hard/libc.a(libc_a-findfp.o) (__sread)
/opt/gcc-arm-none-eabi/bin/../lib/gcc/arm-none-eabi/13.3.1/../../../../arm-none-eabi/lib/thumb/v7e-m+fp/hard/libc.a(libc_a-mallocr.o)
[...]
Memory Configuration

Name             Origin             Length             Attributes
rom              0x08000000         0x00040000         xr
ram              0x20000000         0x00010000         xrw
*default*        0x00000000         0xffffffff

Linker script and memory map

LOAD main.o
LOAD /home/innok/piano_stm32/libopencm3/lib/libopencm3_stm32f4.a
LOAD /opt/gcc-arm-none-eabi/bin/../lib/gcc/arm-none-eabi/13.3.1/../../../../arm-none-eabi/lib/thumb/v7e-m+fp/hard/libm.a
START GROUP
LOAD /opt/gcc-arm-none-eabi/bin/../lib/gcc/arm-none-eabi/13.3.1/../../../../arm-none-eabi/lib/thumb/v7e-m+fp/hard/libc.a
LOAD /opt/gcc-arm-none-eabi/bin/../lib/gcc/arm-none-eabi/13.3.1/thumb/v7e-m+fp/hard/libgcc.a
LOAD /opt/gcc-arm-none-eabi/bin/../lib/gcc/arm-none-eabi/13.3.1/../../../../arm-none-eabi/lib/thumb/v7e-m+fp/hard/libnosys.a
END GROUP
START GROUP
LOAD /opt/gcc-arm-none-eabi/bin/../lib/gcc/arm-none-eabi/13.3.1/thumb/v7e-m+fp/hard/libgcc.a
LOAD /opt/gcc-arm-none-eabi/bin/../lib/gcc/arm-none-eabi/13.3.1/../../../../arm-none-eabi/lib/thumb/v7e-m+fp/hard/libg.a
LOAD /opt/gcc-arm-none-eabi/bin/../lib/gcc/arm-none-eabi/13.3.1/../../../../arm-none-eabi/lib/thumb/v7e-m+fp/hard/libc.a
END GROUP

.text           0x08000000     0x2a28
 *(.vectors)
 .vectors       0x08000000      0x1ac /home/innok/piano_stm32/libopencm3/lib/libopencm3_stm32f4.a(vector.o)
                0x08000000                vector_table
 *(.text*)
 *fill*         0x080001ac        0x4 
 .text.tim2_isr
                0x080001b0      0x594 main.o
                0x080001b0                tim2_isr
 .text.clock_setup
                0x08000744       0x54 main.o
 .text.gpio_setup
                0x08000798       0x74 main.o
                0x08000798                gpio_setup
 .text.timer_setup
                0x0800080c       0x4c main.o
                0x0800080c                timer_setup
 .text.usart_setup
                0x08000858       0x60 main.o
                0x08000858                usart_setup
 .text.i2c_mpr121_setup
                0x080008b8       0x60 main.o
                0x080008b8                i2c_mpr121_setup
 .text.piano_device_init
                0x08000918      0x220 main.o
                0x08000918                piano_device_init
 .text.mpr121_write_reg
                0x08000b38       0x3c main.o
                0x08000b38                mpr121_write_reg
 .text.mpr121_read_reg
                0x08000b74       0x30 main.o
                0x08000b74                mpr121_read_reg
 .text.mpr121_init
                0x08000ba4       0xf2 main.o
                0x08000ba4                mpr121_init
 .text.mpr121_get_touch
                0x08000c96       0x50 main.o
                0x08000c96                mpr121_get_touch
 *fill*         0x08000ce6        0x2 
 .text.eeprom_read
                0x08000ce8       0x48 main.o
                0x08000ce8                eeprom_read
 .text.eeprom_write
                0x08000d30       0x50 main.o
                0x08000d30                eeprom_write
 .text.led_pwm_init
                0x08000d80      0x168 main.o
                0x08000d80                led_pwm_init
 .text.main     0x08000ee8      0x3b0 main.o
                0x08000ee8                main
 .text.gpio_mode_setup
                0x08001298       0x40 /home/innok/piano_stm32/libopencm3/lib/libopencm3_stm32f4.a(gpio_common_f0234.o)
                0x08001298                gpio_mode_setup
 .text.gpio_set_output_options
                0x080012d8       0x36 /home/innok/piano_stm32/libopencm3/lib/libopencm3_stm32f4.a(gpio_common_f0234.o)
                0x080012d8                gpio_set_output_options
 .text.gpio_set_af
                0x0800130e       0x58 /home/innok/piano_stm32/libopencm3/lib/libopencm3_stm32f4.a(gpio_common_f0234.o)
                0x0800130e                gpio_set_af
 .text.i2c_peripheral_enable
                0x08001366        0xa /home/innok/piano_stm32/libopencm3/lib/libopencm3_stm32f4.a(i2c_common_v1.o)
                0x08001366                i2c_peripheral_enable
 .text.i2c_peripheral_disable
                0x08001370        0xa /home/innok/piano_stm32/libopencm3/lib/libopencm3_stm32f4.a(i2c_common_v1.o)
                0x08001370                i2c_peripheral_disable
 .text.i2c_send_start
                0x0800137a        0xa /home/innok/piano_stm32/libopencm3/lib/libopencm3_stm32f4.a(i2c_common_v1.o)
                0x0800137a                i2c_send_start
 .text.i2c_send_stop
                0x08001384        0xa /home/innok/piano_stm32/libopencm3/lib/libopencm3_stm32f4.a(i2c_common_v1.o)
                0x08001384                i2c_send_stop
 .text.i2c_set_own_7bit_slave_address
                0x0800138e        0xa /home/innok/piano_stm32/libopencm3/lib/libopencm3_stm32f4.a(i2c_common_v1.o)
                0x0800138e                i2c_set_own_7bit_slave_address
 .text.i2c_set_clock_frequency
                0x08001398        0xe /home/innok/piano_stm32/libopencm3/lib/libopencm3_stm32f4.a(i2c_common_v1.o)
                0x08001398                i2c_set_clock_frequency
 .text.i2c_set_fast_mode
                0x080013a6        0xa /home/innok/piano_stm32/libopencm3/lib/libopencm3_stm32f4.a(i2c_common_v1.o)
                0x080013a6                i2c_set_fast_mode
 .text.i2c_set_standard_mode
                0x080013b0        0xa /home/innok/piano_stm32/libopencm3/lib/libopencm3_stm32f4.a(i2c_common_v1.o)
                0x080013b0                i2c_set_standard_mode
 .text.i2c_set_ccr
                0x080013ba        0xc /home/innok/piano_stm32/libopencm3/lib/libopencm3_stm32f4.a(i2c_common_v1.o)
                0x080013ba                i2c_set_ccr
 .text.i2c_enable_ack
                0x080013c6        0xa /home/innok/piano_stm32/libopencm3/lib/libopencm3_stm32f4.a(i2c_common_v1.o)
                0x080013c6                i2c_enable_ack
 .text.i2c_disable_ack
                0x080013d0        0xa /home/innok/piano_stm32/libopencm3/lib/libopencm3_stm32f4.a(i2c_common_v1.o)
                0x080013d0                i2c_disable_ack
 .text.i2c_transfer7
                0x080013da       0xb4 /home/innok/piano_stm32/libopencm3/lib/libopencm3_stm32f4.a(i2c_common_v1.o)
                0x080013da                i2c_transfer7
 .text.i2c_set_speed
                0x0800148e       0x3a /home/innok/piano_stm32/libopencm3/lib/libopencm3_stm32f4.a(i2c_common_v1.o)
                0x0800148e                i2c_set_speed
 .text.rcc_periph_clock_enable
                0x080014c8       0x1a /home/innok/piano_stm32/libopencm3/lib/libopencm3_stm32f4.a(rcc_common_all.o)
                0x080014c8                rcc_periph_clock_enable
 *fill*         0x080014e2        0x2 
 .text.rcc_is_osc_ready
                0x080014e4       0x64 /home/innok/piano_stm32/libopencm3/lib/libopencm3_stm32f4.a(rcc.o)
                0x080014e4                rcc_is_osc_ready
 .text.rcc_wait_for_osc_ready
                0x08001548       0x10 /home/innok/piano_stm32/libopencm3/lib/libopencm3_stm32f4.a(rcc.o)
                0x08001548                rcc_wait_for_osc_ready
 .text.rcc_osc_on
                0x08001558       0x74 /home/innok/piano_stm32/libopencm3/lib/libopencm3_stm32f4.a(rcc.o)
                0x08001558                rcc_osc_on
 .text.rcc_osc_off
                0x080015cc       0x74 /home/innok/piano_stm32/libopencm3/lib/libopencm3_stm32f4.a(rcc.o)
                0x080015cc                rcc_osc_off
 .text.rcc_set_sysclk_source
                0x08001640       0x18 /home/innok/piano_stm32/libopencm3/lib/libopencm3_stm32f4.a(rcc.o)
                0x08001640                rcc_set_sysclk_source
 .text.rcc_set_ppre2
                0x08001658       0x18 /home/innok/piano_stm32/libopencm3/lib/libopencm3_stm32f4.a(rcc.o)
                0x08001658                rcc_set_ppre2
 .text.rcc_set_ppre1
                0x08001670       0x18 /home/innok/piano_stm32/libopencm3/lib/libopencm3_stm32f4.a(rcc.o)
                0x08001670                rcc_set_ppre1
 .text.rcc_set_hpre
                0x08001688       0x18 /home/innok/piano_stm32/libopencm3/lib/libopencm3_stm32f4.a(rcc.o)
                0x08001688                rcc_set_hpre
 .text.rcc_set_main_pll_hsi
                0x080016a0       0x44 /home/innok/piano_stm32/libopencm3/lib/libopencm3_stm32f4.a(rcc.o)
                0x080016a0                rcc_set_main_pll_hsi
 .text.rcc_set_main_pll_hse
                0x080016e4       0x44 /home/innok/piano_stm32/libopencm3/lib/libopencm3_stm32f4.a(rcc.o)
                0x080016e4                rcc_set_main_pll_hse
 .text.rcc_clock_setup_pll
                0x08001728       0xe4 /home/innok/piano_stm32/libopencm3/lib/libopencm3_stm32f4.a(rcc.o)
                0x08001728                rcc_clock_setup_pll
 .text.rcc_get_usart_clk_freq
                0x0800180c       0x20 /home/innok/piano_stm32/libopencm3/lib/libopencm3_stm32f4.a(rcc.o)
                0x0800180c                rcc_get_usart_clk_freq
 .text.timer_enable_irq
                0x0800182c        0x8 /home/innok/piano_stm32/libopencm3/lib/libopencm3_stm32f4.a(timer_common_all.o)
                0x0800182c                timer_enable_irq
 .text.timer_disable_irq
                0x08001834        0xa /home/innok/piano_stm32/libopencm3/lib/libopencm3_stm32f4.a(timer_common_all.o)
                0x08001834                timer_disable_irq
 .text.timer_clear_flag
                0x0800183e        0x6 /home/innok/piano_stm32/libopencm3/lib/libopencm3_stm32f4.a(timer_common_all.o)
                0x0800183e                timer_clear_flag
 .text.timer_set_mode
                0x08001844       0x12 /home/innok/piano_stm32/libopencm3/lib/libopencm3_stm32f4.a(timer_common_all.o)
                0x08001844                timer_set_mode
 .text.timer_continuous_mode
                0x08001856        0xa /home/innok/piano_stm32/libopencm3/lib/libopencm3_stm32f4.a(timer_common_all.o)
                0x08001856                timer_continuous_mode
 .text.timer_enable_counter
                0x08001860        0xa /home/innok/piano_stm32/libopencm3/lib/libopencm3_stm32f4.a(timer_common_all.o)
                0x08001860                timer_enable_counter
 .text.timer_disable_counter
                0x0800186a        0xa /home/innok/piano_stm32/libopencm3/lib/libopencm3_stm32f4.a(timer_common_all.o)
                0x0800186a                timer_disable_counter
 .text.timer_set_prescaler
                0x08001874        0x4 /home/innok/piano_stm32/libopencm3/lib/libopencm3_stm32f4.a(timer_common_all.o)
                0x08001874                timer_set_prescaler
 .text.timer_set_period
                0x08001878        0x4 /home/innok/piano_stm32/libopencm3/lib/libopencm3_stm32f4.a(timer_common_all.o)
                0x08001878                timer_set_period
 .text.timer_set_oc_mode
                0x0800187c      0x18c /home/innok/piano_stm32/libopencm3/lib/libopencm3_stm32f4.a(timer_common_all.o)
                0x0800187c                timer_set_oc_mode
 .text.timer_enable_oc_output
                0x08001a08       0x4a /home/innok/piano_stm32/libopencm3/lib/libopencm3_stm32f4.a(timer_common_all.o)
                0x08001a08                timer_enable_oc_output
 .text.timer_set_oc_value
                0x08001a52       0x20 /home/innok/piano_stm32/libopencm3/lib/libopencm3_stm32f4.a(timer_common_all.o)
                0x08001a52                timer_set_oc_value
 .text.usart_set_baudrate
                0x08001a72       0x16 /home/innok/piano_stm32/libopencm3/lib/libopencm3_stm32f4.a(usart_common_all.o)
                0x08001a72                usart_set_baudrate
 .text.usart_set_databits
                0x08001a88       0x12 /home/innok/piano_stm32/libopencm3/lib/libopencm3_stm32f4.a(usart_common_all.o)
                0x08001a88                usart_set_databits
 .text.usart_set_stopbits
                0x08001a9a        0xc /home/innok/piano_stm32/libopencm3/lib/libopencm3_stm32f4.a(usart_common_all.o)
                0x08001a9a                usart_set_stopbits
 .text.usart_set_parity
                0x08001aa6        0xc /home/innok/piano_stm32/libopencm3/lib/libopencm3_stm32f4.a(usart_common_all.o)
                0x08001aa6                usart_set_parity
 .text.usart_set_mode
                0x08001ab2        0xc /home/innok/piano_stm32/libopencm3/lib/libopencm3_stm32f4.a(usart_common_all.o)
                0x08001ab2                usart_set_mode
 .text.usart_set_flow_control
                0x08001abe        0xc /home/innok/piano_stm32/libopencm3/lib/libopencm3_stm32f4.a(usart_common_all.o)
                0x08001abe                usart_set_flow_control
 .text.usart_enable
                0x08001aca        0xa /home/innok/piano_stm32/libopencm3/lib/libopencm3_stm32f4.a(usart_common_all.o)
                0x08001aca                usart_enable
 .text.usart_send_blocking
                0x08001ad4       0x16 /home/innok/piano_stm32/libopencm3/lib/libopencm3_stm32f4.a(usart_common_all.o)
                0x08001ad4                usart_send_blocking
 .text.usart_send
                0x08001aea        0x8 /home/innok/piano_stm32/libopencm3/lib/libopencm3_stm32f4.a(usart_common_f124.o)
                0x08001aea                usart_send
 .text.usart_wait_send_ready
                0x08001af2        0x8 /home/innok/piano_stm32/libopencm3/lib/libopencm3_stm32f4.a(usart_common_f124.o)
                0x08001af2                usart_wait_send_ready
 .text.blocking_handler
                0x08001afa        0x2 /home/innok/piano_stm32/libopencm3/lib/libopencm3_stm32f4.a(vector.o)
                0x08001afa                dma2_stream1_isr
                0x08001afa                tim8_brk_tim12_isr
                0x08001afa                dma1_stream7_isr
                0x08001afa                usart3_isr
                0x08001afa                tim7_isr
                0x08001afa                dma2d_isr
                0x08001afa                uart8_isr
                0x08001afa                dma1_stream2_isr
                0x08001afa                otg_hs_isr
                0x08001afa                blocking_handler
                0x08001afa                tim5_isr
                0x08001afa                rtc_wkup_isr
                0x08001afa                otg_fs_isr
                0x08001afa                spi1_isr
                0x08001afa                i2c3_er_isr
                0x08001afa                exti2_isr
                0x08001afa                spi5_isr
                0x08001afa                usb_fs_wkup_isr
                0x08001afa                tamp_stamp_isr
                0x08001afa                can1_rx1_isr
                0x08001afa                dma2_stream0_isr
                0x08001afa                usart1_isr
                0x08001afa                i2c3_ev_isr
                0x08001afa                usage_fault_handler
                0x08001afa                can2_rx0_isr
                0x08001afa                dma1_stream6_isr
                0x08001afa                can2_rx1_isr
                0x08001afa                can1_sce_isr
                0x08001afa                tim1_cc_isr
                0x08001afa                can1_tx_isr
                0x08001afa                tim1_up_tim10_isr
                0x08001afa                sdio_isr
                0x08001afa                eth_isr
                0x08001afa                spi6_isr
                0x08001afa                dma2_stream5_isr
                0x08001afa                pvd_isr
                0x08001afa                can1_rx0_isr
                0x08001afa                rcc_isr
                0x08001afa                dma2_stream3_isr
                0x08001afa                flash_isr
                0x08001afa                uart4_isr
                0x08001afa                lcd_tft_isr
                0x08001afa                rtc_alarm_isr
                0x08001afa                exti15_10_isr
                0x08001afa                hash_rng_isr
                0x08001afa                tim1_trg_com_tim11_isr
                0x08001afa                hard_fault_handler
                0x08001afa                exti1_isr
                0x08001afa                i2c1_ev_isr
                0x08001afa                usart6_isr
                0x08001afa                spi2_isr
                0x08001afa                cryp_isr
                0x08001afa                nvic_wwdg_isr
                0x08001afa                dma1_stream1_isr
                0x08001afa                dma2_stream4_isr
                0x08001afa                exti3_isr
                0x08001afa                tim3_isr
                0x08001afa                usart2_isr
                0x08001afa                sai1_isr
                0x08001afa                fpu_isr
                0x08001afa                dma1_stream4_isr
                0x08001afa                i2c2_er_isr
                0x08001afa                i2c2_ev_isr
                0x08001afa                uart5_isr
                0x08001afa                dma2_stream6_isr
                0x08001afa                spi4_isr
                0x08001afa                adc_isr
                0x08001afa                dma2_stream7_isr
                0x08001afa                tim8_up_tim13_isr
                0x08001afa                fsmc_isr
                0x08001afa                exti4_isr
                0x08001afa                tim6_dac_isr
                0x08001afa                dma1_stream3_isr
                0x08001afa                tim8_trg_com_tim14_isr
                0x08001afa                mem_manage_handler
                0x08001afa                lcd_tft_err_isr
                0x08001afa                can2_tx_isr
                0x08001afa                exti9_5_isr
                0x08001afa                tim1_brk_tim9_isr
                0x08001afa                uart7_isr
                0x08001afa                can2_sce_isr
                0x08001afa                tim4_isr
                0x08001afa                otg_hs_wkup_isr
                0x08001afa                i2c1_er_isr
                0x08001afa                dma1_stream0_isr
                0x08001afa                tim8_cc_isr
                0x08001afa                dcmi_isr
                0x08001afa                dma2_stream2_isr
                0x08001afa                eth_wkup_isr
                0x08001afa                bus_fault_handler
                0x08001afa                otg_hs_ep1_out_isr
                0x08001afa                spi3_isr
                0x08001afa                dma1_stream5_isr
                0x08001afa                otg_hs_ep1_in_isr
                0x08001afa                exti0_isr
 .text.null_handler
                0x08001afc        0x2 /home/innok/piano_stm32/libopencm3/lib/libopencm3_stm32f4.a(vector.o)
                0x08001afc                null_handler
                0x08001afc                sv_call_handler
                0x08001afc                pend_sv_handler
                0x08001afc                debug_monitor_handler
                0x08001afc                sys_tick_handler
                0x08001afc                nmi_handler
 *fill*         0x08001afe        0x2 
 .text.reset_handler
                0x08001b00       0xa0 /home/innok/piano_stm32/libopencm3/lib/libopencm3_stm32f4.a(vector.o)
                0x08001b00                reset_handler
 .text.nvic_enable_irq
                0x08001ba0       0x18 /home/innok/piano_stm32/libopencm3/lib/libopencm3_stm32f4.a(nvic.o)
                0x08001ba0                nvic_enable_irq
 .text.flash_set_ws
                0x08001bb8       0x18 /home/innok/piano_stm32/libopencm3/lib/libopencm3_stm32f4.a(flash_common_all.o)
                0x08001bb8                flash_set_ws
 .text.flash_dcache_enable
                0x08001bd0       0x14 /home/innok/piano_stm32/libopencm3/lib/libopencm3_stm32f4.a(flash_common_idcache.o)
                0x08001bd0                flash_dcache_enable
 .text.flash_dcache_disable
                0x08001be4       0x14 /home/innok/piano_stm32/libopencm3/lib/libopencm3_stm32f4.a(flash_common_idcache.o)
                0x08001be4                flash_dcache_disable
 .text.flash_icache_enable
                0x08001bf8       0x14 /home/innok/piano_stm32/libopencm3/lib/libopencm3_stm32f4.a(flash_common_idcache.o)
                0x08001bf8                flash_icache_enable
 .text.flash_icache_disable
                0x08001c0c       0x14 /home/innok/piano_stm32/libopencm3/lib/libopencm3_stm32f4.a(flash_common_idcache.o)
                0x08001c0c                flash_icache_disable
 .text.pwr_set_vos_scale
                0x08001c20       0x10 /home/innok/piano_stm32/libopencm3/lib/libopencm3_stm32f4.a(pwr.o)
                0x08001c20                pwr_set_vos_scale
 .text.log      0x08001c30       0x84 /opt/gcc-arm-none-eabi/bin/../lib/gcc/arm-none-eabi/13.3.1/../../../../arm-none-eabi/lib/thumb/v7e-m+fp/hard/libm.a(libm_a-w_log.o)
                0x08001c30                log
 *fill*         0x08001cb4        0x4 
 .text.nan      0x08001cb8       0x10 /opt/gcc-arm-none-eabi/bin/../lib/gcc/arm-none-eabi/13.3.1/../../../../arm-none-eabi/lib/thumb/v7e-m+fp/hard/libm.a(libm_a-s_nan.o)
                0x08001cb8                nan
 .text.__ieee754_log
                0x08001cc8      0x3b8 /opt/gcc-arm-none-eabi/bin/../lib/gcc/arm-none-eabi/13.3.1/../../../../arm-none-eabi/lib/thumb/v7e-m+fp/hard/libm.a(libm_a-e_log.o)
                0x08001cc8                __ieee754_log
 .text.__errno  0x08002080        0xc /opt/gcc-arm-none-eabi/bin/../lib/gcc/arm-none-eabi/13.3.1/../../../../arm-none-eabi/lib/thumb/v7e-m+fp/hard/libc.a(libc_a-errno.o)
                0x08002080                __errno
 .text          0x0800208c      0x378 /opt/gcc-arm-none-eabi/bin/../lib/gcc/arm-none-eabi/13.3.1/thumb/v7e-m+fp/hard/libgcc.a(_arm_addsubdf3.o)
                0x0800208c                __aeabi_drsub
                0x08002094                __aeabi_dsub
                0x08002094                __subdf3
                0x08002098                __adddf3
                0x08002098                __aeabi_dadd
                0x08002310                __aeabi_ui2d
                0x08002310                __floatunsidf
                0x08002330                __floatsidf
                0x08002330                __aeabi_i2d
                0x08002354                __extendsfdf2
                0x08002354                __aeabi_f2d
                0x08002398                __aeabi_ul2d
                0x08002398                __floatundidf
                0x080023a8                __floatdidf
                0x080023a8                __aeabi_l2d
 .text          0x08002404      0x424 /opt/gcc-arm-none-eabi/bin/../lib/gcc/arm-none-eabi/13.3.1/thumb/v7e-m+fp/hard/libgcc.a(_arm_muldivdf3.o)
                0x08002404                __aeabi_dmul
                0x08002404                __muldf3
                0x08002658                __aeabi_ddiv
                0x08002658                __divdf3
 .text          0x08002828      0x110 /opt/gcc-arm-none-eabi/bin/../lib/gcc/arm-none-eabi/13.3.1/thumb/v7e-m+fp/hard/libgcc.a(_arm_cmpdf2.o)
                0x08002828                __gtdf2
                0x08002828                __gedf2
                0x08002830                __ltdf2
                0x08002830                __ledf2
                0x08002838                __cmpdf2
                0x08002838                __eqdf2
                0x08002838                __nedf2
                0x080028b4                __aeabi_cdrcmple
                0x080028c4                __aeabi_cdcmple
                0x080028c4                __aeabi_cdcmpeq
                0x080028d4                __aeabi_dcmpeq
                0x080028e8                __aeabi_dcmplt
                0x080028fc                __aeabi_dcmple
                0x08002910                __aeabi_dcmpge
                0x08002924                __aeabi_dcmpgt
 .text          0x08002938       0x2c /opt/gcc-arm-none-eabi/bin/../lib/gcc/arm-none-eabi/13.3.1/thumb/v7e-m+fp/hard/libgcc.a(_arm_unorddf2.o)
                0x08002938                __aeabi_dcmpun
                0x08002938                __unorddf2
 .text          0x08002964       0x50 /opt/gcc-arm-none-eabi/bin/../lib/gcc/arm-none-eabi/13.3.1/thumb/v7e-m+fp/hard/libgcc.a(_arm_fixdfsi.o)
                0x08002964                __fixdfsi
                0x08002964                __aeabi_d2iz
                0x080029b4                        . = ALIGN (0x4)
 *(.rodata*)
 .rodata.rcc_hse_25mhz_3v3
                0x080029b4       0x70 /home/innok/piano_stm32/libopencm3/lib/libopencm3_stm32f4.a(rcc.o)
                0x080029b4                rcc_hse_25mhz_3v3
 .rodata.log.str1.4
                0x08002a24        0x1 /opt/gcc-arm-none-eabi/bin/../lib/gcc/arm-none-eabi/13.3.1/../../../../arm-none-eabi/lib/thumb/v7e-m+fp/hard/libm.a(libm_a-w_log.o)
                0x08002a28                        . = ALIGN (0x4)
 *fill*         0x08002a25        0x3 

.glue_7         0x08002a28        0x0
 .glue_7        0x08002a28        0x0 linker stubs

.glue_7t        0x08002a28        0x0
 .glue_7t       0x08002a28        0x0 linker stubs

.vfp11_veneer   0x08002a28        0x0
 .vfp11_veneer  0x08002a28        0x0 linker stubs

.v4_bx          0x08002a28        0x0
 .v4_bx         0x08002a28        0x0 linker stubs

.iplt           0x08002a28        0x0
 .iplt          0x08002a28        0x0 main.o

.rel.dyn        0x08002a28        0x0
 .rel.iplt      0x08002a28        0x0 main.o

.preinit_array  0x08002a28        0x0
                0x08002a28                        . = ALIGN (0x4)
                0x08002a28                        __preinit_array_start = .
 *(.preinit_array)
                0x08002a28                        __preinit_array_end = .

.init_array     0x08002a28        0x0
                0x08002a28                        . = ALIGN (0x4)
                0x08002a28                        __init_array_start = .
 *(SORT_BY_NAME(.init_array.*))
 *(.init_array)
                0x08002a28                        __init_array_end = .

.fini_array     0x08002a28        0x0
                0x08002a28                        . = ALIGN (0x4)
                0x08002a28                        __fini_array_start = .
 *(.fini_array)
 *(SORT_BY_NAME(.fini_array.*))
                0x08002a28                        __fini_array_end = .

.ARM.extab
 *(.ARM.extab*)

.ARM.exidx      0x08002a28        0x0
                0x08002a28                        __exidx_start = .
 *(.ARM.exidx*)
                0x08002a28                        __exidx_end = .
                0x08002a28                        . = ALIGN (0x4)
                0x08002a28                        _etext = .

.noinit
 *(.noinit*)
                0x08002a28                        . = ALIGN (0x4)

.data           0x20000000      0x150 load address 0x08002a28
                0x20000000                        _data = .
 *(.data*)
 .data.rcc_apb2_frequency
                0x20000000        0x4 /home/innok/piano_stm32/libopencm3/lib/libopencm3_stm32f4.a(rcc.o)
                0x20000000                rcc_apb2_frequency
 .data.rcc_apb1_frequency
                0x20000004        0x4 /home/innok/piano_stm32/libopencm3/lib/libopencm3_stm32f4.a(rcc.o)
                0x20000004                rcc_apb1_frequency
 .data.rcc_ahb_frequency
                0x20000008        0x4 /home/innok/piano_stm32/libopencm3/lib/libopencm3_stm32f4.a(rcc.o)
                0x20000008                rcc_ahb_frequency
 .data._impure_ptr
                0x2000000c        0x4 /opt/gcc-arm-none-eabi/bin/../lib/gcc/arm-none-eabi/13.3.1/../../../../arm-none-eabi/lib/thumb/v7e-m+fp/hard/libc.a(libc_a-impure.o)
                0x2000000c                _impure_ptr
 .data._impure_data
                0x20000010      0x140 /opt/gcc-arm-none-eabi/bin/../lib/gcc/arm-none-eabi/13.3.1/../../../../arm-none-eabi/lib/thumb/v7e-m+fp/hard/libc.a(libc_a-impure.o)
                0x20000010                _impure_data
 *(.ramtext*)
                0x20000150                        . = ALIGN (0x4)
                0x20000150                        _edata = .
                0x08002a28                        _data_loadaddr = LOADADDR (.data)

.igot.plt       0x20000150        0x0 load address 0x08002b78
 .igot.plt      0x20000150        0x0 main.o

.bss            0x20000150     0x2010 load address 0x08002b78
 *(.bss*)
 .bss.irq_timer_cnt
                0x20000150        0x4 main.o
                0x20000150                irq_timer_cnt
 .bss.pedal_antishatter_cnt
                0x20000154        0x4 main.o
                0x20000154                pedal_antishatter_cnt
 .bss.piano_dev
                0x20000158      0x630 main.o
 .bss.keys_map  0x20000788      0x2c0 main.o
                0x20000788                keys_map
 .bss.key_event_arr.0
                0x20000a48     0x15e0 main.o
 .bss.__sf      0x20002028      0x138 /opt/gcc-arm-none-eabi/bin/../lib/gcc/arm-none-eabi/13.3.1/../../../../arm-none-eabi/lib/thumb/v7e-m+fp/hard/libc.a(libc_a-findfp.o)
                0x20002028                __sf
 *(COMMON)
                0x20002160                        . = ALIGN (0x4)
                0x20002160                        _ebss = .

/DISCARD/
 *(.eh_frame)
                0x20002160                        . = ALIGN (0x4)
                0x20002160                        end = .
                0x20010000                        PROVIDE (_stack = (ORIGIN (ram) + LENGTH (ram)))
OUTPUT(main.elf elf32-littlearm)
LOAD linker stubs

.debug_info     0x00000000     0x57af
 .debug_info    0x00000000     0x12f8 main.o
 .debug_info    0x000012f8      0x21b /home/innok/piano_stm32/libopencm3/lib/libopencm3_stm32f4.a(gpio_common_f0234.o)
 .debug_info    0x00001513      0x9ff /home/innok/piano_stm32/libopencm3/lib/libopencm3_stm32f4.a(i2c_common_v1.o)
 .debug_info    0x00001f12      0x932 /home/innok/piano_stm32/libopencm3/lib/libopencm3_stm32f4.a(rcc_common_all.o)
 .debug_info    0x00002844      0xfa1 /home/innok/piano_stm32/libopencm3/lib/libopencm3_stm32f4.a(rcc.o)
 .debug_info    0x000037e5     0x1004 /home/innok/piano_stm32/libopencm3/lib/libopencm3_stm32f4.a(timer_common_all.o)
 .debug_info    0x000047e9      0x665 /home/innok/piano_stm32/libopencm3/lib/libopencm3_stm32f4.a(usart_common_all.o)
 .debug_info    0x00004e4e      0x192 /home/innok/piano_stm32/libopencm3/lib/libopencm3_stm32f4.a(usart_common_f124.o)
 .debug_info    0x00004fe0      0x2d9 /home/innok/piano_stm32/libopencm3/lib/libopencm3_stm32f4.a(vector.o)
 .debug_info    0x000052b9      0x239 /home/innok/piano_stm32/libopencm3/lib/libopencm3_stm32f4.a(nvic.o)
 .debug_info    0x000054f2       0xf1 /home/innok/piano_stm32/libopencm3/lib/libopencm3_stm32f4.a(flash_common_all.o)
 .debug_info    0x000055e3       0xe9 /home/innok/piano_stm32/libopencm3/lib/libopencm3_stm32f4.a(flash_common_idcache.o)
 .debug_info    0x000056cc       0xe3 /home/innok/piano_stm32/libopencm3/lib/libopencm3_stm32f4.a(pwr.o)

.debug_abbrev   0x00000000     0x12ed
 .debug_abbrev  0x00000000      0x343 main.o
 .debug_abbrev  0x00000343       0xc2 /home/innok/piano_stm32/libopencm3/lib/libopencm3_stm32f4.a(gpio_common_f0234.o)
 .debug_abbrev  0x00000405      0x2e6 /home/innok/piano_stm32/libopencm3/lib/libopencm3_stm32f4.a(i2c_common_v1.o)
 .debug_abbrev  0x000006eb      0x185 /home/innok/piano_stm32/libopencm3/lib/libopencm3_stm32f4.a(rcc_common_all.o)
 .debug_abbrev  0x00000870      0x2da /home/innok/piano_stm32/libopencm3/lib/libopencm3_stm32f4.a(rcc.o)
 .debug_abbrev  0x00000b4a      0x1ac /home/innok/piano_stm32/libopencm3/lib/libopencm3_stm32f4.a(timer_common_all.o)
 .debug_abbrev  0x00000cf6      0x1a9 /home/innok/piano_stm32/libopencm3/lib/libopencm3_stm32f4.a(usart_common_all.o)
 .debug_abbrev  0x00000e9f       0xb6 /home/innok/piano_stm32/libopencm3/lib/libopencm3_stm32f4.a(usart_common_f124.o)
 .debug_abbrev  0x00000f55      0x15f /home/innok/piano_stm32/libopencm3/lib/libopencm3_stm32f4.a(vector.o)
 .debug_abbrev  0x000010b4       0xb6 /home/innok/piano_stm32/libopencm3/lib/libopencm3_stm32f4.a(nvic.o)
 .debug_abbrev  0x0000116a       0x96 /home/innok/piano_stm32/libopencm3/lib/libopencm3_stm32f4.a(flash_common_all.o)
 .debug_abbrev  0x00001200       0x56 /home/innok/piano_stm32/libopencm3/lib/libopencm3_stm32f4.a(flash_common_idcache.o)
 .debug_abbrev  0x00001256       0x97 /home/innok/piano_stm32/libopencm3/lib/libopencm3_stm32f4.a(pwr.o)

.debug_aranges  0x00000000      0x850
 .debug_aranges
                0x00000000       0xa8 main.o
 .debug_aranges
                0x000000a8       0x30 /home/innok/piano_stm32/libopencm3/lib/libopencm3_stm32f4.a(gpio_common_f0234.o)
 .debug_aranges
                0x000000d8      0x110 /home/innok/piano_stm32/libopencm3/lib/libopencm3_stm32f4.a(i2c_common_v1.o)
 .debug_aranges
                0x000001e8       0x80 /home/innok/piano_stm32/libopencm3/lib/libopencm3_stm32f4.a(rcc_common_all.o)
 .debug_aranges
                0x00000268      0x110 /home/innok/piano_stm32/libopencm3/lib/libopencm3_stm32f4.a(rcc.o)
 .debug_aranges
                0x00000378      0x278 /home/innok/piano_stm32/libopencm3/lib/libopencm3_stm32f4.a(timer_common_all.o)
 .debug_aranges
                0x000005f0       0xf0 /home/innok/piano_stm32/libopencm3/lib/libopencm3_stm32f4.a(usart_common_all.o)
 .debug_aranges
                0x000006e0       0x40 /home/innok/piano_stm32/libopencm3/lib/libopencm3_stm32f4.a(usart_common_f124.o)
 .debug_aranges
                0x00000720       0x30 /home/innok/piano_stm32/libopencm3/lib/libopencm3_stm32f4.a(vector.o)
 .debug_aranges
                0x00000750       0x60 /home/innok/piano_stm32/libopencm3/lib/libopencm3_stm32f4.a(nvic.o)
 .debug_aranges
                0x000007b0       0x38 /home/innok/piano_stm32/libopencm3/lib/libopencm3_stm32f4.a(flash_common_all.o)
 .debug_aranges
                0x000007e8       0x48 /home/innok/piano_stm32/libopencm3/lib/libopencm3_stm32f4.a(flash_common_idcache.o)
 .debug_aranges
                0x00000830       0x20 /home/innok/piano_stm32/libopencm3/lib/libopencm3_stm32f4.a(pwr.o)

.debug_rnglists
                0x00000000      0x629
 .debug_rnglists
                0x00000000       0x7f main.o
 .debug_rnglists
                0x0000007f       0x1f /home/innok/piano_stm32/libopencm3/lib/libopencm3_stm32f4.a(gpio_common_f0234.o)
 .debug_rnglists
                0x0000009e       0xd4 /home/innok/piano_stm32/libopencm3/lib/libopencm3_stm32f4.a(i2c_common_v1.o)
 .debug_rnglists
                0x00000172       0x5b /home/innok/piano_stm32/libopencm3/lib/libopencm3_stm32f4.a(rcc_common_all.o)
 .debug_rnglists
                0x000001cd       0xe0 /home/innok/piano_stm32/libopencm3/lib/libopencm3_stm32f4.a(rcc.o)
 .debug_rnglists
                0x000002ad      0x1d6 /home/innok/piano_stm32/libopencm3/lib/libopencm3_stm32f4.a(timer_common_all.o)
 .debug_rnglists
                0x00000483       0xaf /home/innok/piano_stm32/libopencm3/lib/libopencm3_stm32f4.a(usart_common_all.o)
 .debug_rnglists
                0x00000532       0x2b /home/innok/piano_stm32/libopencm3/lib/libopencm3_stm32f4.a(usart_common_f124.o)
 .debug_rnglists
                0x0000055d       0x20 /home/innok/piano_stm32/libopencm3/lib/libopencm3_stm32f4.a(vector.o)
 .debug_rnglists
                0x0000057d       0x43 /home/innok/piano_stm32/libopencm3/lib/libopencm3_stm32f4.a(nvic.o)
 .debug_rnglists
                0x000005c0       0x25 /home/innok/piano_stm32/libopencm3/lib/libopencm3_stm32f4.a(flash_common_all.o)
 .debug_rnglists
                0x000005e5       0x31 /home/innok/piano_stm32/libopencm3/lib/libopencm3_stm32f4.a(flash_common_idcache.o)
 .debug_rnglists
                0x00000616       0x13 /home/innok/piano_stm32/libopencm3/lib/libopencm3_stm32f4.a(pwr.o)

.debug_macro    0x00000000     0x7284
 .debug_macro   0x00000000      0x2dc main.o
 .debug_macro   0x000002dc      0xac6 main.o
 .debug_macro   0x00000da2       0x1c main.o
 .debug_macro   0x00000dbe       0x22 main.o
 .debug_macro   0x00000de0       0x56 main.o
 .debug_macro   0x00000e36       0x51 main.o
 .debug_macro   0x00000e87      0x103 main.o
 .debug_macro   0x00000f8a       0x6a main.o
 .debug_macro   0x00000ff4      0x1df main.o
 .debug_macro   0x000011d3       0x22 main.o
 .debug_macro   0x000011f5       0xe8 main.o
 .debug_macro   0x000012dd       0x76 main.o
 .debug_macro   0x00001353      0x280 main.o
 .debug_macro   0x000015d3       0x8e main.o
 .debug_macro   0x00001661       0x46 main.o
 .debug_macro   0x000016a7      0xcea main.o
 .debug_macro   0x00002391       0x76 main.o
 .debug_macro   0x00002407      0x37e main.o
 .debug_macro   0x00002785       0xca main.o
 .debug_macro   0x0000284f      0xf7d main.o
 .debug_macro   0x000037cc       0x52 main.o
 .debug_macro   0x0000381e       0xee main.o
 .debug_macro   0x0000390c       0x28 main.o
 .debug_macro   0x00003934       0x94 main.o
 .debug_macro   0x000039c8      0x29e main.o
 .debug_macro   0x00003c66       0xa0 main.o
 .debug_macro   0x00003d06      0x189 main.o
 .debug_macro   0x00003e8f      0x249 main.o
 .debug_macro   0x000040d8       0x2e main.o
 .debug_macro   0x00004106       0x6e main.o
 .debug_macro   0x00004174      0x22c main.o
 .debug_macro   0x000043a0       0x6f main.o
 .debug_macro   0x0000440f       0x2a main.o
 .debug_macro   0x00004439       0x7b main.o
 .debug_macro   0x000044b4       0x3c main.o
 .debug_macro   0x000044f0       0x34 main.o
 .debug_macro   0x00004524       0x16 main.o
 .debug_macro   0x0000453a       0x3c main.o
 .debug_macro   0x00004576      0x38c main.o
 .debug_macro   0x00004902       0x16 main.o
 .debug_macro   0x00004918       0x4a main.o
 .debug_macro   0x00004962       0x34 main.o
 .debug_macro   0x00004996       0x10 main.o
 .debug_macro   0x000049a6       0x58 main.o
 .debug_macro   0x000049fe      0x1e5 main.o
 .debug_macro   0x00004be3       0x22 main.o
 .debug_macro   0x00004c05       0x1c main.o
 .debug_macro   0x00004c21       0x10 main.o
 .debug_macro   0x00004c31       0x16 main.o
 .debug_macro   0x00004c47       0x16 main.o
 .debug_macro   0x00004c5d      0x12a main.o
 .debug_macro   0x00004d87       0x88 main.o
 .debug_macro   0x00004e0f      0x34e main.o
 .debug_macro   0x0000515d       0xec main.o
 .debug_macro   0x00005249       0xd1 /home/innok/piano_stm32/libopencm3/lib/libopencm3_stm32f4.a(gpio_common_f0234.o)
 .debug_macro   0x0000531a      0xacc /home/innok/piano_stm32/libopencm3/lib/libopencm3_stm32f4.a(gpio_common_f0234.o)
 .debug_macro   0x00005de6      0x101 /home/innok/piano_stm32/libopencm3/lib/libopencm3_stm32f4.a(i2c_common_v1.o)
 .debug_macro   0x00005ee7       0xf0 /home/innok/piano_stm32/libopencm3/lib/libopencm3_stm32f4.a(rcc_common_all.o)
 .debug_macro   0x00005fd7      0x124 /home/innok/piano_stm32/libopencm3/lib/libopencm3_stm32f4.a(rcc.o)
 .debug_macro   0x000060fb       0x16 /home/innok/piano_stm32/libopencm3/lib/libopencm3_stm32f4.a(rcc.o)
 .debug_macro   0x00006111       0x1c /home/innok/piano_stm32/libopencm3/lib/libopencm3_stm32f4.a(rcc.o)
 .debug_macro   0x0000612d      0x143 /home/innok/piano_stm32/libopencm3/lib/libopencm3_stm32f4.a(rcc.o)
 .debug_macro   0x00006270       0x10 /home/innok/piano_stm32/libopencm3/lib/libopencm3_stm32f4.a(rcc.o)
 .debug_macro   0x00006280       0xf0 /home/innok/piano_stm32/libopencm3/lib/libopencm3_stm32f4.a(timer_common_all.o)
 .debug_macro   0x00006370      0x10b /home/innok/piano_stm32/libopencm3/lib/libopencm3_stm32f4.a(usart_common_all.o)
 .debug_macro   0x0000647b      0x10b /home/innok/piano_stm32/libopencm3/lib/libopencm3_stm32f4.a(usart_common_f124.o)
 .debug_macro   0x00006586       0xd3 /home/innok/piano_stm32/libopencm3/lib/libopencm3_stm32f4.a(vector.o)
 .debug_macro   0x00006659      0x452 /home/innok/piano_stm32/libopencm3/lib/libopencm3_stm32f4.a(vector.o)
 .debug_macro   0x00006aab       0xb3 /home/innok/piano_stm32/libopencm3/lib/libopencm3_stm32f4.a(nvic.o)
 .debug_macro   0x00006b5e       0x68 /home/innok/piano_stm32/libopencm3/lib/libopencm3_stm32f4.a(nvic.o)
 .debug_macro   0x00006bc6      0x458 /home/innok/piano_stm32/libopencm3/lib/libopencm3_stm32f4.a(nvic.o)
 .debug_macro   0x0000701e       0xd7 /home/innok/piano_stm32/libopencm3/lib/libopencm3_stm32f4.a(flash_common_all.o)
 .debug_macro   0x000070f5       0xd7 /home/innok/piano_stm32/libopencm3/lib/libopencm3_stm32f4.a(flash_common_idcache.o)
 .debug_macro   0x000071cc       0xb8 /home/innok/piano_stm32/libopencm3/lib/libopencm3_stm32f4.a(pwr.o)

.debug_line     0x00000000     0x54b2
 .debug_line    0x00000000      0xd5b main.o
 .debug_line    0x00000d5b      0x483 /home/innok/piano_stm32/libopencm3/lib/libopencm3_stm32f4.a(gpio_common_f0234.o)
 .debug_line    0x000011de      0x8a1 /home/innok/piano_stm32/libopencm3/lib/libopencm3_stm32f4.a(i2c_common_v1.o)
 .debug_line    0x00001a7f      0x446 /home/innok/piano_stm32/libopencm3/lib/libopencm3_stm32f4.a(rcc_common_all.o)
 .debug_line    0x00001ec5      0xaaf /home/innok/piano_stm32/libopencm3/lib/libopencm3_stm32f4.a(rcc.o)
 .debug_line    0x00002974     0x1092 /home/innok/piano_stm32/libopencm3/lib/libopencm3_stm32f4.a(timer_common_all.o)
 .debug_line    0x00003a06      0x682 /home/innok/piano_stm32/libopencm3/lib/libopencm3_stm32f4.a(usart_common_all.o)
 .debug_line    0x00004088      0x39f /home/innok/piano_stm32/libopencm3/lib/libopencm3_stm32f4.a(usart_common_f124.o)
 .debug_line    0x00004427      0x3dc /home/innok/piano_stm32/libopencm3/lib/libopencm3_stm32f4.a(vector.o)
 .debug_line    0x00004803      0x381 /home/innok/piano_stm32/libopencm3/lib/libopencm3_stm32f4.a(nvic.o)
 .debug_line    0x00004b84      0x348 /home/innok/piano_stm32/libopencm3/lib/libopencm3_stm32f4.a(flash_common_all.o)
 .debug_line    0x00004ecc      0x361 /home/innok/piano_stm32/libopencm3/lib/libopencm3_stm32f4.a(flash_common_idcache.o)
 .debug_line    0x0000522d      0x285 /home/innok/piano_stm32/libopencm3/lib/libopencm3_stm32f4.a(pwr.o)

.debug_str      0x00000000    0x1a241
 .debug_str     0x00000000    0x1a241 main.o
                              0x16102 (size before relaxing)
 .debug_str     0x0001a241     0x671c /home/innok/piano_stm32/libopencm3/lib/libopencm3_stm32f4.a(gpio_common_f0234.o)
 .debug_str     0x0001a241     0xa04b /home/innok/piano_stm32/libopencm3/lib/libopencm3_stm32f4.a(i2c_common_v1.o)
 .debug_str     0x0001a241     0x9ab9 /home/innok/piano_stm32/libopencm3/lib/libopencm3_stm32f4.a(rcc_common_all.o)
 .debug_str     0x0001a241     0xa32e /home/innok/piano_stm32/libopencm3/lib/libopencm3_stm32f4.a(rcc.o)
 .debug_str     0x0001a241     0xdd5d /home/innok/piano_stm32/libopencm3/lib/libopencm3_stm32f4.a(timer_common_all.o)
 .debug_str     0x0001a241     0xa57b /home/innok/piano_stm32/libopencm3/lib/libopencm3_stm32f4.a(usart_common_all.o)
 .debug_str     0x0001a241     0xa2e7 /home/innok/piano_stm32/libopencm3/lib/libopencm3_stm32f4.a(usart_common_f124.o)
 .debug_str     0x0001a241     0x6faf /home/innok/piano_stm32/libopencm3/lib/libopencm3_stm32f4.a(vector.o)
 .debug_str     0x0001a241     0x622f /home/innok/piano_stm32/libopencm3/lib/libopencm3_stm32f4.a(nvic.o)
 .debug_str     0x0001a241     0x5a51 /home/innok/piano_stm32/libopencm3/lib/libopencm3_stm32f4.a(flash_common_all.o)
 .debug_str     0x0001a241     0x5a73 /home/innok/piano_stm32/libopencm3/lib/libopencm3_stm32f4.a(flash_common_idcache.o)
 .debug_str     0x0001a241     0x56cd /home/innok/piano_stm32/libopencm3/lib/libopencm3_stm32f4.a(pwr.o)

.comment        0x00000000       0x45
 .comment       0x00000000       0x45 main.o
                                 0x46 (size before relaxing)
 .comment       0x00000045       0x46 /home/innok/piano_stm32/libopencm3/lib/libopencm3_stm32f4.a(gpio_common_f0234.o)
 .comment       0x00000045       0x46 /home/innok/piano_stm32/libopencm3/lib/libopencm3_stm32f4.a(i2c_common_v1.o)
 .comment       0x00000045       0x46 /home/innok/piano_stm32/libopencm3/lib/libopencm3_stm32f4.a(rcc_common_all.o)
 .comment       0x00000045       0x46 /home/innok/piano_stm32/libopencm3/lib/libopencm3_stm32f4.a(rcc.o)
 .comment       0x00000045       0x46 /home/innok/piano_stm32/libopencm3/lib/libopencm3_stm32f4.a(timer_common_all.o)
 .comment       0x00000045       0x46 /home/innok/piano_stm32/libopencm3/lib/libopencm3_stm32f4.a(usart_common_all.o)
 .comment       0x00000045       0x46 /home/innok/piano_stm32/libopencm3/lib/libopencm3_stm32f4.a(usart_common_f124.o)
 .comment       0x00000045       0x46 /home/innok/piano_stm32/libopencm3/lib/libopencm3_stm32f4.a(vector.o)
 .comment       0x00000045       0x46 /home/innok/piano_stm32/libopencm3/lib/libopencm3_stm32f4.a(nvic.o)
 .comment       0x00000045       0x46 /home/innok/piano_stm32/libopencm3/lib/libopencm3_stm32f4.a(flash_common_all.o)
 .comment       0x00000045       0x46 /home/innok/piano_stm32/libopencm3/lib/libopencm3_stm32f4.a(flash_common_idcache.o)
 .comment       0x00000045       0x46 /home/innok/piano_stm32/libopencm3/lib/libopencm3_stm32f4.a(pwr.o)

.ARM.attributes
                0x00000000       0x32
 .ARM.attributes
                0x00000000       0x34 main.o
 .ARM.attributes
                0x00000034       0x34 /home/innok/piano_stm32/libopencm3/lib/libopencm3_stm32f4.a(gpio_common_f0234.o)
 .ARM.attributes
                0x00000068       0x34 /home/innok/piano_stm32/libopencm3/lib/libopencm3_stm32f4.a(i2c_common_v1.o)
 .ARM.attributes
                0x0000009c       0x34 /home/innok/piano_stm32/libopencm3/lib/libopencm3_stm32f4.a(rcc_common_all.o)
 .ARM.attributes
                0x000000d0       0x34 /home/innok/piano_stm32/libopencm3/lib/libopencm3_stm32f4.a(rcc.o)
 .ARM.attributes
                0x00000104       0x34 /home/innok/piano_stm32/libopencm3/lib/libopencm3_stm32f4.a(timer_common_all.o)
 .ARM.attributes
                0x00000138       0x34 /home/innok/piano_stm32/libopencm3/lib/libopencm3_stm32f4.a(usart_common_all.o)
 .ARM.attributes
                0x0000016c       0x34 /home/innok/piano_stm32/libopencm3/lib/libopencm3_stm32f4.a(usart_common_f124.o)
 .ARM.attributes
                0x000001a0       0x34 /home/innok/piano_stm32/libopencm3/lib/libopencm3_stm32f4.a(vector.o)
 .ARM.attributes
                0x000001d4       0x34 /home/innok/piano_stm32/libopencm3/lib/libopencm3_stm32f4.a(nvic.o)
 .ARM.attributes
                0x00000208       0x34 /home/innok/piano_stm32/libopencm3/lib/libopencm3_stm32f4.a(flash_common_all.o)
 .ARM.attributes
                0x0000023c       0x34 /home/innok/piano_stm32/libopencm3/lib/libopencm3_stm32f4.a(flash_common_idcache.o)
 .ARM.attributes
                0x00000270       0x34 /home/innok/piano_stm32/libopencm3/lib/libopencm3_stm32f4.a(pwr.o)
 .ARM.attributes
                0x000002a4       0x34 /opt/gcc-arm-none-eabi/bin/../lib/gcc/arm-none-eabi/13.3.1/../../../../arm-none-eabi/lib/thumb/v7e-m+fp/hard/libm.a(libm_a-w_log.o)
 .ARM.attributes
                0x000002d8       0x34 /opt/gcc-arm-none-eabi/bin/../lib/gcc/arm-none-eabi/13.3.1/../../../../arm-none-eabi/lib/thumb/v7e-m+fp/hard/libm.a(libm_a-s_nan.o)
 .ARM.attributes
                0x0000030c       0x34 /opt/gcc-arm-none-eabi/bin/../lib/gcc/arm-none-eabi/13.3.1/../../../../arm-none-eabi/lib/thumb/v7e-m+fp/hard/libm.a(libm_a-e_log.o)
 .ARM.attributes
                0x00000340       0x34 /opt/gcc-arm-none-eabi/bin/../lib/gcc/arm-none-eabi/13.3.1/../../../../arm-none-eabi/lib/thumb/v7e-m+fp/hard/libc.a(libc_a-errno.o)
 .ARM.attributes
                0x00000374       0x34 /opt/gcc-arm-none-eabi/bin/../lib/gcc/arm-none-eabi/13.3.1/../../../../arm-none-eabi/lib/thumb/v7e-m+fp/hard/libc.a(libc_a-impure.o)
 .ARM.attributes
                0x000003a8       0x34 /opt/gcc-arm-none-eabi/bin/../lib/gcc/arm-none-eabi/13.3.1/../../../../arm-none-eabi/lib/thumb/v7e-m+fp/hard/libc.a(libc_a-findfp.o)
 .ARM.attributes
                0x000003dc       0x22 /opt/gcc-arm-none-eabi/bin/../lib/gcc/arm-none-eabi/13.3.1/thumb/v7e-m+fp/hard/libgcc.a(_arm_addsubdf3.o)
 .ARM.attributes
                0x000003fe       0x22 /opt/gcc-arm-none-eabi/bin/../lib/gcc/arm-none-eabi/13.3.1/thumb/v7e-m+fp/hard/libgcc.a(_arm_muldivdf3.o)
 .ARM.attributes
                0x00000420       0x22 /opt/gcc-arm-none-eabi/bin/../lib/gcc/arm-none-eabi/13.3.1/thumb/v7e-m+fp/hard/libgcc.a(_arm_cmpdf2.o)
 .ARM.attributes
                0x00000442       0x22 /opt/gcc-arm-none-eabi/bin/../lib/gcc/arm-none-eabi/13.3.1/thumb/v7e-m+fp/hard/libgcc.a(_arm_unorddf2.o)
 .ARM.attributes
                0x00000464       0x22 /opt/gcc-arm-none-eabi/bin/../lib/gcc/arm-none-eabi/13.3.1/thumb/v7e-m+fp/hard/libgcc.a(_arm_fixdfsi.o)

.debug_frame    0x00000000     0x1530
 .debug_frame   0x00000000      0x270 main.o
 .debug_frame   0x00000270       0x70 /home/innok/piano_stm32/libopencm3/lib/libopencm3_stm32f4.a(gpio_common_f0234.o)
 .debug_frame   0x000002e0      0x22c /home/innok/piano_stm32/libopencm3/lib/libopencm3_stm32f4.a(i2c_common_v1.o)
 .debug_frame   0x0000050c       0xe0 /home/innok/piano_stm32/libopencm3/lib/libopencm3_stm32f4.a(rcc_common_all.o)
 .debug_frame   0x000005ec      0x234 /home/innok/piano_stm32/libopencm3/lib/libopencm3_stm32f4.a(rcc.o)
 .debug_frame   0x00000820      0x4d8 /home/innok/piano_stm32/libopencm3/lib/libopencm3_stm32f4.a(timer_common_all.o)
 .debug_frame   0x00000cf8      0x1ec /home/innok/piano_stm32/libopencm3/lib/libopencm3_stm32f4.a(usart_common_all.o)
 .debug_frame   0x00000ee4       0x60 /home/innok/piano_stm32/libopencm3/lib/libopencm3_stm32f4.a(usart_common_f124.o)
 .debug_frame   0x00000f44       0x4c /home/innok/piano_stm32/libopencm3/lib/libopencm3_stm32f4.a(vector.o)
 .debug_frame   0x00000f90       0xa0 /home/innok/piano_stm32/libopencm3/lib/libopencm3_stm32f4.a(nvic.o)
 .debug_frame   0x00001030       0x50 /home/innok/piano_stm32/libopencm3/lib/libopencm3_stm32f4.a(flash_common_all.o)
 .debug_frame   0x00001080       0x70 /home/innok/piano_stm32/libopencm3/lib/libopencm3_stm32f4.a(flash_common_idcache.o)
 .debug_frame   0x000010f0       0x20 /home/innok/piano_stm32/libopencm3/lib/libopencm3_stm32f4.a(pwr.o)
 .debug_frame   0x00001110       0x4c /opt/gcc-arm-none-eabi/bin/../lib/gcc/arm-none-eabi/13.3.1/../../../../arm-none-eabi/lib/thumb/v7e-m+fp/hard/libm.a(libm_a-w_log.o)
 .debug_frame   0x0000115c       0x20 /opt/gcc-arm-none-eabi/bin/../lib/gcc/arm-none-eabi/13.3.1/../../../../arm-none-eabi/lib/thumb/v7e-m+fp/hard/libm.a(libm_a-s_nan.o)
 .debug_frame   0x0000117c       0x54 /opt/gcc-arm-none-eabi/bin/../lib/gcc/arm-none-eabi/13.3.1/../../../../arm-none-eabi/lib/thumb/v7e-m+fp/hard/libm.a(libm_a-e_log.o)
 .debug_frame   0x000011d0       0x20 /opt/gcc-arm-none-eabi/bin/../lib/gcc/arm-none-eabi/13.3.1/../../../../arm-none-eabi/lib/thumb/v7e-m+fp/hard/libc.a(libc_a-errno.o)
 .debug_frame   0x000011f0      0x13c /opt/gcc-arm-none-eabi/bin/../lib/gcc/arm-none-eabi/13.3.1/../../../../arm-none-eabi/lib/thumb/v7e-m+fp/hard/libc.a(libc_a-findfp.o)
 .debug_frame   0x0000132c       0xac /opt/gcc-arm-none-eabi/bin/../lib/gcc/arm-none-eabi/13.3.1/thumb/v7e-m+fp/hard/libgcc.a(_arm_addsubdf3.o)
 .debug_frame   0x000013d8       0x50 /opt/gcc-arm-none-eabi/bin/../lib/gcc/arm-none-eabi/13.3.1/thumb/v7e-m+fp/hard/libgcc.a(_arm_muldivdf3.o)
 .debug_frame   0x00001428       0xc4 /opt/gcc-arm-none-eabi/bin/../lib/gcc/arm-none-eabi/13.3.1/thumb/v7e-m+fp/hard/libgcc.a(_arm_cmpdf2.o)
 .debug_frame   0x000014ec       0x20 /opt/gcc-arm-none-eabi/bin/../lib/gcc/arm-none-eabi/13.3.1/thumb/v7e-m+fp/hard/libgcc.a(_arm_unorddf2.o)
 .debug_frame   0x0000150c       0x24 /opt/gcc-arm-none-eabi/bin/../lib/gcc/arm-none-eabi/13.3.1/thumb/v7e-m+fp/hard/libgcc.a(_arm_fixdfsi.o)

.debug_loclists
                0x00000000      0xfd8
 .debug_loclists
                0x00000000       0xf9 /home/innok/piano_stm32/libopencm3/lib/libopencm3_stm32f4.a(gpio_common_f0234.o)
 .debug_loclists
                0x000000f9      0x348 /home/innok/piano_stm32/libopencm3/lib/libopencm3_stm32f4.a(i2c_common_v1.o)
 .debug_loclists
                0x00000441       0x87 /home/innok/piano_stm32/libopencm3/lib/libopencm3_stm32f4.a(rcc_common_all.o)
 .debug_loclists
                0x000004c8      0x52f /home/innok/piano_stm32/libopencm3/lib/libopencm3_stm32f4.a(rcc.o)
 .debug_loclists
                0x000009f7      0x1d5 /home/innok/piano_stm32/libopencm3/lib/libopencm3_stm32f4.a(timer_common_all.o)
 .debug_loclists
                0x00000bcc      0x18e /home/innok/piano_stm32/libopencm3/lib/libopencm3_stm32f4.a(usart_common_all.o)
 .debug_loclists
                0x00000d5a       0x79 /home/innok/piano_stm32/libopencm3/lib/libopencm3_stm32f4.a(usart_common_f124.o)
 .debug_loclists
                0x00000dd3       0xb6 /home/innok/piano_stm32/libopencm3/lib/libopencm3_stm32f4.a(vector.o)
 .debug_loclists
                0x00000e89      0x111 /home/innok/piano_stm32/libopencm3/lib/libopencm3_stm32f4.a(nvic.o)
 .debug_loclists
                0x00000f9a       0x17 /home/innok/piano_stm32/libopencm3/lib/libopencm3_stm32f4.a(flash_common_all.o)
 .debug_loclists
                0x00000fb1       0x27 /home/innok/piano_stm32/libopencm3/lib/libopencm3_stm32f4.a(pwr.o)

.debug_line_str
                0x00000000       0xc7
 .debug_line_str
                0x00000000       0xc7 /opt/gcc-arm-none-eabi/bin/../lib/gcc/arm-none-eabi/13.3.1/thumb/v7e-m+fp/hard/libgcc.a(_arm_addsubdf3.o)
 .debug_line_str
                0x000000c7       0xc7 /opt/gcc-arm-none-eabi/bin/../lib/gcc/arm-none-eabi/13.3.1/thumb/v7e-m+fp/hard/libgcc.a(_arm_muldivdf3.o)
 .debug_line_str
                0x000000c7       0xc7 /opt/gcc-arm-none-eabi/bin/../lib/gcc/arm-none-eabi/13.3.1/thumb/v7e-m+fp/hard/libgcc.a(_arm_cmpdf2.o)
 .debug_line_str
                0x000000c7       0xc7 /opt/gcc-arm-none-eabi/bin/../lib/gcc/arm-none-eabi/13.3.1/thumb/v7e-m+fp/hard/libgcc.a(_arm_unorddf2.o)
 .debug_line_str
                0x000000c7       0xc7 /opt/gcc-arm-none-eabi/bin/../lib/gcc/arm-none-eabi/13.3.1/thumb/v7e-m+fp/hard/libgcc.a(_arm_fixdfsi.o)

Cross Reference Table

Symbol                                            File
_Balloc                                           /opt/gcc-arm-none-eabi/bin/../lib/gcc/arm-none-eabi/13.3.1/../../../../arm-none-eabi/lib/thumb/v7e-m+fp/hard/libc.a(libc_a-mprec.o)
                                                  /opt/gcc-arm-none-eabi/bin/../lib/gcc/arm-none-eabi/13.3.1/../../../../arm-none-eabi/lib/thumb/v7e-m+fp/hard/libc.a(libc_a-dtoa.o)
_Bfree                                            /opt/gcc-arm-none-eabi/bin/../lib/gcc/arm-none-eabi/13.3.1/../../../../arm-none-eabi/lib/thumb/v7e-m+fp/hard/libc.a(libc_a-mprec.o)
                                                  /opt/gcc-arm-none-eabi/bin/../lib/gcc/arm-none-eabi/13.3.1/../../../../arm-none-eabi/lib/thumb/v7e-m+fp/hard/libc.a(libc_a-dtoa.o)
_PathLocale                                       /opt/gcc-arm-none-eabi/bin/../lib/gcc/arm-none-eabi/13.3.1/../../../../arm-none-eabi/lib/thumb/v7e-m+fp/hard/libc.a(libc_a-locale.o)
__C_locale                                        /opt/gcc-arm-none-eabi/bin/../lib/gcc/arm-none-eabi/13.3.1/../../../../arm-none-eabi/lib/thumb/v7e-m+fp/hard/libc.a(libc_a-locale.o)
__adddf3                                          /opt/gcc-arm-none-eabi/bin/../lib/gcc/arm-none-eabi/13.3.1/thumb/v7e-m+fp/hard/libgcc.a(_arm_addsubdf3.o)
__aeabi_cdcmpeq                                   /opt/gcc-arm-none-eabi/bin/../lib/gcc/arm-none-eabi/13.3.1/thumb/v7e-m+fp/hard/libgcc.a(_arm_cmpdf2.o)
__aeabi_cdcmple                                   /opt/gcc-arm-none-eabi/bin/../lib/gcc/arm-none-eabi/13.3.1/thumb/v7e-m+fp/hard/libgcc.a(_arm_cmpdf2.o)
__aeabi_cdrcmple                                  /opt/gcc-arm-none-eabi/bin/../lib/gcc/arm-none-eabi/13.3.1/thumb/v7e-m+fp/hard/libgcc.a(_arm_cmpdf2.o)
__aeabi_d2iz                                      /opt/gcc-arm-none-eabi/bin/../lib/gcc/arm-none-eabi/13.3.1/thumb/v7e-m+fp/hard/libgcc.a(_arm_fixdfsi.o)
                                                  /opt/gcc-arm-none-eabi/bin/../lib/gcc/arm-none-eabi/13.3.1/../../../../arm-none-eabi/lib/thumb/v7e-m+fp/hard/libc.a(libc_a-dtoa.o)
                                                  /opt/gcc-arm-none-eabi/bin/../lib/gcc/arm-none-eabi/13.3.1/../../../../arm-none-eabi/lib/thumb/v7e-m+fp/hard/libc.a(libc_a-svfprintf.o)
                                                  main.o
__aeabi_dadd                                      /opt/gcc-arm-none-eabi/bin/../lib/gcc/arm-none-eabi/13.3.1/thumb/v7e-m+fp/hard/libgcc.a(_arm_addsubdf3.o)
                                                  /opt/gcc-arm-none-eabi/bin/../lib/gcc/arm-none-eabi/13.3.1/../../../../arm-none-eabi/lib/thumb/v7e-m+fp/hard/libc.a(libc_a-dtoa.o)
                                                  /opt/gcc-arm-none-eabi/bin/../lib/gcc/arm-none-eabi/13.3.1/../../../../arm-none-eabi/lib/thumb/v7e-m+fp/hard/libm.a(libm_a-e_log.o)
__aeabi_dcmpeq                                    /opt/gcc-arm-none-eabi/bin/../lib/gcc/arm-none-eabi/13.3.1/thumb/v7e-m+fp/hard/libgcc.a(_arm_cmpdf2.o)
                                                  /opt/gcc-arm-none-eabi/bin/../lib/gcc/arm-none-eabi/13.3.1/../../../../arm-none-eabi/lib/thumb/v7e-m+fp/hard/libc.a(libc_a-dtoa.o)
                                                  /opt/gcc-arm-none-eabi/bin/../lib/gcc/arm-none-eabi/13.3.1/../../../../arm-none-eabi/lib/thumb/v7e-m+fp/hard/libc.a(libc_a-svfprintf.o)
                                                  /opt/gcc-arm-none-eabi/bin/../lib/gcc/arm-none-eabi/13.3.1/../../../../arm-none-eabi/lib/thumb/v7e-m+fp/hard/libm.a(libm_a-e_log.o)
                                                  /opt/gcc-arm-none-eabi/bin/../lib/gcc/arm-none-eabi/13.3.1/../../../../arm-none-eabi/lib/thumb/v7e-m+fp/hard/libm.a(libm_a-w_log.o)
__aeabi_dcmpge                                    /opt/gcc-arm-none-eabi/bin/../lib/gcc/arm-none-eabi/13.3.1/thumb/v7e-m+fp/hard/libgcc.a(_arm_cmpdf2.o)
__aeabi_dcmpgt                                    /opt/gcc-arm-none-eabi/bin/../lib/gcc/arm-none-eabi/13.3.1/thumb/v7e-m+fp/hard/libgcc.a(_arm_cmpdf2.o)
                                                  /opt/gcc-arm-none-eabi/bin/../lib/gcc/arm-none-eabi/13.3.1/../../../../arm-none-eabi/lib/thumb/v7e-m+fp/hard/libc.a(libc_a-dtoa.o)
                                                  /opt/gcc-arm-none-eabi/bin/../lib/gcc/arm-none-eabi/13.3.1/../../../../arm-none-eabi/lib/thumb/v7e-m+fp/hard/libc.a(libc_a-svfprintf.o)
                                                  /opt/gcc-arm-none-eabi/bin/../lib/gcc/arm-none-eabi/13.3.1/../../../../arm-none-eabi/lib/thumb/v7e-m+fp/hard/libm.a(libm_a-w_log.o)
__aeabi_dcmple                                    /opt/gcc-arm-none-eabi/bin/../lib/gcc/arm-none-eabi/13.3.1/thumb/v7e-m+fp/hard/libgcc.a(_arm_cmpdf2.o)
                                                  /opt/gcc-arm-none-eabi/bin/../lib/gcc/arm-none-eabi/13.3.1/../../../../arm-none-eabi/lib/thumb/v7e-m+fp/hard/libc.a(libc_a-dtoa.o)
                                                  /opt/gcc-arm-none-eabi/bin/../lib/gcc/arm-none-eabi/13.3.1/../../../../arm-none-eabi/lib/thumb/v7e-m+fp/hard/libc.a(libc_a-svfprintf.o)
__aeabi_dcmplt                                    /opt/gcc-arm-none-eabi/bin/../lib/gcc/arm-none-eabi/13.3.1/thumb/v7e-m+fp/hard/libgcc.a(_arm_cmpdf2.o)
                                                  /opt/gcc-arm-none-eabi/bin/../lib/gcc/arm-none-eabi/13.3.1/../../../../arm-none-eabi/lib/thumb/v7e-m+fp/hard/libc.a(libc_a-dtoa.o)
                                                  /opt/gcc-arm-none-eabi/bin/../lib/gcc/arm-none-eabi/13.3.1/../../../../arm-none-eabi/lib/thumb/v7e-m+fp/hard/libc.a(libc_a-svfprintf.o)
__aeabi_dcmpun                                    /opt/gcc-arm-none-eabi/bin/../lib/gcc/arm-none-eabi/13.3.1/thumb/v7e-m+fp/hard/libgcc.a(_arm_unorddf2.o)
                                                  /opt/gcc-arm-none-eabi/bin/../lib/gcc/arm-none-eabi/13.3.1/../../../../arm-none-eabi/lib/thumb/v7e-m+fp/hard/libc.a(libc_a-svfprintf.o)
                                                  /opt/gcc-arm-none-eabi/bin/../lib/gcc/arm-none-eabi/13.3.1/../../../../arm-none-eabi/lib/thumb/v7e-m+fp/hard/libm.a(libm_a-w_log.o)
__aeabi_ddiv                                      /opt/gcc-arm-none-eabi/bin/../lib/gcc/arm-none-eabi/13.3.1/thumb/v7e-m+fp/hard/libgcc.a(_arm_muldivdf3.o)
                                                  /opt/gcc-arm-none-eabi/bin/../lib/gcc/arm-none-eabi/13.3.1/../../../../arm-none-eabi/lib/thumb/v7e-m+fp/hard/libc.a(libc_a-mprec.o)
                                                  /opt/gcc-arm-none-eabi/bin/../lib/gcc/arm-none-eabi/13.3.1/../../../../arm-none-eabi/lib/thumb/v7e-m+fp/hard/libc.a(libc_a-dtoa.o)
                                                  /opt/gcc-arm-none-eabi/bin/../lib/gcc/arm-none-eabi/13.3.1/../../../../arm-none-eabi/lib/thumb/v7e-m+fp/hard/libm.a(libm_a-e_log.o)
                                                  main.o
__aeabi_dmul                                      /opt/gcc-arm-none-eabi/bin/../lib/gcc/arm-none-eabi/13.3.1/thumb/v7e-m+fp/hard/libgcc.a(_arm_muldivdf3.o)
                                                  /opt/gcc-arm-none-eabi/bin/../lib/gcc/arm-none-eabi/13.3.1/thumb/v7e-m+fp/hard/libgcc.a(_arm_muldf3.o)
                                                  /opt/gcc-arm-none-eabi/bin/../lib/gcc/arm-none-eabi/13.3.1/../../../../arm-none-eabi/lib/thumb/v7e-m+fp/hard/libc.a(libc_a-mprec.o)
                                                  /opt/gcc-arm-none-eabi/bin/../lib/gcc/arm-none-eabi/13.3.1/../../../../arm-none-eabi/lib/thumb/v7e-m+fp/hard/libc.a(libm_a-s_frexp.o)
                                                  /opt/gcc-arm-none-eabi/bin/../lib/gcc/arm-none-eabi/13.3.1/../../../../arm-none-eabi/lib/thumb/v7e-m+fp/hard/libc.a(libc_a-dtoa.o)
                                                  /opt/gcc-arm-none-eabi/bin/../lib/gcc/arm-none-eabi/13.3.1/../../../../arm-none-eabi/lib/thumb/v7e-m+fp/hard/libc.a(libc_a-svfprintf.o)
                                                  /opt/gcc-arm-none-eabi/bin/../lib/gcc/arm-none-eabi/13.3.1/../../../../arm-none-eabi/lib/thumb/v7e-m+fp/hard/libm.a(libm_a-e_log.o)
__aeabi_drsub                                     /opt/gcc-arm-none-eabi/bin/../lib/gcc/arm-none-eabi/13.3.1/thumb/v7e-m+fp/hard/libgcc.a(_arm_addsubdf3.o)
__aeabi_dsub                                      /opt/gcc-arm-none-eabi/bin/../lib/gcc/arm-none-eabi/13.3.1/thumb/v7e-m+fp/hard/libgcc.a(_arm_addsubdf3.o)
                                                  /opt/gcc-arm-none-eabi/bin/../lib/gcc/arm-none-eabi/13.3.1/../../../../arm-none-eabi/lib/thumb/v7e-m+fp/hard/libc.a(libc_a-dtoa.o)
                                                  /opt/gcc-arm-none-eabi/bin/../lib/gcc/arm-none-eabi/13.3.1/../../../../arm-none-eabi/lib/thumb/v7e-m+fp/hard/libc.a(libc_a-svfprintf.o)
                                                  /opt/gcc-arm-none-eabi/bin/../lib/gcc/arm-none-eabi/13.3.1/../../../../arm-none-eabi/lib/thumb/v7e-m+fp/hard/libm.a(libm_a-e_log.o)
__aeabi_f2d                                       /opt/gcc-arm-none-eabi/bin/../lib/gcc/arm-none-eabi/13.3.1/thumb/v7e-m+fp/hard/libgcc.a(_arm_addsubdf3.o)
__aeabi_i2d                                       /opt/gcc-arm-none-eabi/bin/../lib/gcc/arm-none-eabi/13.3.1/thumb/v7e-m+fp/hard/libgcc.a(_arm_addsubdf3.o)
                                                  /opt/gcc-arm-none-eabi/bin/../lib/gcc/arm-none-eabi/13.3.1/../../../../arm-none-eabi/lib/thumb/v7e-m+fp/hard/libc.a(libc_a-dtoa.o)
                                                  /opt/gcc-arm-none-eabi/bin/../lib/gcc/arm-none-eabi/13.3.1/../../../../arm-none-eabi/lib/thumb/v7e-m+fp/hard/libc.a(libc_a-svfprintf.o)
                                                  /opt/gcc-arm-none-eabi/bin/../lib/gcc/arm-none-eabi/13.3.1/../../../../arm-none-eabi/lib/thumb/v7e-m+fp/hard/libm.a(libm_a-e_log.o)
__aeabi_l2d                                       /opt/gcc-arm-none-eabi/bin/../lib/gcc/arm-none-eabi/13.3.1/thumb/v7e-m+fp/hard/libgcc.a(_arm_addsubdf3.o)
__aeabi_ui2d                                      /opt/gcc-arm-none-eabi/bin/../lib/gcc/arm-none-eabi/13.3.1/thumb/v7e-m+fp/hard/libgcc.a(_arm_addsubdf3.o)
                                                  /opt/gcc-arm-none-eabi/bin/../lib/gcc/arm-none-eabi/13.3.1/../../../../arm-none-eabi/lib/thumb/v7e-m+fp/hard/libc.a(libc_a-dtoa.o)
                                                  main.o
__aeabi_ul2d                                      /opt/gcc-arm-none-eabi/bin/../lib/gcc/arm-none-eabi/13.3.1/thumb/v7e-m+fp/hard/libgcc.a(_arm_addsubdf3.o)
__any_on                                          /opt/gcc-arm-none-eabi/bin/../lib/gcc/arm-none-eabi/13.3.1/../../../../arm-none-eabi/lib/thumb/v7e-m+fp/hard/libc.a(libc_a-mprec.o)
__ascii_mbtowc                                    /opt/gcc-arm-none-eabi/bin/../lib/gcc/arm-none-eabi/13.3.1/../../../../arm-none-eabi/lib/thumb/v7e-m+fp/hard/libc.a(libc_a-mbtowc_r.o)
                                                  /opt/gcc-arm-none-eabi/bin/../lib/gcc/arm-none-eabi/13.3.1/../../../../arm-none-eabi/lib/thumb/v7e-m+fp/hard/libc.a(libc_a-locale.o)
__ascii_wctomb                                    /opt/gcc-arm-none-eabi/bin/../lib/gcc/arm-none-eabi/13.3.1/../../../../arm-none-eabi/lib/thumb/v7e-m+fp/hard/libc.a(libc_a-wctomb_r.o)
                                                  /opt/gcc-arm-none-eabi/bin/../lib/gcc/arm-none-eabi/13.3.1/../../../../arm-none-eabi/lib/thumb/v7e-m+fp/hard/libc.a(libc_a-locale.o)
__assert                                          /opt/gcc-arm-none-eabi/bin/../lib/gcc/arm-none-eabi/13.3.1/../../../../arm-none-eabi/lib/thumb/v7e-m+fp/hard/libc.a(libc_a-assert.o)
__assert_func                                     /opt/gcc-arm-none-eabi/bin/../lib/gcc/arm-none-eabi/13.3.1/../../../../arm-none-eabi/lib/thumb/v7e-m+fp/hard/libc.a(libc_a-assert.o)
                                                  /opt/gcc-arm-none-eabi/bin/../lib/gcc/arm-none-eabi/13.3.1/../../../../arm-none-eabi/lib/thumb/v7e-m+fp/hard/libc.a(libc_a-mprec.o)
                                                  /opt/gcc-arm-none-eabi/bin/../lib/gcc/arm-none-eabi/13.3.1/../../../../arm-none-eabi/lib/thumb/v7e-m+fp/hard/libc.a(libc_a-dtoa.o)
__b2d                                             /opt/gcc-arm-none-eabi/bin/../lib/gcc/arm-none-eabi/13.3.1/../../../../arm-none-eabi/lib/thumb/v7e-m+fp/hard/libc.a(libc_a-mprec.o)
__cmpdf2                                          /opt/gcc-arm-none-eabi/bin/../lib/gcc/arm-none-eabi/13.3.1/thumb/v7e-m+fp/hard/libgcc.a(_arm_cmpdf2.o)
__copybits                                        /opt/gcc-arm-none-eabi/bin/../lib/gcc/arm-none-eabi/13.3.1/../../../../arm-none-eabi/lib/thumb/v7e-m+fp/hard/libc.a(libc_a-mprec.o)
__d2b                                             /opt/gcc-arm-none-eabi/bin/../lib/gcc/arm-none-eabi/13.3.1/../../../../arm-none-eabi/lib/thumb/v7e-m+fp/hard/libc.a(libc_a-mprec.o)
                                                  /opt/gcc-arm-none-eabi/bin/../lib/gcc/arm-none-eabi/13.3.1/../../../../arm-none-eabi/lib/thumb/v7e-m+fp/hard/libc.a(libc_a-dtoa.o)
__default_locale                                  /opt/gcc-arm-none-eabi/bin/../lib/gcc/arm-none-eabi/13.3.1/../../../../arm-none-eabi/lib/thumb/v7e-m+fp/hard/libc.a(libc_a-locale.o)
__divdf3                                          /opt/gcc-arm-none-eabi/bin/../lib/gcc/arm-none-eabi/13.3.1/thumb/v7e-m+fp/hard/libgcc.a(_arm_muldivdf3.o)
__env_lock                                        /opt/gcc-arm-none-eabi/bin/../lib/gcc/arm-none-eabi/13.3.1/../../../../arm-none-eabi/lib/thumb/v7e-m+fp/hard/libc.a(libc_a-envlock.o)
                                                  /opt/gcc-arm-none-eabi/bin/../lib/gcc/arm-none-eabi/13.3.1/../../../../arm-none-eabi/lib/thumb/v7e-m+fp/hard/libc.a(libc_a-getenv_r.o)
__env_unlock                                      /opt/gcc-arm-none-eabi/bin/../lib/gcc/arm-none-eabi/13.3.1/../../../../arm-none-eabi/lib/thumb/v7e-m+fp/hard/libc.a(libc_a-envlock.o)
                                                  /opt/gcc-arm-none-eabi/bin/../lib/gcc/arm-none-eabi/13.3.1/../../../../arm-none-eabi/lib/thumb/v7e-m+fp/hard/libc.a(libc_a-getenv_r.o)
__eqdf2                                           /opt/gcc-arm-none-eabi/bin/../lib/gcc/arm-none-eabi/13.3.1/thumb/v7e-m+fp/hard/libgcc.a(_arm_cmpdf2.o)
__errno                                           /opt/gcc-arm-none-eabi/bin/../lib/gcc/arm-none-eabi/13.3.1/../../../../arm-none-eabi/lib/thumb/v7e-m+fp/hard/libc.a(libc_a-errno.o)
                                                  /opt/gcc-arm-none-eabi/bin/../lib/gcc/arm-none-eabi/13.3.1/../../../../arm-none-eabi/lib/thumb/v7e-m+fp/hard/libc.a(libc_a-callocr.o)
                                                  /opt/gcc-arm-none-eabi/bin/../lib/gcc/arm-none-eabi/13.3.1/../../../../arm-none-eabi/lib/thumb/v7e-m+fp/hard/libc.a(libc_a-strtol.o)
                                                  /opt/gcc-arm-none-eabi/bin/../lib/gcc/arm-none-eabi/13.3.1/../../../../arm-none-eabi/lib/thumb/v7e-m+fp/hard/libc.a(libc_a-sysconf.o)
                                                  /opt/gcc-arm-none-eabi/bin/../lib/gcc/arm-none-eabi/13.3.1/../../../../arm-none-eabi/lib/thumb/v7e-m+fp/hard/libm.a(libm_a-w_log.o)
__eucjp_mbtowc                                    /opt/gcc-arm-none-eabi/bin/../lib/gcc/arm-none-eabi/13.3.1/../../../../arm-none-eabi/lib/thumb/v7e-m+fp/hard/libc.a(libc_a-mbtowc_r.o)
                                                  /opt/gcc-arm-none-eabi/bin/../lib/gcc/arm-none-eabi/13.3.1/../../../../arm-none-eabi/lib/thumb/v7e-m+fp/hard/libc.a(libc_a-locale.o)
__eucjp_wctomb                                    /opt/gcc-arm-none-eabi/bin/../lib/gcc/arm-none-eabi/13.3.1/../../../../arm-none-eabi/lib/thumb/v7e-m+fp/hard/libc.a(libc_a-wctomb_r.o)
                                                  /opt/gcc-arm-none-eabi/bin/../lib/gcc/arm-none-eabi/13.3.1/../../../../arm-none-eabi/lib/thumb/v7e-m+fp/hard/libc.a(libc_a-locale.o)
__extendsfdf2                                     /opt/gcc-arm-none-eabi/bin/../lib/gcc/arm-none-eabi/13.3.1/thumb/v7e-m+fp/hard/libgcc.a(_arm_addsubdf3.o)
__fini_array_end                                  /home/innok/piano_stm32/libopencm3/lib/libopencm3_stm32f4.a(vector.o)
__fini_array_start                                /home/innok/piano_stm32/libopencm3/lib/libopencm3_stm32f4.a(vector.o)
__fixdfsi                                         /opt/gcc-arm-none-eabi/bin/../lib/gcc/arm-none-eabi/13.3.1/thumb/v7e-m+fp/hard/libgcc.a(_arm_fixdfsi.o)
__floatdidf                                       /opt/gcc-arm-none-eabi/bin/../lib/gcc/arm-none-eabi/13.3.1/thumb/v7e-m+fp/hard/libgcc.a(_arm_addsubdf3.o)
__floatsidf                                       /opt/gcc-arm-none-eabi/bin/../lib/gcc/arm-none-eabi/13.3.1/thumb/v7e-m+fp/hard/libgcc.a(_arm_addsubdf3.o)
__floatundidf                                     /opt/gcc-arm-none-eabi/bin/../lib/gcc/arm-none-eabi/13.3.1/thumb/v7e-m+fp/hard/libgcc.a(_arm_addsubdf3.o)
__floatunsidf                                     /opt/gcc-arm-none-eabi/bin/../lib/gcc/arm-none-eabi/13.3.1/thumb/v7e-m+fp/hard/libgcc.a(_arm_addsubdf3.o)
__fp_lock_all                                     /opt/gcc-arm-none-eabi/bin/../lib/gcc/arm-none-eabi/13.3.1/../../../../arm-none-eabi/lib/thumb/v7e-m+fp/hard/libc.a(libc_a-findfp.o)
__fp_unlock_all                                   /opt/gcc-arm-none-eabi/bin/../lib/gcc/arm-none-eabi/13.3.1/../../../../arm-none-eabi/lib/thumb/v7e-m+fp/hard/libc.a(libc_a-findfp.o)
__gedf2                                           /opt/gcc-arm-none-eabi/bin/../lib/gcc/arm-none-eabi/13.3.1/thumb/v7e-m+fp/hard/libgcc.a(_arm_cmpdf2.o)
__get_locale_env                                  /opt/gcc-arm-none-eabi/bin/../lib/gcc/arm-none-eabi/13.3.1/../../../../arm-none-eabi/lib/thumb/v7e-m+fp/hard/libc.a(libc_a-locale.o)
__global_locale                                   /opt/gcc-arm-none-eabi/bin/../lib/gcc/arm-none-eabi/13.3.1/../../../../arm-none-eabi/lib/thumb/v7e-m+fp/hard/libc.a(libc_a-locale.o)
                                                  /opt/gcc-arm-none-eabi/bin/../lib/gcc/arm-none-eabi/13.3.1/../../../../arm-none-eabi/lib/thumb/v7e-m+fp/hard/libc.a(libc_a-vfiprintf.o)
                                                  /opt/gcc-arm-none-eabi/bin/../lib/gcc/arm-none-eabi/13.3.1/../../../../arm-none-eabi/lib/thumb/v7e-m+fp/hard/libc.a(libc_a-wcsnrtombs.o)
                                                  /opt/gcc-arm-none-eabi/bin/../lib/gcc/arm-none-eabi/13.3.1/../../../../arm-none-eabi/lib/thumb/v7e-m+fp/hard/libc.a(libc_a-mbtowc_r.o)
                                                  /opt/gcc-arm-none-eabi/bin/../lib/gcc/arm-none-eabi/13.3.1/../../../../arm-none-eabi/lib/thumb/v7e-m+fp/hard/libc.a(libc_a-wctomb_r.o)
                                                  /opt/gcc-arm-none-eabi/bin/../lib/gcc/arm-none-eabi/13.3.1/../../../../arm-none-eabi/lib/thumb/v7e-m+fp/hard/libc.a(libc_a-localeconv.o)
                                                  /opt/gcc-arm-none-eabi/bin/../lib/gcc/arm-none-eabi/13.3.1/../../../../arm-none-eabi/lib/thumb/v7e-m+fp/hard/libc.a(libc_a-wcrtomb.o)
                                                  /opt/gcc-arm-none-eabi/bin/../lib/gcc/arm-none-eabi/13.3.1/../../../../arm-none-eabi/lib/thumb/v7e-m+fp/hard/libc.a(libc_a-svfprintf.o)
__gtdf2                                           /opt/gcc-arm-none-eabi/bin/../lib/gcc/arm-none-eabi/13.3.1/thumb/v7e-m+fp/hard/libgcc.a(_arm_cmpdf2.o)
__hi0bits                                         /opt/gcc-arm-none-eabi/bin/../lib/gcc/arm-none-eabi/13.3.1/../../../../arm-none-eabi/lib/thumb/v7e-m+fp/hard/libc.a(libc_a-mprec.o)
                                                  /opt/gcc-arm-none-eabi/bin/../lib/gcc/arm-none-eabi/13.3.1/../../../../arm-none-eabi/lib/thumb/v7e-m+fp/hard/libc.a(libc_a-dtoa.o)
__i2b                                             /opt/gcc-arm-none-eabi/bin/../lib/gcc/arm-none-eabi/13.3.1/../../../../arm-none-eabi/lib/thumb/v7e-m+fp/hard/libc.a(libc_a-mprec.o)
                                                  /opt/gcc-arm-none-eabi/bin/../lib/gcc/arm-none-eabi/13.3.1/../../../../arm-none-eabi/lib/thumb/v7e-m+fp/hard/libc.a(libc_a-dtoa.o)
__ieee754_log                                     /opt/gcc-arm-none-eabi/bin/../lib/gcc/arm-none-eabi/13.3.1/../../../../arm-none-eabi/lib/thumb/v7e-m+fp/hard/libm.a(libm_a-e_log.o)
                                                  /opt/gcc-arm-none-eabi/bin/../lib/gcc/arm-none-eabi/13.3.1/../../../../arm-none-eabi/lib/thumb/v7e-m+fp/hard/libm.a(libm_a-w_log.o)
__init_array_end                                  /home/innok/piano_stm32/libopencm3/lib/libopencm3_stm32f4.a(vector.o)
__init_array_start                                /home/innok/piano_stm32/libopencm3/lib/libopencm3_stm32f4.a(vector.o)
__jis_mbtowc                                      /opt/gcc-arm-none-eabi/bin/../lib/gcc/arm-none-eabi/13.3.1/../../../../arm-none-eabi/lib/thumb/v7e-m+fp/hard/libc.a(libc_a-mbtowc_r.o)
                                                  /opt/gcc-arm-none-eabi/bin/../lib/gcc/arm-none-eabi/13.3.1/../../../../arm-none-eabi/lib/thumb/v7e-m+fp/hard/libc.a(libc_a-locale.o)
__jis_wctomb                                      /opt/gcc-arm-none-eabi/bin/../lib/gcc/arm-none-eabi/13.3.1/../../../../arm-none-eabi/lib/thumb/v7e-m+fp/hard/libc.a(libc_a-wctomb_r.o)
                                                  /opt/gcc-arm-none-eabi/bin/../lib/gcc/arm-none-eabi/13.3.1/../../../../arm-none-eabi/lib/thumb/v7e-m+fp/hard/libc.a(libc_a-locale.o)
__ledf2                                           /opt/gcc-arm-none-eabi/bin/../lib/gcc/arm-none-eabi/13.3.1/thumb/v7e-m+fp/hard/libgcc.a(_arm_cmpdf2.o)
__lo0bits                                         /opt/gcc-arm-none-eabi/bin/../lib/gcc/arm-none-eabi/13.3.1/../../../../arm-none-eabi/lib/thumb/v7e-m+fp/hard/libc.a(libc_a-mprec.o)
__loadlocale                                      /opt/gcc-arm-none-eabi/bin/../lib/gcc/arm-none-eabi/13.3.1/../../../../arm-none-eabi/lib/thumb/v7e-m+fp/hard/libc.a(libc_a-locale.o)
__locale_mb_cur_max                               /opt/gcc-arm-none-eabi/bin/../lib/gcc/arm-none-eabi/13.3.1/../../../../arm-none-eabi/lib/thumb/v7e-m+fp/hard/libc.a(libc_a-locale.o)
                                                  /opt/gcc-arm-none-eabi/bin/../lib/gcc/arm-none-eabi/13.3.1/../../../../arm-none-eabi/lib/thumb/v7e-m+fp/hard/libc.a(libc_a-vfiprintf.o)
                                                  /opt/gcc-arm-none-eabi/bin/../lib/gcc/arm-none-eabi/13.3.1/../../../../arm-none-eabi/lib/thumb/v7e-m+fp/hard/libc.a(libc_a-svfprintf.o)
__localeconv_l                                    /opt/gcc-arm-none-eabi/bin/../lib/gcc/arm-none-eabi/13.3.1/../../../../arm-none-eabi/lib/thumb/v7e-m+fp/hard/libc.a(libc_a-localeconv.o)
__lock___arc4random_mutex                         /opt/gcc-arm-none-eabi/bin/../lib/gcc/arm-none-eabi/13.3.1/../../../../arm-none-eabi/lib/thumb/v7e-m+fp/hard/libc.a(libc_a-lock.o)
__lock___at_quick_exit_mutex                      /opt/gcc-arm-none-eabi/bin/../lib/gcc/arm-none-eabi/13.3.1/../../../../arm-none-eabi/lib/thumb/v7e-m+fp/hard/libc.a(libc_a-lock.o)
__lock___atexit_recursive_mutex                   /opt/gcc-arm-none-eabi/bin/../lib/gcc/arm-none-eabi/13.3.1/../../../../arm-none-eabi/lib/thumb/v7e-m+fp/hard/libc.a(libc_a-lock.o)
__lock___dd_hash_mutex                            /opt/gcc-arm-none-eabi/bin/../lib/gcc/arm-none-eabi/13.3.1/../../../../arm-none-eabi/lib/thumb/v7e-m+fp/hard/libc.a(libc_a-lock.o)
__lock___env_recursive_mutex                      /opt/gcc-arm-none-eabi/bin/../lib/gcc/arm-none-eabi/13.3.1/../../../../arm-none-eabi/lib/thumb/v7e-m+fp/hard/libc.a(libc_a-lock.o)
                                                  /opt/gcc-arm-none-eabi/bin/../lib/gcc/arm-none-eabi/13.3.1/../../../../arm-none-eabi/lib/thumb/v7e-m+fp/hard/libc.a(libc_a-envlock.o)
__lock___malloc_recursive_mutex                   /opt/gcc-arm-none-eabi/bin/../lib/gcc/arm-none-eabi/13.3.1/../../../../arm-none-eabi/lib/thumb/v7e-m+fp/hard/libc.a(libc_a-lock.o)
                                                  /opt/gcc-arm-none-eabi/bin/../lib/gcc/arm-none-eabi/13.3.1/../../../../arm-none-eabi/lib/thumb/v7e-m+fp/hard/libc.a(libc_a-mlock.o)
__lock___sfp_recursive_mutex                      /opt/gcc-arm-none-eabi/bin/../lib/gcc/arm-none-eabi/13.3.1/../../../../arm-none-eabi/lib/thumb/v7e-m+fp/hard/libc.a(libc_a-lock.o)
                                                  /opt/gcc-arm-none-eabi/bin/../lib/gcc/arm-none-eabi/13.3.1/../../../../arm-none-eabi/lib/thumb/v7e-m+fp/hard/libc.a(libc_a-findfp.o)
__lock___tz_mutex                                 /opt/gcc-arm-none-eabi/bin/../lib/gcc/arm-none-eabi/13.3.1/../../../../arm-none-eabi/lib/thumb/v7e-m+fp/hard/libc.a(libc_a-lock.o)
__lshift                                          /opt/gcc-arm-none-eabi/bin/../lib/gcc/arm-none-eabi/13.3.1/../../../../arm-none-eabi/lib/thumb/v7e-m+fp/hard/libc.a(libc_a-mprec.o)
                                                  /opt/gcc-arm-none-eabi/bin/../lib/gcc/arm-none-eabi/13.3.1/../../../../arm-none-eabi/lib/thumb/v7e-m+fp/hard/libc.a(libc_a-dtoa.o)
__ltdf2                                           /opt/gcc-arm-none-eabi/bin/../lib/gcc/arm-none-eabi/13.3.1/thumb/v7e-m+fp/hard/libgcc.a(_arm_cmpdf2.o)
__malloc_av_                                      /opt/gcc-arm-none-eabi/bin/../lib/gcc/arm-none-eabi/13.3.1/../../../../arm-none-eabi/lib/thumb/v7e-m+fp/hard/libc.a(libc_a-mallocr.o)
                                                  /opt/gcc-arm-none-eabi/bin/../lib/gcc/arm-none-eabi/13.3.1/../../../../arm-none-eabi/lib/thumb/v7e-m+fp/hard/libc.a(libc_a-reallocr.o)
                                                  /opt/gcc-arm-none-eabi/bin/../lib/gcc/arm-none-eabi/13.3.1/../../../../arm-none-eabi/lib/thumb/v7e-m+fp/hard/libc.a(libc_a-freer.o)
__malloc_current_mallinfo                         /opt/gcc-arm-none-eabi/bin/../lib/gcc/arm-none-eabi/13.3.1/../../../../arm-none-eabi/lib/thumb/v7e-m+fp/hard/libc.a(libc_a-mallocr.o)
                                                  /opt/gcc-arm-none-eabi/bin/../lib/gcc/arm-none-eabi/13.3.1/../../../../arm-none-eabi/lib/thumb/v7e-m+fp/hard/libc.a(libc_a-freer.o)
__malloc_lock                                     /opt/gcc-arm-none-eabi/bin/../lib/gcc/arm-none-eabi/13.3.1/../../../../arm-none-eabi/lib/thumb/v7e-m+fp/hard/libc.a(libc_a-mlock.o)
                                                  /opt/gcc-arm-none-eabi/bin/../lib/gcc/arm-none-eabi/13.3.1/../../../../arm-none-eabi/lib/thumb/v7e-m+fp/hard/libc.a(libc_a-reallocr.o)
                                                  /opt/gcc-arm-none-eabi/bin/../lib/gcc/arm-none-eabi/13.3.1/../../../../arm-none-eabi/lib/thumb/v7e-m+fp/hard/libc.a(libc_a-freer.o)
                                                  /opt/gcc-arm-none-eabi/bin/../lib/gcc/arm-none-eabi/13.3.1/../../../../arm-none-eabi/lib/thumb/v7e-m+fp/hard/libc.a(libc_a-mallocr.o)
__malloc_max_sbrked_mem                           /opt/gcc-arm-none-eabi/bin/../lib/gcc/arm-none-eabi/13.3.1/../../../../arm-none-eabi/lib/thumb/v7e-m+fp/hard/libc.a(libc_a-mallocr.o)
__malloc_max_total_mem                            /opt/gcc-arm-none-eabi/bin/../lib/gcc/arm-none-eabi/13.3.1/../../../../arm-none-eabi/lib/thumb/v7e-m+fp/hard/libc.a(libc_a-mallocr.o)
__malloc_sbrk_base                                /opt/gcc-arm-none-eabi/bin/../lib/gcc/arm-none-eabi/13.3.1/../../../../arm-none-eabi/lib/thumb/v7e-m+fp/hard/libc.a(libc_a-mallocr.o)
                                                  /opt/gcc-arm-none-eabi/bin/../lib/gcc/arm-none-eabi/13.3.1/../../../../arm-none-eabi/lib/thumb/v7e-m+fp/hard/libc.a(libc_a-freer.o)
__malloc_top_pad                                  /opt/gcc-arm-none-eabi/bin/../lib/gcc/arm-none-eabi/13.3.1/../../../../arm-none-eabi/lib/thumb/v7e-m+fp/hard/libc.a(libc_a-mallocr.o)
                                                  /opt/gcc-arm-none-eabi/bin/../lib/gcc/arm-none-eabi/13.3.1/../../../../arm-none-eabi/lib/thumb/v7e-m+fp/hard/libc.a(libc_a-freer.o)
__malloc_trim_threshold                           /opt/gcc-arm-none-eabi/bin/../lib/gcc/arm-none-eabi/13.3.1/../../../../arm-none-eabi/lib/thumb/v7e-m+fp/hard/libc.a(libc_a-mallocr.o)
                                                  /opt/gcc-arm-none-eabi/bin/../lib/gcc/arm-none-eabi/13.3.1/../../../../arm-none-eabi/lib/thumb/v7e-m+fp/hard/libc.a(libc_a-freer.o)
__malloc_unlock                                   /opt/gcc-arm-none-eabi/bin/../lib/gcc/arm-none-eabi/13.3.1/../../../../arm-none-eabi/lib/thumb/v7e-m+fp/hard/libc.a(libc_a-mlock.o)
                                                  /opt/gcc-arm-none-eabi/bin/../lib/gcc/arm-none-eabi/13.3.1/../../../../arm-none-eabi/lib/thumb/v7e-m+fp/hard/libc.a(libc_a-reallocr.o)
                                                  /opt/gcc-arm-none-eabi/bin/../lib/gcc/arm-none-eabi/13.3.1/../../../../arm-none-eabi/lib/thumb/v7e-m+fp/hard/libc.a(libc_a-freer.o)
                                                  /opt/gcc-arm-none-eabi/bin/../lib/gcc/arm-none-eabi/13.3.1/../../../../arm-none-eabi/lib/thumb/v7e-m+fp/hard/libc.a(libc_a-mallocr.o)
__mcmp                                            /opt/gcc-arm-none-eabi/bin/../lib/gcc/arm-none-eabi/13.3.1/../../../../arm-none-eabi/lib/thumb/v7e-m+fp/hard/libc.a(libc_a-mprec.o)
                                                  /opt/gcc-arm-none-eabi/bin/../lib/gcc/arm-none-eabi/13.3.1/../../../../arm-none-eabi/lib/thumb/v7e-m+fp/hard/libc.a(libc_a-dtoa.o)
__mdiff                                           /opt/gcc-arm-none-eabi/bin/../lib/gcc/arm-none-eabi/13.3.1/../../../../arm-none-eabi/lib/thumb/v7e-m+fp/hard/libc.a(libc_a-mprec.o)
                                                  /opt/gcc-arm-none-eabi/bin/../lib/gcc/arm-none-eabi/13.3.1/../../../../arm-none-eabi/lib/thumb/v7e-m+fp/hard/libc.a(libc_a-dtoa.o)
__mprec_bigtens                                   /opt/gcc-arm-none-eabi/bin/../lib/gcc/arm-none-eabi/13.3.1/../../../../arm-none-eabi/lib/thumb/v7e-m+fp/hard/libc.a(libc_a-mprec.o)
                                                  /opt/gcc-arm-none-eabi/bin/../lib/gcc/arm-none-eabi/13.3.1/../../../../arm-none-eabi/lib/thumb/v7e-m+fp/hard/libc.a(libc_a-dtoa.o)
__mprec_tens                                      /opt/gcc-arm-none-eabi/bin/../lib/gcc/arm-none-eabi/13.3.1/../../../../arm-none-eabi/lib/thumb/v7e-m+fp/hard/libc.a(libc_a-mprec.o)
                                                  /opt/gcc-arm-none-eabi/bin/../lib/gcc/arm-none-eabi/13.3.1/../../../../arm-none-eabi/lib/thumb/v7e-m+fp/hard/libc.a(libc_a-dtoa.o)
__mprec_tinytens                                  /opt/gcc-arm-none-eabi/bin/../lib/gcc/arm-none-eabi/13.3.1/../../../../arm-none-eabi/lib/thumb/v7e-m+fp/hard/libc.a(libc_a-mprec.o)
__muldf3                                          /opt/gcc-arm-none-eabi/bin/../lib/gcc/arm-none-eabi/13.3.1/thumb/v7e-m+fp/hard/libgcc.a(_arm_muldivdf3.o)
                                                  /opt/gcc-arm-none-eabi/bin/../lib/gcc/arm-none-eabi/13.3.1/thumb/v7e-m+fp/hard/libgcc.a(_arm_muldf3.o)
__multadd                                         /opt/gcc-arm-none-eabi/bin/../lib/gcc/arm-none-eabi/13.3.1/../../../../arm-none-eabi/lib/thumb/v7e-m+fp/hard/libc.a(libc_a-mprec.o)
                                                  /opt/gcc-arm-none-eabi/bin/../lib/gcc/arm-none-eabi/13.3.1/../../../../arm-none-eabi/lib/thumb/v7e-m+fp/hard/libc.a(libc_a-dtoa.o)
__multiply                                        /opt/gcc-arm-none-eabi/bin/../lib/gcc/arm-none-eabi/13.3.1/../../../../arm-none-eabi/lib/thumb/v7e-m+fp/hard/libc.a(libc_a-mprec.o)
                                                  /opt/gcc-arm-none-eabi/bin/../lib/gcc/arm-none-eabi/13.3.1/../../../../arm-none-eabi/lib/thumb/v7e-m+fp/hard/libc.a(libc_a-dtoa.o)
__nedf2                                           /opt/gcc-arm-none-eabi/bin/../lib/gcc/arm-none-eabi/13.3.1/thumb/v7e-m+fp/hard/libgcc.a(_arm_cmpdf2.o)
__pow5mult                                        /opt/gcc-arm-none-eabi/bin/../lib/gcc/arm-none-eabi/13.3.1/../../../../arm-none-eabi/lib/thumb/v7e-m+fp/hard/libc.a(libc_a-mprec.o)
                                                  /opt/gcc-arm-none-eabi/bin/../lib/gcc/arm-none-eabi/13.3.1/../../../../arm-none-eabi/lib/thumb/v7e-m+fp/hard/libc.a(libc_a-dtoa.o)
__preinit_array_end                               /home/innok/piano_stm32/libopencm3/lib/libopencm3_stm32f4.a(vector.o)
__preinit_array_start                             /home/innok/piano_stm32/libopencm3/lib/libopencm3_stm32f4.a(vector.o)
__ratio                                           /opt/gcc-arm-none-eabi/bin/../lib/gcc/arm-none-eabi/13.3.1/../../../../arm-none-eabi/lib/thumb/v7e-m+fp/hard/libc.a(libc_a-mprec.o)
__retarget_lock_acquire                           /opt/gcc-arm-none-eabi/bin/../lib/gcc/arm-none-eabi/13.3.1/../../../../arm-none-eabi/lib/thumb/v7e-m+fp/hard/libc.a(libc_a-lock.o)
__retarget_lock_acquire_recursive                 /opt/gcc-arm-none-eabi/bin/../lib/gcc/arm-none-eabi/13.3.1/../../../../arm-none-eabi/lib/thumb/v7e-m+fp/hard/libc.a(libc_a-lock.o)
                                                  /opt/gcc-arm-none-eabi/bin/../lib/gcc/arm-none-eabi/13.3.1/../../../../arm-none-eabi/lib/thumb/v7e-m+fp/hard/libc.a(libc_a-vfiprintf.o)
                                                  /opt/gcc-arm-none-eabi/bin/../lib/gcc/arm-none-eabi/13.3.1/../../../../arm-none-eabi/lib/thumb/v7e-m+fp/hard/libc.a(libc_a-envlock.o)
                                                  /opt/gcc-arm-none-eabi/bin/../lib/gcc/arm-none-eabi/13.3.1/../../../../arm-none-eabi/lib/thumb/v7e-m+fp/hard/libc.a(libc_a-fflush.o)
                                                  /opt/gcc-arm-none-eabi/bin/../lib/gcc/arm-none-eabi/13.3.1/../../../../arm-none-eabi/lib/thumb/v7e-m+fp/hard/libc.a(libc_a-fclose.o)
                                                  /opt/gcc-arm-none-eabi/bin/../lib/gcc/arm-none-eabi/13.3.1/../../../../arm-none-eabi/lib/thumb/v7e-m+fp/hard/libc.a(libc_a-mlock.o)
                                                  /opt/gcc-arm-none-eabi/bin/../lib/gcc/arm-none-eabi/13.3.1/../../../../arm-none-eabi/lib/thumb/v7e-m+fp/hard/libc.a(libc_a-findfp.o)
__retarget_lock_close                             /opt/gcc-arm-none-eabi/bin/../lib/gcc/arm-none-eabi/13.3.1/../../../../arm-none-eabi/lib/thumb/v7e-m+fp/hard/libc.a(libc_a-lock.o)
__retarget_lock_close_recursive                   /opt/gcc-arm-none-eabi/bin/../lib/gcc/arm-none-eabi/13.3.1/../../../../arm-none-eabi/lib/thumb/v7e-m+fp/hard/libc.a(libc_a-lock.o)
                                                  /opt/gcc-arm-none-eabi/bin/../lib/gcc/arm-none-eabi/13.3.1/../../../../arm-none-eabi/lib/thumb/v7e-m+fp/hard/libc.a(libc_a-vfiprintf.o)
                                                  /opt/gcc-arm-none-eabi/bin/../lib/gcc/arm-none-eabi/13.3.1/../../../../arm-none-eabi/lib/thumb/v7e-m+fp/hard/libc.a(libc_a-fclose.o)
__retarget_lock_init                              /opt/gcc-arm-none-eabi/bin/../lib/gcc/arm-none-eabi/13.3.1/../../../../arm-none-eabi/lib/thumb/v7e-m+fp/hard/libc.a(libc_a-lock.o)
__retarget_lock_init_recursive                    /opt/gcc-arm-none-eabi/bin/../lib/gcc/arm-none-eabi/13.3.1/../../../../arm-none-eabi/lib/thumb/v7e-m+fp/hard/libc.a(libc_a-lock.o)
                                                  /opt/gcc-arm-none-eabi/bin/../lib/gcc/arm-none-eabi/13.3.1/../../../../arm-none-eabi/lib/thumb/v7e-m+fp/hard/libc.a(libc_a-vfiprintf.o)
                                                  /opt/gcc-arm-none-eabi/bin/../lib/gcc/arm-none-eabi/13.3.1/../../../../arm-none-eabi/lib/thumb/v7e-m+fp/hard/libc.a(libc_a-findfp.o)
__retarget_lock_release                           /opt/gcc-arm-none-eabi/bin/../lib/gcc/arm-none-eabi/13.3.1/../../../../arm-none-eabi/lib/thumb/v7e-m+fp/hard/libc.a(libc_a-lock.o)
__retarget_lock_release_recursive                 /opt/gcc-arm-none-eabi/bin/../lib/gcc/arm-none-eabi/13.3.1/../../../../arm-none-eabi/lib/thumb/v7e-m+fp/hard/libc.a(libc_a-lock.o)
                                                  /opt/gcc-arm-none-eabi/bin/../lib/gcc/arm-none-eabi/13.3.1/../../../../arm-none-eabi/lib/thumb/v7e-m+fp/hard/libc.a(libc_a-vfiprintf.o)
                                                  /opt/gcc-arm-none-eabi/bin/../lib/gcc/arm-none-eabi/13.3.1/../../../../arm-none-eabi/lib/thumb/v7e-m+fp/hard/libc.a(libc_a-envlock.o)
                                                  /opt/gcc-arm-none-eabi/bin/../lib/gcc/arm-none-eabi/13.3.1/../../../../arm-none-eabi/lib/thumb/v7e-m+fp/hard/libc.a(libc_a-fflush.o)
                                                  /opt/gcc-arm-none-eabi/bin/../lib/gcc/arm-none-eabi/13.3.1/../../../../arm-none-eabi/lib/thumb/v7e-m+fp/hard/libc.a(libc_a-fclose.o)
                                                  /opt/gcc-arm-none-eabi/bin/../lib/gcc/arm-none-eabi/13.3.1/../../../../arm-none-eabi/lib/thumb/v7e-m+fp/hard/libc.a(libc_a-mlock.o)
                                                  /opt/gcc-arm-none-eabi/bin/../lib/gcc/arm-none-eabi/13.3.1/../../../../arm-none-eabi/lib/thumb/v7e-m+fp/hard/libc.a(libc_a-findfp.o)
__retarget_lock_try_acquire                       /opt/gcc-arm-none-eabi/bin/../lib/gcc/arm-none-eabi/13.3.1/../../../../arm-none-eabi/lib/thumb/v7e-m+fp/hard/libc.a(libc_a-lock.o)
__retarget_lock_try_acquire_recursive             /opt/gcc-arm-none-eabi/bin/../lib/gcc/arm-none-eabi/13.3.1/../../../../arm-none-eabi/lib/thumb/v7e-m+fp/hard/libc.a(libc_a-lock.o)
__s2b                                             /opt/gcc-arm-none-eabi/bin/../lib/gcc/arm-none-eabi/13.3.1/../../../../arm-none-eabi/lib/thumb/v7e-m+fp/hard/libc.a(libc_a-mprec.o)
__sclose                                          /opt/gcc-arm-none-eabi/bin/../lib/gcc/arm-none-eabi/13.3.1/../../../../arm-none-eabi/lib/thumb/v7e-m+fp/hard/libc.a(libc_a-stdio.o)
                                                  /opt/gcc-arm-none-eabi/bin/../lib/gcc/arm-none-eabi/13.3.1/../../../../arm-none-eabi/lib/thumb/v7e-m+fp/hard/libc.a(libc_a-findfp.o)
__seofread                                        /opt/gcc-arm-none-eabi/bin/../lib/gcc/arm-none-eabi/13.3.1/../../../../arm-none-eabi/lib/thumb/v7e-m+fp/hard/libc.a(libc_a-stdio.o)
__set_ctype                                       /opt/gcc-arm-none-eabi/bin/../lib/gcc/arm-none-eabi/13.3.1/../../../../arm-none-eabi/lib/thumb/v7e-m+fp/hard/libc.a(libc_a-ctype_.o)
                                                  /opt/gcc-arm-none-eabi/bin/../lib/gcc/arm-none-eabi/13.3.1/../../../../arm-none-eabi/lib/thumb/v7e-m+fp/hard/libc.a(libc_a-locale.o)
__sf                                              /opt/gcc-arm-none-eabi/bin/../lib/gcc/arm-none-eabi/13.3.1/../../../../arm-none-eabi/lib/thumb/v7e-m+fp/hard/libc.a(libc_a-findfp.o)
                                                  /opt/gcc-arm-none-eabi/bin/../lib/gcc/arm-none-eabi/13.3.1/../../../../arm-none-eabi/lib/thumb/v7e-m+fp/hard/libc.a(libc_a-impure.o)
__sflush_r                                        /opt/gcc-arm-none-eabi/bin/../lib/gcc/arm-none-eabi/13.3.1/../../../../arm-none-eabi/lib/thumb/v7e-m+fp/hard/libc.a(libc_a-fflush.o)
                                                  /opt/gcc-arm-none-eabi/bin/../lib/gcc/arm-none-eabi/13.3.1/../../../../arm-none-eabi/lib/thumb/v7e-m+fp/hard/libc.a(libc_a-fclose.o)
__sfp                                             /opt/gcc-arm-none-eabi/bin/../lib/gcc/arm-none-eabi/13.3.1/../../../../arm-none-eabi/lib/thumb/v7e-m+fp/hard/libc.a(libc_a-findfp.o)
__sfp_lock_acquire                                /opt/gcc-arm-none-eabi/bin/../lib/gcc/arm-none-eabi/13.3.1/../../../../arm-none-eabi/lib/thumb/v7e-m+fp/hard/libc.a(libc_a-findfp.o)
                                                  /opt/gcc-arm-none-eabi/bin/../lib/gcc/arm-none-eabi/13.3.1/../../../../arm-none-eabi/lib/thumb/v7e-m+fp/hard/libc.a(libc_a-fclose.o)
__sfp_lock_release                                /opt/gcc-arm-none-eabi/bin/../lib/gcc/arm-none-eabi/13.3.1/../../../../arm-none-eabi/lib/thumb/v7e-m+fp/hard/libc.a(libc_a-findfp.o)
                                                  /opt/gcc-arm-none-eabi/bin/../lib/gcc/arm-none-eabi/13.3.1/../../../../arm-none-eabi/lib/thumb/v7e-m+fp/hard/libc.a(libc_a-fclose.o)
__sfvwrite_r                                      /opt/gcc-arm-none-eabi/bin/../lib/gcc/arm-none-eabi/13.3.1/../../../../arm-none-eabi/lib/thumb/v7e-m+fp/hard/libc.a(libc_a-fvwrite.o)
                                                  /opt/gcc-arm-none-eabi/bin/../lib/gcc/arm-none-eabi/13.3.1/../../../../arm-none-eabi/lib/thumb/v7e-m+fp/hard/libc.a(libc_a-sprint_r.o)