Archive member included to satisfy reference by file (symbol)

/home/innok/piano_stm32/libopencm3/lib/libopencm3_stm32f4.a(gpio_common_all.o)
                              main.o (gpio_set)
/home/innok/piano_stm32/libopencm3/lib/libopencm3_stm32f4.a(gpio_common_f0234.o)
                              main.o (gpio_mode_setup)
/home/innok/piano_stm32/libopencm3/lib/libopencm3_stm32f4.a(rcc_common_all.o)
                              main.o (rcc_periph_clock_enable)
/home/innok/piano_stm32/libopencm3/lib/libopencm3_stm32f4.a(rcc.o)
                              main.o (rcc_clock_setup_pll)
/home/innok/piano_stm32/libopencm3/lib/libopencm3_stm32f4.a(timer_common_all.o)
                              main.o (timer_enable_irq)
/home/innok/piano_stm32/libopencm3/lib/libopencm3_stm32f4.a(vector.o)
                              (reset_handler)
/home/innok/piano_stm32/libopencm3/lib/libopencm3_stm32f4.a(nvic.o)
                              main.o (nvic_enable_irq)
/home/innok/piano_stm32/libopencm3/lib/libopencm3_stm32f4.a(flash_common_all.o)
                              /home/innok/piano_stm32/libopencm3/lib/libopencm3_stm32f4.a(rcc.o) (flash_set_ws)
/home/innok/piano_stm32/libopencm3/lib/libopencm3_stm32f4.a(flash_common_idcache.o)
                              /home/innok/piano_stm32/libopencm3/lib/libopencm3_stm32f4.a(rcc.o) (flash_dcache_enable)
/home/innok/piano_stm32/libopencm3/lib/libopencm3_stm32f4.a(pwr.o)
                              /home/innok/piano_stm32/libopencm3/lib/libopencm3_stm32f4.a(rcc.o) (pwr_set_vos_scale)

Discarded input sections

 .group         0x00000000        0xc main.o
 .group         0x00000000        0xc main.o
 .group         0x00000000        0xc main.o
 .group         0x00000000        0xc main.o
 .group         0x00000000        0xc main.o
 .group         0x00000000        0xc main.o
 .group         0x00000000        0xc main.o
 .group         0x00000000        0xc main.o
 .group         0x00000000        0xc main.o
 .group         0x00000000        0xc main.o
 .group         0x00000000        0xc main.o
 .group         0x00000000        0xc main.o
 .group         0x00000000        0xc main.o
 .group         0x00000000        0xc main.o
 .group         0x00000000        0xc main.o
 .group         0x00000000        0xc main.o
 .group         0x00000000        0xc main.o
 .group         0x00000000        0xc main.o
 .group         0x00000000        0xc main.o
 .group         0x00000000        0xc main.o
 .group         0x00000000        0xc main.o
 .group         0x00000000        0xc main.o
 .group         0x00000000        0xc main.o
 .group         0x00000000        0xc main.o
 .group         0x00000000        0xc main.o
 .group         0x00000000        0xc main.o
 .group         0x00000000        0xc main.o
 .group         0x00000000        0xc main.o
 .group         0x00000000        0xc main.o
 .group         0x00000000        0xc main.o
 .group         0x00000000        0xc main.o
 .group         0x00000000        0xc main.o
 .group         0x00000000        0xc main.o
 .group         0x00000000        0xc main.o
 .group         0x00000000        0xc main.o
 .group         0x00000000        0xc main.o
 .group         0x00000000        0xc main.o
 .group         0x00000000        0xc main.o
 .group         0x00000000        0xc main.o
 .group         0x00000000        0xc main.o
 .group         0x00000000        0xc main.o
 .group         0x00000000        0xc main.o
 .group         0x00000000        0xc main.o
 .group         0x00000000        0xc main.o
 .group         0x00000000        0xc main.o
 .group         0x00000000        0xc main.o
 .text          0x00000000        0x0 main.o
 .data          0x00000000        0x0 main.o
 .bss           0x00000000        0x0 main.o
 .text.usart_setup
                0x00000000        0x2 main.o
 .group         0x00000000        0xc /home/innok/piano_stm32/libopencm3/lib/libopencm3_stm32f4.a(gpio_common_all.o)
 .group         0x00000000        0xc /home/innok/piano_stm32/libopencm3/lib/libopencm3_stm32f4.a(gpio_common_all.o)
 .group         0x00000000        0xc /home/innok/piano_stm32/libopencm3/lib/libopencm3_stm32f4.a(gpio_common_all.o)
 .group         0x00000000        0xc /home/innok/piano_stm32/libopencm3/lib/libopencm3_stm32f4.a(gpio_common_all.o)
 .group         0x00000000        0xc /home/innok/piano_stm32/libopencm3/lib/libopencm3_stm32f4.a(gpio_common_all.o)
 .group         0x00000000        0xc /home/innok/piano_stm32/libopencm3/lib/libopencm3_stm32f4.a(gpio_common_all.o)
 .group         0x00000000        0xc /home/innok/piano_stm32/libopencm3/lib/libopencm3_stm32f4.a(gpio_common_all.o)
 .group         0x00000000        0xc /home/innok/piano_stm32/libopencm3/lib/libopencm3_stm32f4.a(gpio_common_all.o)
 .group         0x00000000        0xc /home/innok/piano_stm32/libopencm3/lib/libopencm3_stm32f4.a(gpio_common_all.o)
[...]
Memory Configuration

Name             Origin             Length             Attributes
rom              0x08000000         0x00040000         xr
ram              0x20000000         0x00010000         xrw
*default*        0x00000000         0xffffffff

Linker script and memory map

LOAD main.o
LOAD /home/innok/piano_stm32/libopencm3/lib/libopencm3_stm32f4.a
START GROUP
LOAD /opt/gcc-arm-none-eabi/bin/../lib/gcc/arm-none-eabi/13.3.1/../../../../arm-none-eabi/lib/thumb/v7e-m+fp/hard/libc.a
LOAD /opt/gcc-arm-none-eabi/bin/../lib/gcc/arm-none-eabi/13.3.1/thumb/v7e-m+fp/hard/libgcc.a
LOAD /opt/gcc-arm-none-eabi/bin/../lib/gcc/arm-none-eabi/13.3.1/../../../../arm-none-eabi/lib/thumb/v7e-m+fp/hard/libnosys.a
END GROUP
START GROUP
LOAD /opt/gcc-arm-none-eabi/bin/../lib/gcc/arm-none-eabi/13.3.1/thumb/v7e-m+fp/hard/libgcc.a
LOAD /opt/gcc-arm-none-eabi/bin/../lib/gcc/arm-none-eabi/13.3.1/../../../../arm-none-eabi/lib/thumb/v7e-m+fp/hard/libg.a
LOAD /opt/gcc-arm-none-eabi/bin/../lib/gcc/arm-none-eabi/13.3.1/../../../../arm-none-eabi/lib/thumb/v7e-m+fp/hard/libc.a
END GROUP

.text           0x08000000      0x828
 *(.vectors)
 .vectors       0x08000000      0x1ac /home/innok/piano_stm32/libopencm3/lib/libopencm3_stm32f4.a(vector.o)
                0x08000000                vector_table
 *(.text*)
 .text.tim2_isr
                0x080001ac       0x1c main.o
                0x080001ac                tim2_isr
 .text.gpio_setup
                0x080001c8       0x68 main.o
                0x080001c8                gpio_setup
 .text.timer_setup
                0x08000230       0x48 main.o
                0x08000230                timer_setup
 .text.startup.main
                0x08000278       0x54 main.o
                0x08000278                main
 .text.gpio_set
                0x080002cc        0x4 /home/innok/piano_stm32/libopencm3/lib/libopencm3_stm32f4.a(gpio_common_all.o)
                0x080002cc                gpio_set
 .text.gpio_toggle
                0x080002d0       0x12 /home/innok/piano_stm32/libopencm3/lib/libopencm3_stm32f4.a(gpio_common_all.o)
                0x080002d0                gpio_toggle
 .text.gpio_mode_setup
                0x080002e2       0x40 /home/innok/piano_stm32/libopencm3/lib/libopencm3_stm32f4.a(gpio_common_f0234.o)
                0x080002e2                gpio_mode_setup
 .text.rcc_periph_clock_enable
                0x08000322       0x1a /home/innok/piano_stm32/libopencm3/lib/libopencm3_stm32f4.a(rcc_common_all.o)
                0x08000322                rcc_periph_clock_enable
 .text.rcc_is_osc_ready
                0x0800033c       0x64 /home/innok/piano_stm32/libopencm3/lib/libopencm3_stm32f4.a(rcc.o)
                0x0800033c                rcc_is_osc_ready
 .text.rcc_wait_for_osc_ready
                0x080003a0       0x10 /home/innok/piano_stm32/libopencm3/lib/libopencm3_stm32f4.a(rcc.o)
                0x080003a0                rcc_wait_for_osc_ready
 .text.rcc_osc_on
                0x080003b0       0x74 /home/innok/piano_stm32/libopencm3/lib/libopencm3_stm32f4.a(rcc.o)
                0x080003b0                rcc_osc_on
 .text.rcc_osc_off
                0x08000424       0x74 /home/innok/piano_stm32/libopencm3/lib/libopencm3_stm32f4.a(rcc.o)
                0x08000424                rcc_osc_off
 .text.rcc_set_sysclk_source
                0x08000498       0x18 /home/innok/piano_stm32/libopencm3/lib/libopencm3_stm32f4.a(rcc.o)
                0x08000498                rcc_set_sysclk_source
 .text.rcc_set_ppre2
                0x080004b0       0x18 /home/innok/piano_stm32/libopencm3/lib/libopencm3_stm32f4.a(rcc.o)
                0x080004b0                rcc_set_ppre2
 .text.rcc_set_ppre1
                0x080004c8       0x18 /home/innok/piano_stm32/libopencm3/lib/libopencm3_stm32f4.a(rcc.o)
                0x080004c8                rcc_set_ppre1
 .text.rcc_set_hpre
                0x080004e0       0x18 /home/innok/piano_stm32/libopencm3/lib/libopencm3_stm32f4.a(rcc.o)
                0x080004e0                rcc_set_hpre
 .text.rcc_set_main_pll_hsi
                0x080004f8       0x44 /home/innok/piano_stm32/libopencm3/lib/libopencm3_stm32f4.a(rcc.o)
                0x080004f8                rcc_set_main_pll_hsi
 .text.rcc_set_main_pll_hse
                0x0800053c       0x44 /home/innok/piano_stm32/libopencm3/lib/libopencm3_stm32f4.a(rcc.o)
                0x0800053c                rcc_set_main_pll_hse
 .text.rcc_clock_setup_pll
                0x08000580       0xe4 /home/innok/piano_stm32/libopencm3/lib/libopencm3_stm32f4.a(rcc.o)
                0x08000580                rcc_clock_setup_pll
 .text.timer_enable_irq
                0x08000664        0x8 /home/innok/piano_stm32/libopencm3/lib/libopencm3_stm32f4.a(timer_common_all.o)
                0x08000664                timer_enable_irq
 .text.timer_clear_flag
                0x0800066c        0x6 /home/innok/piano_stm32/libopencm3/lib/libopencm3_stm32f4.a(timer_common_all.o)
                0x0800066c                timer_clear_flag
 .text.timer_enable_counter
                0x08000672        0xa /home/innok/piano_stm32/libopencm3/lib/libopencm3_stm32f4.a(timer_common_all.o)
                0x08000672                timer_enable_counter
 .text.timer_set_prescaler
                0x0800067c        0x4 /home/innok/piano_stm32/libopencm3/lib/libopencm3_stm32f4.a(timer_common_all.o)
                0x0800067c                timer_set_prescaler
 .text.timer_set_period
                0x08000680        0x4 /home/innok/piano_stm32/libopencm3/lib/libopencm3_stm32f4.a(timer_common_all.o)
                0x08000680                timer_set_period
 .text.blocking_handler
                0x08000684        0x2 /home/innok/piano_stm32/libopencm3/lib/libopencm3_stm32f4.a(vector.o)
                0x08000684                dma2_stream1_isr
                0x08000684                tim8_brk_tim12_isr
                0x08000684                dma1_stream7_isr
                0x08000684                usart3_isr
                0x08000684                tim7_isr
                0x08000684                dma2d_isr
                0x08000684                uart8_isr
                0x08000684                dma1_stream2_isr
                0x08000684                otg_hs_isr
                0x08000684                blocking_handler
                0x08000684                tim5_isr
                0x08000684                rtc_wkup_isr
                0x08000684                otg_fs_isr
                0x08000684                spi1_isr
                0x08000684                i2c3_er_isr
                0x08000684                exti2_isr
                0x08000684                spi5_isr
                0x08000684                usb_fs_wkup_isr
                0x08000684                tamp_stamp_isr
                0x08000684                can1_rx1_isr
                0x08000684                dma2_stream0_isr
                0x08000684                usart1_isr
                0x08000684                i2c3_ev_isr
                0x08000684                usage_fault_handler
                0x08000684                can2_rx0_isr
                0x08000684                dma1_stream6_isr
                0x08000684                can2_rx1_isr
                0x08000684                can1_sce_isr
                0x08000684                tim1_cc_isr
                0x08000684                can1_tx_isr
                0x08000684                tim1_up_tim10_isr
                0x08000684                sdio_isr
                0x08000684                eth_isr
                0x08000684                spi6_isr
                0x08000684                dma2_stream5_isr
                0x08000684                pvd_isr
                0x08000684                can1_rx0_isr
                0x08000684                rcc_isr
                0x08000684                dma2_stream3_isr
                0x08000684                flash_isr
                0x08000684                uart4_isr
                0x08000684                lcd_tft_isr
                0x08000684                rtc_alarm_isr
                0x08000684                exti15_10_isr
                0x08000684                hash_rng_isr
                0x08000684                tim1_trg_com_tim11_isr
                0x08000684                hard_fault_handler
                0x08000684                exti1_isr
                0x08000684                i2c1_ev_isr
                0x08000684                usart6_isr
                0x08000684                spi2_isr
                0x08000684                cryp_isr
                0x08000684                nvic_wwdg_isr
                0x08000684                dma1_stream1_isr
                0x08000684                dma2_stream4_isr
                0x08000684                exti3_isr
                0x08000684                tim3_isr
                0x08000684                usart2_isr
                0x08000684                sai1_isr
                0x08000684                fpu_isr
                0x08000684                dma1_stream4_isr
                0x08000684                i2c2_er_isr
                0x08000684                i2c2_ev_isr
                0x08000684                uart5_isr
                0x08000684                dma2_stream6_isr
                0x08000684                spi4_isr
                0x08000684                adc_isr
                0x08000684                dma2_stream7_isr
                0x08000684                tim8_up_tim13_isr
                0x08000684                fsmc_isr
                0x08000684                exti4_isr
                0x08000684                tim6_dac_isr
                0x08000684                dma1_stream3_isr
                0x08000684                tim8_trg_com_tim14_isr
                0x08000684                mem_manage_handler
                0x08000684                lcd_tft_err_isr
                0x08000684                can2_tx_isr
                0x08000684                exti9_5_isr
                0x08000684                tim1_brk_tim9_isr
                0x08000684                uart7_isr
                0x08000684                can2_sce_isr
                0x08000684                tim4_isr
                0x08000684                otg_hs_wkup_isr
                0x08000684                i2c1_er_isr
                0x08000684                dma1_stream0_isr
                0x08000684                tim8_cc_isr
                0x08000684                dcmi_isr
                0x08000684                dma2_stream2_isr
                0x08000684                eth_wkup_isr
                0x08000684                bus_fault_handler
                0x08000684                otg_hs_ep1_out_isr
                0x08000684                spi3_isr
                0x08000684                dma1_stream5_isr
                0x08000684                otg_hs_ep1_in_isr
                0x08000684                exti0_isr
 .text.null_handler
                0x08000686        0x2 /home/innok/piano_stm32/libopencm3/lib/libopencm3_stm32f4.a(vector.o)
                0x08000686                null_handler
                0x08000686                sv_call_handler
                0x08000686                pend_sv_handler
                0x08000686                debug_monitor_handler
                0x08000686                sys_tick_handler
                0x08000686                nmi_handler
 .text.reset_handler
                0x08000688       0xa0 /home/innok/piano_stm32/libopencm3/lib/libopencm3_stm32f4.a(vector.o)
                0x08000688                reset_handler
 .text.nvic_enable_irq
                0x08000728       0x18 /home/innok/piano_stm32/libopencm3/lib/libopencm3_stm32f4.a(nvic.o)
                0x08000728                nvic_enable_irq
 .text.flash_set_ws
                0x08000740       0x18 /home/innok/piano_stm32/libopencm3/lib/libopencm3_stm32f4.a(flash_common_all.o)
                0x08000740                flash_set_ws
 .text.flash_dcache_enable
                0x08000758       0x14 /home/innok/piano_stm32/libopencm3/lib/libopencm3_stm32f4.a(flash_common_idcache.o)
                0x08000758                flash_dcache_enable
 .text.flash_dcache_disable
                0x0800076c       0x14 /home/innok/piano_stm32/libopencm3/lib/libopencm3_stm32f4.a(flash_common_idcache.o)
                0x0800076c                flash_dcache_disable
 .text.flash_icache_enable
                0x08000780       0x14 /home/innok/piano_stm32/libopencm3/lib/libopencm3_stm32f4.a(flash_common_idcache.o)
                0x08000780                flash_icache_enable
 .text.flash_icache_disable
                0x08000794       0x14 /home/innok/piano_stm32/libopencm3/lib/libopencm3_stm32f4.a(flash_common_idcache.o)
                0x08000794                flash_icache_disable
 .text.pwr_set_vos_scale
                0x080007a8       0x10 /home/innok/piano_stm32/libopencm3/lib/libopencm3_stm32f4.a(pwr.o)
                0x080007a8                pwr_set_vos_scale
                0x080007b8                        . = ALIGN (0x4)
 *(.rodata*)
 .rodata.rcc_hse_25mhz_3v3
                0x080007b8       0x70 /home/innok/piano_stm32/libopencm3/lib/libopencm3_stm32f4.a(rcc.o)
                0x080007b8                rcc_hse_25mhz_3v3
                0x08000828                        . = ALIGN (0x4)

.glue_7         0x08000828        0x0
 .glue_7        0x08000828        0x0 linker stubs

.glue_7t        0x08000828        0x0
 .glue_7t       0x08000828        0x0 linker stubs

.vfp11_veneer   0x08000828        0x0
 .vfp11_veneer  0x08000828        0x0 linker stubs

.v4_bx          0x08000828        0x0
 .v4_bx         0x08000828        0x0 linker stubs

.iplt           0x08000828        0x0
 .iplt          0x08000828        0x0 main.o

.rel.dyn        0x08000828        0x0
 .rel.iplt      0x08000828        0x0 main.o

.preinit_array  0x08000828        0x0
                0x08000828                        . = ALIGN (0x4)
                0x08000828                        __preinit_array_start = .
 *(.preinit_array)
                0x08000828                        __preinit_array_end = .

.init_array     0x08000828        0x0
                0x08000828                        . = ALIGN (0x4)
                0x08000828                        __init_array_start = .
 *(SORT_BY_NAME(.init_array.*))
 *(.init_array)
                0x08000828                        __init_array_end = .

.fini_array     0x08000828        0x0
                0x08000828                        . = ALIGN (0x4)
                0x08000828                        __fini_array_start = .
 *(.fini_array)
 *(SORT_BY_NAME(.fini_array.*))
                0x08000828                        __fini_array_end = .

.ARM.extab
 *(.ARM.extab*)

.ARM.exidx      0x08000828        0x0
                0x08000828                        __exidx_start = .
 *(.ARM.exidx*)
                0x08000828                        __exidx_end = .
                0x08000828                        . = ALIGN (0x4)
                0x08000828                        _etext = .

.noinit
 *(.noinit*)
                0x08000828                        . = ALIGN (0x4)

.data           0x20000000        0xc load address 0x08000828
                0x20000000                        _data = .
 *(.data*)
 .data.rcc_apb2_frequency
                0x20000000        0x4 /home/innok/piano_stm32/libopencm3/lib/libopencm3_stm32f4.a(rcc.o)
                0x20000000                rcc_apb2_frequency
 .data.rcc_apb1_frequency
                0x20000004        0x4 /home/innok/piano_stm32/libopencm3/lib/libopencm3_stm32f4.a(rcc.o)
                0x20000004                rcc_apb1_frequency
 .data.rcc_ahb_frequency
                0x20000008        0x4 /home/innok/piano_stm32/libopencm3/lib/libopencm3_stm32f4.a(rcc.o)
                0x20000008                rcc_ahb_frequency
 *(.ramtext*)
                0x2000000c                        . = ALIGN (0x4)
                0x2000000c                        _edata = .
                0x08000828                        _data_loadaddr = LOADADDR (.data)

.igot.plt       0x2000000c        0x0 load address 0x08000834
 .igot.plt      0x2000000c        0x0 main.o

.bss            0x2000000c        0x0 load address 0x08000834
 *(.bss*)
 *(COMMON)
                0x2000000c                        . = ALIGN (0x4)
                0x2000000c                        _ebss = .

/DISCARD/
 *(.eh_frame)
                0x2000000c                        . = ALIGN (0x4)
                0x2000000c                        end = .
                0x20010000                        PROVIDE (_stack = (ORIGIN (ram) + LENGTH (ram)))
OUTPUT(main.elf elf32-littlearm)
LOAD linker stubs

.debug_info     0x00000000     0x3f1f
 .debug_info    0x00000000      0xa08 main.o
 .debug_info    0x00000a08      0x256 /home/innok/piano_stm32/libopencm3/lib/libopencm3_stm32f4.a(gpio_common_all.o)
 .debug_info    0x00000c5e      0x21b /home/innok/piano_stm32/libopencm3/lib/libopencm3_stm32f4.a(gpio_common_f0234.o)
 .debug_info    0x00000e79      0x932 /home/innok/piano_stm32/libopencm3/lib/libopencm3_stm32f4.a(rcc_common_all.o)
 .debug_info    0x000017ab      0xfa1 /home/innok/piano_stm32/libopencm3/lib/libopencm3_stm32f4.a(rcc.o)
 .debug_info    0x0000274c     0x1004 /home/innok/piano_stm32/libopencm3/lib/libopencm3_stm32f4.a(timer_common_all.o)
 .debug_info    0x00003750      0x2d9 /home/innok/piano_stm32/libopencm3/lib/libopencm3_stm32f4.a(vector.o)
 .debug_info    0x00003a29      0x239 /home/innok/piano_stm32/libopencm3/lib/libopencm3_stm32f4.a(nvic.o)
 .debug_info    0x00003c62       0xf1 /home/innok/piano_stm32/libopencm3/lib/libopencm3_stm32f4.a(flash_common_all.o)
 .debug_info    0x00003d53       0xe9 /home/innok/piano_stm32/libopencm3/lib/libopencm3_stm32f4.a(flash_common_idcache.o)
 .debug_info    0x00003e3c       0xe3 /home/innok/piano_stm32/libopencm3/lib/libopencm3_stm32f4.a(pwr.o)

.debug_abbrev   0x00000000      0xd35
 .debug_abbrev  0x00000000      0x1bb main.o
 .debug_abbrev  0x000001bb      0x115 /home/innok/piano_stm32/libopencm3/lib/libopencm3_stm32f4.a(gpio_common_all.o)
 .debug_abbrev  0x000002d0       0xc2 /home/innok/piano_stm32/libopencm3/lib/libopencm3_stm32f4.a(gpio_common_f0234.o)
 .debug_abbrev  0x00000392      0x185 /home/innok/piano_stm32/libopencm3/lib/libopencm3_stm32f4.a(rcc_common_all.o)
 .debug_abbrev  0x00000517      0x2da /home/innok/piano_stm32/libopencm3/lib/libopencm3_stm32f4.a(rcc.o)
 .debug_abbrev  0x000007f1      0x1ac /home/innok/piano_stm32/libopencm3/lib/libopencm3_stm32f4.a(timer_common_all.o)
 .debug_abbrev  0x0000099d      0x15f /home/innok/piano_stm32/libopencm3/lib/libopencm3_stm32f4.a(vector.o)
 .debug_abbrev  0x00000afc       0xb6 /home/innok/piano_stm32/libopencm3/lib/libopencm3_stm32f4.a(nvic.o)
 .debug_abbrev  0x00000bb2       0x96 /home/innok/piano_stm32/libopencm3/lib/libopencm3_stm32f4.a(flash_common_all.o)
 .debug_abbrev  0x00000c48       0x56 /home/innok/piano_stm32/libopencm3/lib/libopencm3_stm32f4.a(flash_common_idcache.o)
 .debug_abbrev  0x00000c9e       0x97 /home/innok/piano_stm32/libopencm3/lib/libopencm3_stm32f4.a(pwr.o)

.debug_aranges  0x00000000      0x5f8
 .debug_aranges
                0x00000000       0x40 main.o
 .debug_aranges
                0x00000040       0x50 /home/innok/piano_stm32/libopencm3/lib/libopencm3_stm32f4.a(gpio_common_all.o)
 .debug_aranges
                0x00000090       0x30 /home/innok/piano_stm32/libopencm3/lib/libopencm3_stm32f4.a(gpio_common_f0234.o)
 .debug_aranges
                0x000000c0       0x80 /home/innok/piano_stm32/libopencm3/lib/libopencm3_stm32f4.a(rcc_common_all.o)
 .debug_aranges
                0x00000140      0x110 /home/innok/piano_stm32/libopencm3/lib/libopencm3_stm32f4.a(rcc.o)
 .debug_aranges
                0x00000250      0x278 /home/innok/piano_stm32/libopencm3/lib/libopencm3_stm32f4.a(timer_common_all.o)
 .debug_aranges
                0x000004c8       0x30 /home/innok/piano_stm32/libopencm3/lib/libopencm3_stm32f4.a(vector.o)
 .debug_aranges
                0x000004f8       0x60 /home/innok/piano_stm32/libopencm3/lib/libopencm3_stm32f4.a(nvic.o)
 .debug_aranges
                0x00000558       0x38 /home/innok/piano_stm32/libopencm3/lib/libopencm3_stm32f4.a(flash_common_all.o)
 .debug_aranges
                0x00000590       0x48 /home/innok/piano_stm32/libopencm3/lib/libopencm3_stm32f4.a(flash_common_idcache.o)
 .debug_aranges
                0x000005d8       0x20 /home/innok/piano_stm32/libopencm3/lib/libopencm3_stm32f4.a(pwr.o)

.debug_rnglists
                0x00000000      0x46a
 .debug_rnglists
                0x00000000       0x37 main.o
 .debug_rnglists
                0x00000037       0x37 /home/innok/piano_stm32/libopencm3/lib/libopencm3_stm32f4.a(gpio_common_all.o)
 .debug_rnglists
                0x0000006e       0x1f /home/innok/piano_stm32/libopencm3/lib/libopencm3_stm32f4.a(gpio_common_f0234.o)
 .debug_rnglists
                0x0000008d       0x5b /home/innok/piano_stm32/libopencm3/lib/libopencm3_stm32f4.a(rcc_common_all.o)
 .debug_rnglists
                0x000000e8       0xe0 /home/innok/piano_stm32/libopencm3/lib/libopencm3_stm32f4.a(rcc.o)
 .debug_rnglists
                0x000001c8      0x1d6 /home/innok/piano_stm32/libopencm3/lib/libopencm3_stm32f4.a(timer_common_all.o)
 .debug_rnglists
                0x0000039e       0x20 /home/innok/piano_stm32/libopencm3/lib/libopencm3_stm32f4.a(vector.o)
 .debug_rnglists
                0x000003be       0x43 /home/innok/piano_stm32/libopencm3/lib/libopencm3_stm32f4.a(nvic.o)
 .debug_rnglists
                0x00000401       0x25 /home/innok/piano_stm32/libopencm3/lib/libopencm3_stm32f4.a(flash_common_all.o)
 .debug_rnglists
                0x00000426       0x31 /home/innok/piano_stm32/libopencm3/lib/libopencm3_stm32f4.a(flash_common_idcache.o)
 .debug_rnglists
                0x00000457       0x13 /home/innok/piano_stm32/libopencm3/lib/libopencm3_stm32f4.a(pwr.o)

.debug_macro    0x00000000     0x5d75
 .debug_macro   0x00000000      0x26c main.o
 .debug_macro   0x0000026c      0xacc main.o
 .debug_macro   0x00000d38       0x1c main.o
 .debug_macro   0x00000d54       0x22 main.o
 .debug_macro   0x00000d76       0x56 main.o
 .debug_macro   0x00000dcc       0x51 main.o
 .debug_macro   0x00000e1d      0x103 main.o
 .debug_macro   0x00000f20       0x6a main.o
 .debug_macro   0x00000f8a      0x1df main.o
 .debug_macro   0x00001169       0x22 main.o
 .debug_macro   0x0000118b       0xe8 main.o
 .debug_macro   0x00001273       0x76 main.o
 .debug_macro   0x000012e9      0x280 main.o
 .debug_macro   0x00001569       0x8e main.o
 .debug_macro   0x000015f7       0x46 main.o
 .debug_macro   0x0000163d      0xcea main.o
 .debug_macro   0x00002327       0x76 main.o
 .debug_macro   0x0000239d      0x37e main.o
 .debug_macro   0x0000271b       0xca main.o
 .debug_macro   0x000027e5      0xf7d main.o
 .debug_macro   0x00003762       0x52 main.o
 .debug_macro   0x000037b4       0xee main.o
 .debug_macro   0x000038a2       0x28 main.o
 .debug_macro   0x000038ca       0x94 main.o
 .debug_macro   0x0000395e      0x29e main.o
 .debug_macro   0x00003bfc       0xa0 main.o
 .debug_macro   0x00003c9c       0x6e main.o
 .debug_macro   0x00003d0a      0x22c main.o
 .debug_macro   0x00003f36       0x6f main.o
 .debug_macro   0x00003fa5       0x7b main.o
 .debug_macro   0x00004020       0x2a main.o
 .debug_macro   0x0000404a       0x3c main.o
 .debug_macro   0x00004086       0x34 main.o
 .debug_macro   0x000040ba       0x16 main.o
 .debug_macro   0x000040d0       0x9e main.o
 .debug_macro   0x0000416e      0x38c main.o
 .debug_macro   0x000044fa      0x10b main.o
 .debug_macro   0x00004605       0x10 main.o
 .debug_macro   0x00004615       0x16 main.o
 .debug_macro   0x0000462b       0x4a main.o
 .debug_macro   0x00004675       0x34 main.o
 .debug_macro   0x000046a9       0x10 main.o
 .debug_macro   0x000046b9       0x58 main.o
 .debug_macro   0x00004711      0x1e5 main.o
 .debug_macro   0x000048f6       0x16 main.o
 .debug_macro   0x0000490c       0x16 main.o
 .debug_macro   0x00004922      0x12a main.o
 .debug_macro   0x00004a4c       0xd1 /home/innok/piano_stm32/libopencm3/lib/libopencm3_stm32f4.a(gpio_common_all.o)
 .debug_macro   0x00004b1d       0xd1 /home/innok/piano_stm32/libopencm3/lib/libopencm3_stm32f4.a(gpio_common_f0234.o)
 .debug_macro   0x00004bee       0xf0 /home/innok/piano_stm32/libopencm3/lib/libopencm3_stm32f4.a(rcc_common_all.o)
 .debug_macro   0x00004cde      0x124 /home/innok/piano_stm32/libopencm3/lib/libopencm3_stm32f4.a(rcc.o)
 .debug_macro   0x00004e02       0x16 /home/innok/piano_stm32/libopencm3/lib/libopencm3_stm32f4.a(rcc.o)
 .debug_macro   0x00004e18       0x1c /home/innok/piano_stm32/libopencm3/lib/libopencm3_stm32f4.a(rcc.o)
 .debug_macro   0x00004e34      0x143 /home/innok/piano_stm32/libopencm3/lib/libopencm3_stm32f4.a(rcc.o)
 .debug_macro   0x00004f77       0x10 /home/innok/piano_stm32/libopencm3/lib/libopencm3_stm32f4.a(rcc.o)
 .debug_macro   0x00004f87       0xf0 /home/innok/piano_stm32/libopencm3/lib/libopencm3_stm32f4.a(timer_common_all.o)
 .debug_macro   0x00005077       0xd3 /home/innok/piano_stm32/libopencm3/lib/libopencm3_stm32f4.a(vector.o)
 .debug_macro   0x0000514a      0x452 /home/innok/piano_stm32/libopencm3/lib/libopencm3_stm32f4.a(vector.o)
 .debug_macro   0x0000559c       0xb3 /home/innok/piano_stm32/libopencm3/lib/libopencm3_stm32f4.a(nvic.o)
 .debug_macro   0x0000564f       0x68 /home/innok/piano_stm32/libopencm3/lib/libopencm3_stm32f4.a(nvic.o)
 .debug_macro   0x000056b7      0x458 /home/innok/piano_stm32/libopencm3/lib/libopencm3_stm32f4.a(nvic.o)
 .debug_macro   0x00005b0f       0xd7 /home/innok/piano_stm32/libopencm3/lib/libopencm3_stm32f4.a(flash_common_all.o)
 .debug_macro   0x00005be6       0xd7 /home/innok/piano_stm32/libopencm3/lib/libopencm3_stm32f4.a(flash_common_idcache.o)
 .debug_macro   0x00005cbd       0xb8 /home/innok/piano_stm32/libopencm3/lib/libopencm3_stm32f4.a(pwr.o)

.debug_line     0x00000000     0x3e1d
 .debug_line    0x00000000      0x5e0 main.o
 .debug_line    0x000005e0      0x3a8 /home/innok/piano_stm32/libopencm3/lib/libopencm3_stm32f4.a(gpio_common_all.o)
 .debug_line    0x00000988      0x483 /home/innok/piano_stm32/libopencm3/lib/libopencm3_stm32f4.a(gpio_common_f0234.o)
 .debug_line    0x00000e0b      0x446 /home/innok/piano_stm32/libopencm3/lib/libopencm3_stm32f4.a(rcc_common_all.o)
 .debug_line    0x00001251      0xaaf /home/innok/piano_stm32/libopencm3/lib/libopencm3_stm32f4.a(rcc.o)
 .debug_line    0x00001d00     0x1092 /home/innok/piano_stm32/libopencm3/lib/libopencm3_stm32f4.a(timer_common_all.o)
 .debug_line    0x00002d92      0x3dc /home/innok/piano_stm32/libopencm3/lib/libopencm3_stm32f4.a(vector.o)
 .debug_line    0x0000316e      0x381 /home/innok/piano_stm32/libopencm3/lib/libopencm3_stm32f4.a(nvic.o)
 .debug_line    0x000034ef      0x348 /home/innok/piano_stm32/libopencm3/lib/libopencm3_stm32f4.a(flash_common_all.o)
 .debug_line    0x00003837      0x361 /home/innok/piano_stm32/libopencm3/lib/libopencm3_stm32f4.a(flash_common_idcache.o)
 .debug_line    0x00003b98      0x285 /home/innok/piano_stm32/libopencm3/lib/libopencm3_stm32f4.a(pwr.o)

.debug_str      0x00000000    0x18272
 .debug_str     0x00000000    0x18272 main.o
                              0x143e5 (size before relaxing)
 .debug_str     0x00018272     0x66fa /home/innok/piano_stm32/libopencm3/lib/libopencm3_stm32f4.a(gpio_common_all.o)
 .debug_str     0x00018272     0x671c /home/innok/piano_stm32/libopencm3/lib/libopencm3_stm32f4.a(gpio_common_f0234.o)
 .debug_str     0x00018272     0x9ab9 /home/innok/piano_stm32/libopencm3/lib/libopencm3_stm32f4.a(rcc_common_all.o)
 .debug_str     0x00018272     0xa32e /home/innok/piano_stm32/libopencm3/lib/libopencm3_stm32f4.a(rcc.o)
 .debug_str     0x00018272     0xdd5d /home/innok/piano_stm32/libopencm3/lib/libopencm3_stm32f4.a(timer_common_all.o)
 .debug_str     0x00018272     0x6faf /home/innok/piano_stm32/libopencm3/lib/libopencm3_stm32f4.a(vector.o)
 .debug_str     0x00018272     0x622f /home/innok/piano_stm32/libopencm3/lib/libopencm3_stm32f4.a(nvic.o)
 .debug_str     0x00018272     0x5a51 /home/innok/piano_stm32/libopencm3/lib/libopencm3_stm32f4.a(flash_common_all.o)
 .debug_str     0x00018272     0x5a73 /home/innok/piano_stm32/libopencm3/lib/libopencm3_stm32f4.a(flash_common_idcache.o)
 .debug_str     0x00018272     0x56cd /home/innok/piano_stm32/libopencm3/lib/libopencm3_stm32f4.a(pwr.o)

.comment        0x00000000       0x45
 .comment       0x00000000       0x45 main.o
                                 0x46 (size before relaxing)
 .comment       0x00000045       0x46 /home/innok/piano_stm32/libopencm3/lib/libopencm3_stm32f4.a(gpio_common_all.o)
 .comment       0x00000045       0x46 /home/innok/piano_stm32/libopencm3/lib/libopencm3_stm32f4.a(gpio_common_f0234.o)
 .comment       0x00000045       0x46 /home/innok/piano_stm32/libopencm3/lib/libopencm3_stm32f4.a(rcc_common_all.o)
 .comment       0x00000045       0x46 /home/innok/piano_stm32/libopencm3/lib/libopencm3_stm32f4.a(rcc.o)
 .comment       0x00000045       0x46 /home/innok/piano_stm32/libopencm3/lib/libopencm3_stm32f4.a(timer_common_all.o)
 .comment       0x00000045       0x46 /home/innok/piano_stm32/libopencm3/lib/libopencm3_stm32f4.a(vector.o)
 .comment       0x00000045       0x46 /home/innok/piano_stm32/libopencm3/lib/libopencm3_stm32f4.a(nvic.o)
 .comment       0x00000045       0x46 /home/innok/piano_stm32/libopencm3/lib/libopencm3_stm32f4.a(flash_common_all.o)
 .comment       0x00000045       0x46 /home/innok/piano_stm32/libopencm3/lib/libopencm3_stm32f4.a(flash_common_idcache.o)
 .comment       0x00000045       0x46 /home/innok/piano_stm32/libopencm3/lib/libopencm3_stm32f4.a(pwr.o)

.ARM.attributes
                0x00000000       0x34
 .ARM.attributes
                0x00000000       0x34 main.o
 .ARM.attributes
                0x00000034       0x34 /home/innok/piano_stm32/libopencm3/lib/libopencm3_stm32f4.a(gpio_common_all.o)
 .ARM.attributes
                0x00000068       0x34 /home/innok/piano_stm32/libopencm3/lib/libopencm3_stm32f4.a(gpio_common_f0234.o)
 .ARM.attributes
                0x0000009c       0x34 /home/innok/piano_stm32/libopencm3/lib/libopencm3_stm32f4.a(rcc_common_all.o)
 .ARM.attributes
                0x000000d0       0x34 /home/innok/piano_stm32/libopencm3/lib/libopencm3_stm32f4.a(rcc.o)
 .ARM.attributes
                0x00000104       0x34 /home/innok/piano_stm32/libopencm3/lib/libopencm3_stm32f4.a(timer_common_all.o)
 .ARM.attributes
                0x00000138       0x34 /home/innok/piano_stm32/libopencm3/lib/libopencm3_stm32f4.a(vector.o)
 .ARM.attributes
                0x0000016c       0x34 /home/innok/piano_stm32/libopencm3/lib/libopencm3_stm32f4.a(nvic.o)
 .ARM.attributes
                0x000001a0       0x34 /home/innok/piano_stm32/libopencm3/lib/libopencm3_stm32f4.a(flash_common_all.o)
 .ARM.attributes
                0x000001d4       0x34 /home/innok/piano_stm32/libopencm3/lib/libopencm3_stm32f4.a(flash_common_idcache.o)
 .ARM.attributes
                0x00000208       0x34 /home/innok/piano_stm32/libopencm3/lib/libopencm3_stm32f4.a(pwr.o)

.debug_frame    0x00000000      0xb34
 .debug_frame   0x00000000       0x8c main.o
 .debug_frame   0x0000008c       0x80 /home/innok/piano_stm32/libopencm3/lib/libopencm3_stm32f4.a(gpio_common_all.o)
 .debug_frame   0x0000010c       0x70 /home/innok/piano_stm32/libopencm3/lib/libopencm3_stm32f4.a(gpio_common_f0234.o)
 .debug_frame   0x0000017c       0xe0 /home/innok/piano_stm32/libopencm3/lib/libopencm3_stm32f4.a(rcc_common_all.o)
 .debug_frame   0x0000025c      0x234 /home/innok/piano_stm32/libopencm3/lib/libopencm3_stm32f4.a(rcc.o)
 .debug_frame   0x00000490      0x4d8 /home/innok/piano_stm32/libopencm3/lib/libopencm3_stm32f4.a(timer_common_all.o)
 .debug_frame   0x00000968       0x4c /home/innok/piano_stm32/libopencm3/lib/libopencm3_stm32f4.a(vector.o)
 .debug_frame   0x000009b4       0xa0 /home/innok/piano_stm32/libopencm3/lib/libopencm3_stm32f4.a(nvic.o)
 .debug_frame   0x00000a54       0x50 /home/innok/piano_stm32/libopencm3/lib/libopencm3_stm32f4.a(flash_common_all.o)
 .debug_frame   0x00000aa4       0x70 /home/innok/piano_stm32/libopencm3/lib/libopencm3_stm32f4.a(flash_common_idcache.o)
 .debug_frame   0x00000b14       0x20 /home/innok/piano_stm32/libopencm3/lib/libopencm3_stm32f4.a(pwr.o)

.debug_loclists
                0x00000000      0xb1f
 .debug_loclists
                0x00000000       0x96 /home/innok/piano_stm32/libopencm3/lib/libopencm3_stm32f4.a(gpio_common_all.o)
 .debug_loclists
                0x00000096       0xf9 /home/innok/piano_stm32/libopencm3/lib/libopencm3_stm32f4.a(gpio_common_f0234.o)
 .debug_loclists
                0x0000018f       0x87 /home/innok/piano_stm32/libopencm3/lib/libopencm3_stm32f4.a(rcc_common_all.o)
 .debug_loclists
                0x00000216      0x52f /home/innok/piano_stm32/libopencm3/lib/libopencm3_stm32f4.a(rcc.o)
 .debug_loclists
                0x00000745      0x1d5 /home/innok/piano_stm32/libopencm3/lib/libopencm3_stm32f4.a(timer_common_all.o)
 .debug_loclists
                0x0000091a       0xb6 /home/innok/piano_stm32/libopencm3/lib/libopencm3_stm32f4.a(vector.o)
 .debug_loclists
                0x000009d0      0x111 /home/innok/piano_stm32/libopencm3/lib/libopencm3_stm32f4.a(nvic.o)
 .debug_loclists
                0x00000ae1       0x17 /home/innok/piano_stm32/libopencm3/lib/libopencm3_stm32f4.a(flash_common_all.o)
 .debug_loclists
                0x00000af8       0x27 /home/innok/piano_stm32/libopencm3/lib/libopencm3_stm32f4.a(pwr.o)

Cross Reference Table

Symbol                                            File
__fini_array_end                                  /home/innok/piano_stm32/libopencm3/lib/libopencm3_stm32f4.a(vector.o)
__fini_array_start                                /home/innok/piano_stm32/libopencm3/lib/libopencm3_stm32f4.a(vector.o)
__init_array_end                                  /home/innok/piano_stm32/libopencm3/lib/libopencm3_stm32f4.a(vector.o)
__init_array_start                                /home/innok/piano_stm32/libopencm3/lib/libopencm3_stm32f4.a(vector.o)
__preinit_array_end                               /home/innok/piano_stm32/libopencm3/lib/libopencm3_stm32f4.a(vector.o)
__preinit_array_start                             /home/innok/piano_stm32/libopencm3/lib/libopencm3_stm32f4.a(vector.o)
_data                                             /home/innok/piano_stm32/libopencm3/lib/libopencm3_stm32f4.a(vector.o)
_data_loadaddr                                    /home/innok/piano_stm32/libopencm3/lib/libopencm3_stm32f4.a(vector.o)
_ebss                                             /home/innok/piano_stm32/libopencm3/lib/libopencm3_stm32f4.a(vector.o)
_edata                                            /home/innok/piano_stm32/libopencm3/lib/libopencm3_stm32f4.a(vector.o)
_stack                                            /home/innok/piano_stm32/libopencm3/lib/libopencm3_stm32f4.a(vector.o)
adc_isr                                           /home/innok/piano_stm32/libopencm3/lib/libopencm3_stm32f4.a(vector.o)
blocking_handler                                  /home/innok/piano_stm32/libopencm3/lib/libopencm3_stm32f4.a(vector.o)
bus_fault_handler                                 /home/innok/piano_stm32/libopencm3/lib/libopencm3_stm32f4.a(vector.o)
can1_rx0_isr                                      /home/innok/piano_stm32/libopencm3/lib/libopencm3_stm32f4.a(vector.o)
can1_rx1_isr                                      /home/innok/piano_stm32/libopencm3/lib/libopencm3_stm32f4.a(vector.o)
can1_sce_isr                                      /home/innok/piano_stm32/libopencm3/lib/libopencm3_stm32f4.a(vector.o)
can1_tx_isr                                       /home/innok/piano_stm32/libopencm3/lib/libopencm3_stm32f4.a(vector.o)
can2_rx0_isr                                      /home/innok/piano_stm32/libopencm3/lib/libopencm3_stm32f4.a(vector.o)
can2_rx1_isr                                      /home/innok/piano_stm32/libopencm3/lib/libopencm3_stm32f4.a(vector.o)
can2_sce_isr                                      /home/innok/piano_stm32/libopencm3/lib/libopencm3_stm32f4.a(vector.o)
can2_tx_isr                                       /home/innok/piano_stm32/libopencm3/lib/libopencm3_stm32f4.a(vector.o)
cryp_isr                                          /home/innok/piano_stm32/libopencm3/lib/libopencm3_stm32f4.a(vector.o)
dcmi_isr                                          /home/innok/piano_stm32/libopencm3/lib/libopencm3_stm32f4.a(vector.o)
debug_monitor_handler                             /home/innok/piano_stm32/libopencm3/lib/libopencm3_stm32f4.a(vector.o)
dma1_stream0_isr                                  /home/innok/piano_stm32/libopencm3/lib/libopencm3_stm32f4.a(vector.o)
dma1_stream1_isr                                  /home/innok/piano_stm32/libopencm3/lib/libopencm3_stm32f4.a(vector.o)
dma1_stream2_isr                                  /home/innok/piano_stm32/libopencm3/lib/libopencm3_stm32f4.a(vector.o)
dma1_stream3_isr                                  /home/innok/piano_stm32/libopencm3/lib/libopencm3_stm32f4.a(vector.o)
dma1_stream4_isr                                  /home/innok/piano_stm32/libopencm3/lib/libopencm3_stm32f4.a(vector.o)
dma1_stream5_isr                                  /home/innok/piano_stm32/libopencm3/lib/libopencm3_stm32f4.a(vector.o)
dma1_stream6_isr                                  /home/innok/piano_stm32/libopencm3/lib/libopencm3_stm32f4.a(vector.o)
dma1_stream7_isr                                  /home/innok/piano_stm32/libopencm3/lib/libopencm3_stm32f4.a(vector.o)
dma2_stream0_isr                                  /home/innok/piano_stm32/libopencm3/lib/libopencm3_stm32f4.a(vector.o)
dma2_stream1_isr                                  /home/innok/piano_stm32/libopencm3/lib/libopencm3_stm32f4.a(vector.o)
dma2_stream2_isr                                  /home/innok/piano_stm32/libopencm3/lib/libopencm3_stm32f4.a(vector.o)
dma2_stream3_isr                                  /home/innok/piano_stm32/libopencm3/lib/libopencm3_stm32f4.a(vector.o)
dma2_stream4_isr                                  /home/innok/piano_stm32/libopencm3/lib/libopencm3_stm32f4.a(vector.o)
dma2_stream5_isr                                  /home/innok/piano_stm32/libopencm3/lib/libopencm3_stm32f4.a(vector.o)
dma2_stream6_isr                                  /home/innok/piano_stm32/libopencm3/lib/libopencm3_stm32f4.a(vector.o)
dma2_stream7_isr                                  /home/innok/piano_stm32/libopencm3/lib/libopencm3_stm32f4.a(vector.o)
dma2d_isr                                         /home/innok/piano_stm32/libopencm3/lib/libopencm3_stm32f4.a(vector.o)
eth_isr                                           /home/innok/piano_stm32/libopencm3/lib/libopencm3_stm32f4.a(vector.o)
eth_wkup_isr                                      /home/innok/piano_stm32/libopencm3/lib/libopencm3_stm32f4.a(vector.o)
exti0_isr                                         /home/innok/piano_stm32/libopencm3/lib/libopencm3_stm32f4.a(vector.o)
exti15_10_isr                                     /home/innok/piano_stm32/libopencm3/lib/libopencm3_stm32f4.a(vector.o)
exti1_isr                                         /home/innok/piano_stm32/libopencm3/lib/libopencm3_stm32f4.a(vector.o)
exti2_isr                                         /home/innok/piano_stm32/libopencm3/lib/libopencm3_stm32f4.a(vector.o)
exti3_isr                                         /home/innok/piano_stm32/libopencm3/lib/libopencm3_stm32f4.a(vector.o)
exti4_isr                                         /home/innok/piano_stm32/libopencm3/lib/libopencm3_stm32f4.a(vector.o)
exti9_5_isr                                       /home/innok/piano_stm32/libopencm3/lib/libopencm3_stm32f4.a(vector.o)
flash_dcache_disable                              /home/innok/piano_stm32/libopencm3/lib/libopencm3_stm32f4.a(flash_common_idcache.o)
                                                  /home/innok/piano_stm32/libopencm3/lib/libopencm3_stm32f4.a(rcc.o)
flash_dcache_enable                               /home/innok/piano_stm32/libopencm3/lib/libopencm3_stm32f4.a(flash_common_idcache.o)
                                                  /home/innok/piano_stm32/libopencm3/lib/libopencm3_stm32f4.a(rcc.o)
flash_dcache_reset                                /home/innok/piano_stm32/libopencm3/lib/libopencm3_stm32f4.a(flash_common_idcache.o)
flash_icache_disable                              /home/innok/piano_stm32/libopencm3/lib/libopencm3_stm32f4.a(flash_common_idcache.o)
                                                  /home/innok/piano_stm32/libopencm3/lib/libopencm3_stm32f4.a(rcc.o)
flash_icache_enable                               /home/innok/piano_stm32/libopencm3/lib/libopencm3_stm32f4.a(flash_common_idcache.o)
                                                  /home/innok/piano_stm32/libopencm3/lib/libopencm3_stm32f4.a(rcc.o)
flash_icache_reset                                /home/innok/piano_stm32/libopencm3/lib/libopencm3_stm32f4.a(flash_common_idcache.o)
flash_isr                                         /home/innok/piano_stm32/libopencm3/lib/libopencm3_stm32f4.a(vector.o)
flash_prefetch_disable                            /home/innok/piano_stm32/libopencm3/lib/libopencm3_stm32f4.a(flash_common_all.o)
flash_prefetch_enable                             /home/innok/piano_stm32/libopencm3/lib/libopencm3_stm32f4.a(flash_common_all.o)
flash_set_ws                                      /home/innok/piano_stm32/libopencm3/lib/libopencm3_stm32f4.a(flash_common_all.o)
                                                  /home/innok/piano_stm32/libopencm3/lib/libopencm3_stm32f4.a(rcc.o)
flash_unlock_option_bytes                         /home/innok/piano_stm32/libopencm3/lib/libopencm3_stm32f4.a(flash_common_all.o)
fpu_isr                                           /home/innok/piano_stm32/libopencm3/lib/libopencm3_stm32f4.a(vector.o)
fsmc_isr                                          /home/innok/piano_stm32/libopencm3/lib/libopencm3_stm32f4.a(vector.o)
gpio_clear                                        /home/innok/piano_stm32/libopencm3/lib/libopencm3_stm32f4.a(gpio_common_all.o)
gpio_get                                          /home/innok/piano_stm32/libopencm3/lib/libopencm3_stm32f4.a(gpio_common_all.o)
gpio_mode_setup                                   /home/innok/piano_stm32/libopencm3/lib/libopencm3_stm32f4.a(gpio_common_f0234.o)
                                                  main.o
gpio_port_config_lock                             /home/innok/piano_stm32/libopencm3/lib/libopencm3_stm32f4.a(gpio_common_all.o)
gpio_port_read                                    /home/innok/piano_stm32/libopencm3/lib/libopencm3_stm32f4.a(gpio_common_all.o)
gpio_port_write                                   /home/innok/piano_stm32/libopencm3/lib/libopencm3_stm32f4.a(gpio_common_all.o)
gpio_set                                          /home/innok/piano_stm32/libopencm3/lib/libopencm3_stm32f4.a(gpio_common_all.o)
                                                  main.o
gpio_set_af                                       /home/innok/piano_stm32/libopencm3/lib/libopencm3_stm32f4.a(gpio_common_f0234.o)
gpio_set_output_options                           /home/innok/piano_stm32/libopencm3/lib/libopencm3_stm32f4.a(gpio_common_f0234.o)
gpio_setup                                        main.o
gpio_toggle                                       /home/innok/piano_stm32/libopencm3/lib/libopencm3_stm32f4.a(gpio_common_all.o)
                                                  main.o
hard_fault_handler                                /home/innok/piano_stm32/libopencm3/lib/libopencm3_stm32f4.a(vector.o)
hash_rng_isr                                      /home/innok/piano_stm32/libopencm3/lib/libopencm3_stm32f4.a(vector.o)
i2c1_er_isr                                       /home/innok/piano_stm32/libopencm3/lib/libopencm3_stm32f4.a(vector.o)
i2c1_ev_isr                                       /home/innok/piano_stm32/libopencm3/lib/libopencm3_stm32f4.a(vector.o)
i2c2_er_isr                                       /home/innok/piano_stm32/libopencm3/lib/libopencm3_stm32f4.a(vector.o)
i2c2_ev_isr                                       /home/innok/piano_stm32/libopencm3/lib/libopencm3_stm32f4.a(vector.o)
i2c3_er_isr                                       /home/innok/piano_stm32/libopencm3/lib/libopencm3_stm32f4.a(vector.o)
i2c3_ev_isr                                       /home/innok/piano_stm32/libopencm3/lib/libopencm3_stm32f4.a(vector.o)
lcd_tft_err_isr                                   /home/innok/piano_stm32/libopencm3/lib/libopencm3_stm32f4.a(vector.o)
lcd_tft_isr                                       /home/innok/piano_stm32/libopencm3/lib/libopencm3_stm32f4.a(vector.o)
main                                              main.o
                                                  /home/innok/piano_stm32/libopencm3/lib/libopencm3_stm32f4.a(vector.o)
mem_manage_handler                                /home/innok/piano_stm32/libopencm3/lib/libopencm3_stm32f4.a(vector.o)
nmi_handler                                       /home/innok/piano_stm32/libopencm3/lib/libopencm3_stm32f4.a(vector.o)
null_handler                                      /home/innok/piano_stm32/libopencm3/lib/libopencm3_stm32f4.a(vector.o)
nvic_clear_pending_irq                            /home/innok/piano_stm32/libopencm3/lib/libopencm3_stm32f4.a(nvic.o)
nvic_disable_irq                                  /home/innok/piano_stm32/libopencm3/lib/libopencm3_stm32f4.a(nvic.o)
nvic_enable_irq                                   /home/innok/piano_stm32/libopencm3/lib/libopencm3_stm32f4.a(nvic.o)
                                                  main.o
nvic_generate_software_interrupt                  /home/innok/piano_stm32/libopencm3/lib/libopencm3_stm32f4.a(nvic.o)
nvic_get_active_irq                               /home/innok/piano_stm32/libopencm3/lib/libopencm3_stm32f4.a(nvic.o)
nvic_get_irq_enabled                              /home/innok/piano_stm32/libopencm3/lib/libopencm3_stm32f4.a(nvic.o)
nvic_get_pending_irq                              /home/innok/piano_stm32/libopencm3/lib/libopencm3_stm32f4.a(nvic.o)
nvic_set_pending_irq                              /home/innok/piano_stm32/libopencm3/lib/libopencm3_stm32f4.a(nvic.o)
nvic_set_priority                                 /home/innok/piano_stm32/libopencm3/lib/libopencm3_stm32f4.a(nvic.o)
nvic_wwdg_isr                                     /home/innok/piano_stm32/libopencm3/lib/libopencm3_stm32f4.a(vector.o)
otg_fs_isr                                        /home/innok/piano_stm32/libopencm3/lib/libopencm3_stm32f4.a(vector.o)
otg_hs_ep1_in_isr                                 /home/innok/piano_stm32/libopencm3/lib/libopencm3_stm32f4.a(vector.o)
otg_hs_ep1_out_isr                                /home/innok/piano_stm32/libopencm3/lib/libopencm3_stm32f4.a(vector.o)
otg_hs_isr                                        /home/innok/piano_stm32/libopencm3/lib/libopencm3_stm32f4.a(vector.o)
otg_hs_wkup_isr                                   /home/innok/piano_stm32/libopencm3/lib/libopencm3_stm32f4.a(vector.o)
pend_sv_handler                                   /home/innok/piano_stm32/libopencm3/lib/libopencm3_stm32f4.a(vector.o)
pvd_isr                                           /home/innok/piano_stm32/libopencm3/lib/libopencm3_stm32f4.a(vector.o)
pwr_set_vos_scale                                 /home/innok/piano_stm32/libopencm3/lib/libopencm3_stm32f4.a(pwr.o)
                                                  /home/innok/piano_stm32/libopencm3/lib/libopencm3_stm32f4.a(rcc.o)
rcc_ahb_frequency                                 /home/innok/piano_stm32/libopencm3/lib/libopencm3_stm32f4.a(rcc.o)
rcc_apb1_frequency                                /home/innok/piano_stm32/libopencm3/lib/libopencm3_stm32f4.a(rcc.o)
                                                  main.o
rcc_apb2_frequency                                /home/innok/piano_stm32/libopencm3/lib/libopencm3_stm32f4.a(rcc.o)
rcc_clock_setup_hse_3v3                           /home/innok/piano_stm32/libopencm3/lib/libopencm3_stm32f4.a(rcc.o)
rcc_clock_setup_pll                               /home/innok/piano_stm32/libopencm3/lib/libopencm3_stm32f4.a(rcc.o)
                                                  main.o
rcc_css_disable                                   /home/innok/piano_stm32/libopencm3/lib/libopencm3_stm32f4.a(rcc.o)
rcc_css_enable                                    /home/innok/piano_stm32/libopencm3/lib/libopencm3_stm32f4.a(rcc.o)
rcc_css_int_clear                                 /home/innok/piano_stm32/libopencm3/lib/libopencm3_stm32f4.a(rcc.o)
rcc_css_int_flag                                  /home/innok/piano_stm32/libopencm3/lib/libopencm3_stm32f4.a(rcc.o)
rcc_get_div_from_hpre                             /home/innok/piano_stm32/libopencm3/lib/libopencm3_stm32f4.a(rcc_common_all.o)
rcc_get_i2c_clk_freq                              /home/innok/piano_stm32/libopencm3/lib/libopencm3_stm32f4.a(rcc.o)
rcc_get_spi_clk_freq                              /home/innok/piano_stm32/libopencm3/lib/libopencm3_stm32f4.a(rcc.o)
rcc_get_timer_clk_freq                            /home/innok/piano_stm32/libopencm3/lib/libopencm3_stm32f4.a(rcc.o)
rcc_get_usart_clk_freq                            /home/innok/piano_stm32/libopencm3/lib/libopencm3_stm32f4.a(rcc.o)
rcc_hse_12mhz_3v3                                 /home/innok/piano_stm32/libopencm3/lib/libopencm3_stm32f4.a(rcc.o)
rcc_hse_16mhz_3v3                                 /home/innok/piano_stm32/libopencm3/lib/libopencm3_stm32f4.a(rcc.o)
rcc_hse_25mhz_3v3                                 /home/innok/piano_stm32/libopencm3/lib/libopencm3_stm32f4.a(rcc.o)
                                                  main.o
rcc_hse_8mhz_3v3                                  /home/innok/piano_stm32/libopencm3/lib/libopencm3_stm32f4.a(rcc.o)
rcc_hsi_configs                                   /home/innok/piano_stm32/libopencm3/lib/libopencm3_stm32f4.a(rcc.o)
rcc_is_osc_ready                                  /home/innok/piano_stm32/libopencm3/lib/libopencm3_stm32f4.a(rcc.o)
rcc_isr                                           /home/innok/piano_stm32/libopencm3/lib/libopencm3_stm32f4.a(vector.o)
rcc_osc_bypass_disable                            /home/innok/piano_stm32/libopencm3/lib/libopencm3_stm32f4.a(rcc_common_all.o)
rcc_osc_bypass_enable                             /home/innok/piano_stm32/libopencm3/lib/libopencm3_stm32f4.a(rcc_common_all.o)
rcc_osc_off                                       /home/innok/piano_stm32/libopencm3/lib/libopencm3_stm32f4.a(rcc.o)
rcc_osc_on                                        /home/innok/piano_stm32/libopencm3/lib/libopencm3_stm32f4.a(rcc.o)
rcc_osc_ready_int_clear                           /home/innok/piano_stm32/libopencm3/lib/libopencm3_stm32f4.a(rcc.o)
rcc_osc_ready_int_disable                         /home/innok/piano_stm32/libopencm3/lib/libopencm3_stm32f4.a(rcc.o)
rcc_osc_ready_int_enable                          /home/innok/piano_stm32/libopencm3/lib/libopencm3_stm32f4.a(rcc.o)
rcc_osc_ready_int_flag                            /home/innok/piano_stm32/libopencm3/lib/libopencm3_stm32f4.a(rcc.o)
rcc_periph_clock_disable                          /home/innok/piano_stm32/libopencm3/lib/libopencm3_stm32f4.a(rcc_common_all.o)
rcc_periph_clock_enable                           /home/innok/piano_stm32/libopencm3/lib/libopencm3_stm32f4.a(rcc_common_all.o)
                                                  /home/innok/piano_stm32/libopencm3/lib/libopencm3_stm32f4.a(rcc.o)
                                                  main.o
rcc_periph_reset_hold                             /home/innok/piano_stm32/libopencm3/lib/libopencm3_stm32f4.a(rcc_common_all.o)
rcc_periph_reset_pulse                            /home/innok/piano_stm32/libopencm3/lib/libopencm3_stm32f4.a(rcc_common_all.o)
rcc_periph_reset_release                          /home/innok/piano_stm32/libopencm3/lib/libopencm3_stm32f4.a(rcc_common_all.o)
rcc_peripheral_clear_reset                        /home/innok/piano_stm32/libopencm3/lib/libopencm3_stm32f4.a(rcc_common_all.o)
rcc_peripheral_disable_clock                      /home/innok/piano_stm32/libopencm3/lib/libopencm3_stm32f4.a(rcc_common_all.o)
rcc_peripheral_enable_clock                       /home/innok/piano_stm32/libopencm3/lib/libopencm3_stm32f4.a(rcc_common_all.o)
rcc_peripheral_reset                              /home/innok/piano_stm32/libopencm3/lib/libopencm3_stm32f4.a(rcc_common_all.o)
rcc_plli2s_config                                 /home/innok/piano_stm32/libopencm3/lib/libopencm3_stm32f4.a(rcc.o)
rcc_pllsai_config                                 /home/innok/piano_stm32/libopencm3/lib/libopencm3_stm32f4.a(rcc.o)
rcc_pllsai_postscalers                            /home/innok/piano_stm32/libopencm3/lib/libopencm3_stm32f4.a(rcc.o)
rcc_set_hpre                                      /home/innok/piano_stm32/libopencm3/lib/libopencm3_stm32f4.a(rcc.o)
rcc_set_main_pll_hse                              /home/innok/piano_stm32/libopencm3/lib/libopencm3_stm32f4.a(rcc.o)
rcc_set_main_pll_hsi                              /home/innok/piano_stm32/libopencm3/lib/libopencm3_stm32f4.a(rcc.o)
rcc_set_mco                                       /home/innok/piano_stm32/libopencm3/lib/libopencm3_stm32f4.a(rcc_common_all.o)
rcc_set_pll_source                                /home/innok/piano_stm32/libopencm3/lib/libopencm3_stm32f4.a(rcc.o)
rcc_set_ppre1                                     /home/innok/piano_stm32/libopencm3/lib/libopencm3_stm32f4.a(rcc.o)
rcc_set_ppre2                                     /home/innok/piano_stm32/libopencm3/lib/libopencm3_stm32f4.a(rcc.o)
rcc_set_rtcpre                                    /home/innok/piano_stm32/libopencm3/lib/libopencm3_stm32f4.a(rcc.o)
rcc_set_sysclk_source                             /home/innok/piano_stm32/libopencm3/lib/libopencm3_stm32f4.a(rcc.o)
rcc_system_clock_source                           /home/innok/piano_stm32/libopencm3/lib/libopencm3_stm32f4.a(rcc.o)
rcc_wait_for_osc_ready                            /home/innok/piano_stm32/libopencm3/lib/libopencm3_stm32f4.a(rcc.o)
rcc_wait_for_sysclk_status                        /home/innok/piano_stm32/libopencm3/lib/libopencm3_stm32f4.a(rcc.o)
reset_handler                                     /home/innok/piano_stm32/libopencm3/lib/libopencm3_stm32f4.a(vector.o)
rtc_alarm_isr                                     /home/innok/piano_stm32/libopencm3/lib/libopencm3_stm32f4.a(vector.o)
rtc_wkup_isr                                      /home/innok/piano_stm32/libopencm3/lib/libopencm3_stm32f4.a(vector.o)
sai1_isr                                          /home/innok/piano_stm32/libopencm3/lib/libopencm3_stm32f4.a(vector.o)
sdio_isr                                          /home/innok/piano_stm32/libopencm3/lib/libopencm3_stm32f4.a(vector.o)
spi1_isr                                          /home/innok/piano_stm32/libopencm3/lib/libopencm3_stm32f4.a(vector.o)
spi2_isr                                          /home/innok/piano_stm32/libopencm3/lib/libopencm3_stm32f4.a(vector.o)
spi3_isr                                          /home/innok/piano_stm32/libopencm3/lib/libopencm3_stm32f4.a(vector.o)
spi4_isr                                          /home/innok/piano_stm32/libopencm3/lib/libopencm3_stm32f4.a(vector.o)
spi5_isr                                          /home/innok/piano_stm32/libopencm3/lib/libopencm3_stm32f4.a(vector.o)
spi6_isr                                          /home/innok/piano_stm32/libopencm3/lib/libopencm3_stm32f4.a(vector.o)
sv_call_handler                                   /home/innok/piano_stm32/libopencm3/lib/libopencm3_stm32f4.a(vector.o)
sys_tick_handler                                  /home/innok/piano_stm32/libopencm3/lib/libopencm3_stm32f4.a(vector.o)
tamp_stamp_isr                                    /home/innok/piano_stm32/libopencm3/lib/libopencm3_stm32f4.a(vector.o)
tim1_brk_tim9_isr                                 /home/innok/piano_stm32/libopencm3/lib/libopencm3_stm32f4.a(vector.o)
tim1_cc_isr                                       /home/innok/piano_stm32/libopencm3/lib/libopencm3_stm32f4.a(vector.o)
tim1_trg_com_tim11_isr                            /home/innok/piano_stm32/libopencm3/lib/libopencm3_stm32f4.a(vector.o)
tim1_up_tim10_isr                                 /home/innok/piano_stm32/libopencm3/lib/libopencm3_stm32f4.a(vector.o)
tim2_isr                                          main.o
tim3_isr                                          /home/innok/piano_stm32/libopencm3/lib/libopencm3_stm32f4.a(vector.o)
tim4_isr                                          /home/innok/piano_stm32/libopencm3/lib/libopencm3_stm32f4.a(vector.o)
tim5_isr                                          /home/innok/piano_stm32/libopencm3/lib/libopencm3_stm32f4.a(vector.o)
tim6_dac_isr                                      /home/innok/piano_stm32/libopencm3/lib/libopencm3_stm32f4.a(vector.o)
tim7_isr                                          /home/innok/piano_stm32/libopencm3/lib/libopencm3_stm32f4.a(vector.o)
tim8_brk_tim12_isr                                /home/innok/piano_stm32/libopencm3/lib/libopencm3_stm32f4.a(vector.o)
tim8_cc_isr                                       /home/innok/piano_stm32/libopencm3/lib/libopencm3_stm32f4.a(vector.o)
tim8_trg_com_tim14_isr                            /home/innok/piano_stm32/libopencm3/lib/libopencm3_stm32f4.a(vector.o)
tim8_up_tim13_isr                                 /home/innok/piano_stm32/libopencm3/lib/libopencm3_stm32f4.a(vector.o)
timer_clear_flag                                  /home/innok/piano_stm32/libopencm3/lib/libopencm3_stm32f4.a(timer_common_all.o)
                                                  main.o
timer_continuous_mode                             /home/innok/piano_stm32/libopencm3/lib/libopencm3_stm32f4.a(timer_common_all.o)
timer_direction_down                              /home/innok/piano_stm32/libopencm3/lib/libopencm3_stm32f4.a(timer_common_all.o)
timer_direction_up                                /home/innok/piano_stm32/libopencm3/lib/libopencm3_stm32f4.a(timer_common_all.o)
timer_disable_break                               /home/innok/piano_stm32/libopencm3/lib/libopencm3_stm32f4.a(timer_common_all.o)
timer_disable_break_automatic_output              /home/innok/piano_stm32/libopencm3/lib/libopencm3_stm32f4.a(timer_common_all.o)
timer_disable_break_main_output                   /home/innok/piano_stm32/libopencm3/lib/libopencm3_stm32f4.a(timer_common_all.o)
timer_disable_compare_control_update_on_trigger   /home/innok/piano_stm32/libopencm3/lib/libopencm3_stm32f4.a(timer_common_all.o)
timer_disable_counter                             /home/innok/piano_stm32/libopencm3/lib/libopencm3_stm32f4.a(timer_common_all.o)
timer_disable_irq                                 /home/innok/piano_stm32/libopencm3/lib/libopencm3_stm32f4.a(timer_common_all.o)
timer_disable_oc_clear                            /home/innok/piano_stm32/libopencm3/lib/libopencm3_stm32f4.a(timer_common_all.o)
timer_disable_oc_output                           /home/innok/piano_stm32/libopencm3/lib/libopencm3_stm32f4.a(timer_common_all.o)
timer_disable_oc_preload                          /home/innok/piano_stm32/libopencm3/lib/libopencm3_stm32f4.a(timer_common_all.o)
timer_disable_preload                             /home/innok/piano_stm32/libopencm3/lib/libopencm3_stm32f4.a(timer_common_all.o)
timer_disable_preload_complementry_enable_bits    /home/innok/piano_stm32/libopencm3/lib/libopencm3_stm32f4.a(timer_common_all.o)
timer_disable_update_event                        /home/innok/piano_stm32/libopencm3/lib/libopencm3_stm32f4.a(timer_common_all.o)
timer_enable_break                                /home/innok/piano_stm32/libopencm3/lib/libopencm3_stm32f4.a(timer_common_all.o)
timer_enable_break_automatic_output               /home/innok/piano_stm32/libopencm3/lib/libopencm3_stm32f4.a(timer_common_all.o)
timer_enable_break_main_output                    /home/innok/piano_stm32/libopencm3/lib/libopencm3_stm32f4.a(timer_common_all.o)
timer_enable_compare_control_update_on_trigger    /home/innok/piano_stm32/libopencm3/lib/libopencm3_stm32f4.a(timer_common_all.o)
timer_enable_counter                              /home/innok/piano_stm32/libopencm3/lib/libopencm3_stm32f4.a(timer_common_all.o)
                                                  main.o
timer_enable_irq                                  /home/innok/piano_stm32/libopencm3/lib/libopencm3_stm32f4.a(timer_common_all.o)
                                                  main.o
timer_enable_oc_clear                             /home/innok/piano_stm32/libopencm3/lib/libopencm3_stm32f4.a(timer_common_all.o)
timer_enable_oc_output                            /home/innok/piano_stm32/libopencm3/lib/libopencm3_stm32f4.a(timer_common_all.o)
timer_enable_oc_preload                           /home/innok/piano_stm32/libopencm3/lib/libopencm3_stm32f4.a(timer_common_all.o)
timer_enable_preload                              /home/innok/piano_stm32/libopencm3/lib/libopencm3_stm32f4.a(timer_common_all.o)
timer_enable_preload_complementry_enable_bits     /home/innok/piano_stm32/libopencm3/lib/libopencm3_stm32f4.a(timer_common_all.o)
timer_enable_update_event                         /home/innok/piano_stm32/libopencm3/lib/libopencm3_stm32f4.a(timer_common_all.o)
timer_generate_event                              /home/innok/piano_stm32/libopencm3/lib/libopencm3_stm32f4.a(timer_common_all.o)
timer_get_counter                                 /home/innok/piano_stm32/libopencm3/lib/libopencm3_stm32f4.a(timer_common_all.o)
timer_get_flag                                    /home/innok/piano_stm32/libopencm3/lib/libopencm3_stm32f4.a(timer_common_all.o)
timer_ic_disable                                  /home/innok/piano_stm32/libopencm3/lib/libopencm3_stm32f4.a(timer_common_all.o)
timer_ic_enable                                   /home/innok/piano_stm32/libopencm3/lib/libopencm3_stm32f4.a(timer_common_all.o)
timer_ic_set_filter                               /home/innok/piano_stm32/libopencm3/lib/libopencm3_stm32f4.a(timer_common_all.o)
timer_ic_set_input                                /home/innok/piano_stm32/libopencm3/lib/libopencm3_stm32f4.a(timer_common_all.o)
timer_ic_set_prescaler                            /home/innok/piano_stm32/libopencm3/lib/libopencm3_stm32f4.a(timer_common_all.o)
timer_interrupt_source                            /home/innok/piano_stm32/libopencm3/lib/libopencm3_stm32f4.a(timer_common_all.o)
timer_one_shot_mode                               /home/innok/piano_stm32/libopencm3/lib/libopencm3_stm32f4.a(timer_common_all.o)
timer_reset_output_idle_state                     /home/innok/piano_stm32/libopencm3/lib/libopencm3_stm32f4.a(timer_common_all.o)
timer_set_alignment                               /home/innok/piano_stm32/libopencm3/lib/libopencm3_stm32f4.a(timer_common_all.o)
timer_set_break_lock                              /home/innok/piano_stm32/libopencm3/lib/libopencm3_stm32f4.a(timer_common_all.o)
timer_set_break_polarity_high                     /home/innok/piano_stm32/libopencm3/lib/libopencm3_stm32f4.a(timer_common_all.o)
timer_set_break_polarity_low                      /home/innok/piano_stm32/libopencm3/lib/libopencm3_stm32f4.a(timer_common_all.o)
timer_set_clock_division                          /home/innok/piano_stm32/libopencm3/lib/libopencm3_stm32f4.a(timer_common_all.o)
timer_set_counter                                 /home/innok/piano_stm32/libopencm3/lib/libopencm3_stm32f4.a(timer_common_all.o)
timer_set_deadtime                                /home/innok/piano_stm32/libopencm3/lib/libopencm3_stm32f4.a(timer_common_all.o)
timer_set_disabled_off_state_in_idle_mode         /home/innok/piano_stm32/libopencm3/lib/libopencm3_stm32f4.a(timer_common_all.o)
timer_set_disabled_off_state_in_run_mode          /home/innok/piano_stm32/libopencm3/lib/libopencm3_stm32f4.a(timer_common_all.o)
timer_set_dma_on_compare_event                    /home/innok/piano_stm32/libopencm3/lib/libopencm3_stm32f4.a(timer_common_all.o)
timer_set_dma_on_update_event                     /home/innok/piano_stm32/libopencm3/lib/libopencm3_stm32f4.a(timer_common_all.o)
timer_set_enabled_off_state_in_idle_mode          /home/innok/piano_stm32/libopencm3/lib/libopencm3_stm32f4.a(timer_common_all.o)
timer_set_enabled_off_state_in_run_mode           /home/innok/piano_stm32/libopencm3/lib/libopencm3_stm32f4.a(timer_common_all.o)
timer_set_master_mode                             /home/innok/piano_stm32/libopencm3/lib/libopencm3_stm32f4.a(timer_common_all.o)
timer_set_mode                                    /home/innok/piano_stm32/libopencm3/lib/libopencm3_stm32f4.a(timer_common_all.o)
timer_set_oc_fast_mode                            /home/innok/piano_stm32/libopencm3/lib/libopencm3_stm32f4.a(timer_common_all.o)
timer_set_oc_idle_state_set                       /home/innok/piano_stm32/libopencm3/lib/libopencm3_stm32f4.a(timer_common_all.o)
timer_set_oc_idle_state_unset                     /home/innok/piano_stm32/libopencm3/lib/libopencm3_stm32f4.a(timer_common_all.o)
timer_set_oc_mode                                 /home/innok/piano_stm32/libopencm3/lib/libopencm3_stm32f4.a(timer_common_all.o)
timer_set_oc_polarity_high                        /home/innok/piano_stm32/libopencm3/lib/libopencm3_stm32f4.a(timer_common_all.o)
timer_set_oc_polarity_low                         /home/innok/piano_stm32/libopencm3/lib/libopencm3_stm32f4.a(timer_common_all.o)
timer_set_oc_slow_mode                            /home/innok/piano_stm32/libopencm3/lib/libopencm3_stm32f4.a(timer_common_all.o)
timer_set_oc_value                                /home/innok/piano_stm32/libopencm3/lib/libopencm3_stm32f4.a(timer_common_all.o)
timer_set_output_idle_state                       /home/innok/piano_stm32/libopencm3/lib/libopencm3_stm32f4.a(timer_common_all.o)
timer_set_period                                  /home/innok/piano_stm32/libopencm3/lib/libopencm3_stm32f4.a(timer_common_all.o)
                                                  main.o
timer_set_prescaler                               /home/innok/piano_stm32/libopencm3/lib/libopencm3_stm32f4.a(timer_common_all.o)
                                                  main.o
timer_set_repetition_counter                      /home/innok/piano_stm32/libopencm3/lib/libopencm3_stm32f4.a(timer_common_all.o)
timer_set_ti1_ch1                                 /home/innok/piano_stm32/libopencm3/lib/libopencm3_stm32f4.a(timer_common_all.o)
timer_set_ti1_ch123_xor                           /home/innok/piano_stm32/libopencm3/lib/libopencm3_stm32f4.a(timer_common_all.o)
timer_setup                                       main.o
timer_slave_set_extclockmode2                     /home/innok/piano_stm32/libopencm3/lib/libopencm3_stm32f4.a(timer_common_all.o)
timer_slave_set_filter                            /home/innok/piano_stm32/libopencm3/lib/libopencm3_stm32f4.a(timer_common_all.o)
timer_slave_set_mode                              /home/innok/piano_stm32/libopencm3/lib/libopencm3_stm32f4.a(timer_common_all.o)
timer_slave_set_polarity                          /home/innok/piano_stm32/libopencm3/lib/libopencm3_stm32f4.a(timer_common_all.o)
timer_slave_set_prescaler                         /home/innok/piano_stm32/libopencm3/lib/libopencm3_stm32f4.a(timer_common_all.o)
timer_slave_set_trigger                           /home/innok/piano_stm32/libopencm3/lib/libopencm3_stm32f4.a(timer_common_all.o)
timer_update_on_any                               /home/innok/piano_stm32/libopencm3/lib/libopencm3_stm32f4.a(timer_common_all.o)
timer_update_on_overflow                          /home/innok/piano_stm32/libopencm3/lib/libopencm3_stm32f4.a(timer_common_all.o)
uart4_isr                                         /home/innok/piano_stm32/libopencm3/lib/libopencm3_stm32f4.a(vector.o)
uart5_isr                                         /home/innok/piano_stm32/libopencm3/lib/libopencm3_stm32f4.a(vector.o)
uart7_isr                                         /home/innok/piano_stm32/libopencm3/lib/libopencm3_stm32f4.a(vector.o)
uart8_isr                                         /home/innok/piano_stm32/libopencm3/lib/libopencm3_stm32f4.a(vector.o)
usage_fault_handler                               /home/innok/piano_stm32/libopencm3/lib/libopencm3_stm32f4.a(vector.o)
usart1_isr                                        /home/innok/piano_stm32/libopencm3/lib/libopencm3_stm32f4.a(vector.o)
usart2_isr                                        /home/innok/piano_stm32/libopencm3/lib/libopencm3_stm32f4.a(vector.o)
usart3_isr                                        /home/innok/piano_stm32/libopencm3/lib/libopencm3_stm32f4.a(vector.o)
usart6_isr                                        /home/innok/piano_stm32/libopencm3/lib/libopencm3_stm32f4.a(vector.o)
usart_setup                                       main.o
usb_fs_wkup_isr                                   /home/innok/piano_stm32/libopencm3/lib/libopencm3_stm32f4.a(vector.o)
vector_table                                      /home/innok/piano_stm32/libopencm3/lib/libopencm3_stm32f4.a(vector.o)
